  ok  F9_R2_natural_q1       LOGICAL substrat: zapisy=3000 bajty=27000  publiczne: rekordy=3000
  ok  F9_R2_manual_q1        LOGICAL substrat: zapisy=3000 bajty=27000  publiczne: rekordy=3000
  ok  F9_R2_natural_q2       LOGICAL substrat: zapisy=6000 bajty=54000  publiczne: rekordy=6000
  ok  F9_R2_manual_q2        LOGICAL substrat: zapisy=3000 bajty=27000  publiczne: rekordy=6000
  ok  F9_R2_natural_q4       LOGICAL substrat: zapisy=12000 bajty=108000  publiczne: rekordy=12000
  ok  F9_R2_manual_q4        LOGICAL substrat: zapisy=3000 bajty=27000  publiczne: rekordy=12000
  ok  F9_R2_natural_q8       LOGICAL substrat: zapisy=24000 bajty=216000  publiczne: rekordy=24000
  ok  F9_R2_manual_q8        LOGICAL substrat: zapisy=3000 bajty=27000  publiczne: rekordy=24000
  ok  F9_R2_natural_q16      LOGICAL substrat: zapisy=48000 bajty=432000  publiczne: rekordy=48000
  ok  F9_R2_manual_q16       LOGICAL substrat: zapisy=3000 bajty=27000  publiczne: rekordy=48000
  ok  F9_R2_natural_q32      LOGICAL substrat: zapisy=96000 bajty=864000  publiczne: rekordy=96000
  ok  F9_R2_manual_q32       LOGICAL substrat: zapisy=3000 bajty=27000  publiczne: rekordy=96000
  ok  F9_R1_natural_q1       LOGICAL substrat: zapisy=4500 bajty=40500  publiczne: rekordy=4500
  ok  F9_R1_manual_q1        LOGICAL substrat: zapisy=4500 bajty=40500  publiczne: rekordy=4500
  ok  F9_R1_natural_q2       LOGICAL substrat: zapisy=9000 bajty=81000  publiczne: rekordy=9000
  ok  F9_R1_manual_q2        LOGICAL substrat: zapisy=4500 bajty=40500  publiczne: rekordy=9000
  ok  F9_R1_natural_q4       LOGICAL substrat: zapisy=18000 bajty=162000  publiczne: rekordy=18000
  ok  F9_R1_manual_q4        LOGICAL substrat: zapisy=4500 bajty=40500  publiczne: rekordy=18000
  ok  F9_R1_natural_q8       LOGICAL substrat: zapisy=36000 bajty=324000  publiczne: rekordy=36000
  ok  F9_R1_manual_q8        LOGICAL substrat: zapisy=4500 bajty=40500  publiczne: rekordy=36000
  ok  F9_R1_natural_q16      LOGICAL substrat: zapisy=72000 bajty=648000  publiczne: rekordy=72000
  ok  F9_R1_manual_q16       LOGICAL substrat: zapisy=4500 bajty=40500  publiczne: rekordy=72000
  ok  F9_R1_natural_q32      LOGICAL substrat: zapisy=144000 bajty=1296000  publiczne: rekordy=144000
  ok  F9_R1_manual_q32       LOGICAL substrat: zapisy=4500 bajty=40500  publiczne: rekordy=144000
  ok  F9_X_natural_q1        LOGICAL substrat: zapisy=18000 bajty=162000  publiczne: rekordy=4500
  ok  F9_X_manual_q1         LOGICAL substrat: zapisy=22500 bajty=202500  publiczne: rekordy=4500
  ok  F9_X_natural_q2        LOGICAL substrat: zapisy=36000 bajty=324000  publiczne: rekordy=9000
  ok  F9_X_manual_q2         LOGICAL substrat: zapisy=22500 bajty=202500  publiczne: rekordy=9000
  ok  F9_X_natural_q4        LOGICAL substrat: zapisy=72000 bajty=648000  publiczne: rekordy=18000
  ok  F9_X_manual_q4         LOGICAL substrat: zapisy=22500 bajty=202500  publiczne: rekordy=18000
  ok  F9_X_natural_q8        LOGICAL substrat: zapisy=144000 bajty=1296000  publiczne: rekordy=36000
  ok  F9_X_manual_q8         LOGICAL substrat: zapisy=22500 bajty=202500  publiczne: rekordy=36000
  ok  F9_X_natural_q16       LOGICAL substrat: zapisy=288000 bajty=2592000  publiczne: rekordy=72000
  ok  F9_X_manual_q16        LOGICAL substrat: zapisy=22500 bajty=202500  publiczne: rekordy=72000
  ok  F9_X_natural_q32       LOGICAL substrat: zapisy=576000 bajty=5184000  publiczne: rekordy=144000
  ok  F9_X_manual_q32        LOGICAL substrat: zapisy=22500 bajty=202500  publiczne: rekordy=144000

OK: 36 przebiegow Flinka z env.execute(), po 3000 slotow
