
======== Input profiles ========
Profile host:
[settings]
arch=x86_64
build_type=Release
compiler=gcc
compiler.cppstd=gnu23
compiler.libcxx=libstdc++11
compiler.version=15
os=Linux
[conf]
tools.cmake.cmaketoolchain:generator=Ninja

Profile build:
[settings]
arch=x86_64
build_type=Release
compiler=gcc
compiler.cppstd=gnu23
compiler.libcxx=libstdc++11
compiler.version=15
os=Linux
[conf]
tools.cmake.cmaketoolchain:generator=Ninja


======== Computing dependency graph ========
Graph root
    conanfile.py (retractordb/0.1.8): /home/michal/github/retractordb/conanfile.py
Requirements
    antlr4/4.13.1#c5ac7d11bd74b64564ec5bab66791fbd - Cache
    antlr4-cppruntime/4.13.2#cc92480070ebd971aada9faf2be36f9f - Cache
    boost/1.91.0#ea540ca2133d831b560036aa24dece3c - Cache
    fmt/12.1.0#50abab23274d56bb8f42c94b3b9a40c7 - Cache
    gtest/1.17.0#5224b3b3ff3b4ce1133cbdd27d53ee7d - Cache
    libbacktrace/cci.20210118#a7691bfccd8caaf66309df196790a5a1 - Cache
    magic_enum/0.9.7#a67beaf011152f3d3af1a366975b1a1b - Cache
    openjdk/21.0.1#d501945d7bd0389210414c627b6bbb29 - Cache
    spdlog/1.17.0#bcbaaf7147bda6ad24ffbd1ac3d7142c - Cache
    tomlplusplus/3.4.0#85dbfed71376fb8dc23cdcc0570e4727 - Cache
Build requirements
    b2/5.4.2#ffd6084a119587e70f11cd45d1a386e2 - Cache
    cmake/4.3.2#5bae0b181463ca4dc3e924a981367ee6 - Cache
Resolved version ranges
    b2/[>=5.2 <6]: b2/5.4.2
    cmake/[>=3.16]: cmake/4.3.2
    cmake/[>=3.25]: cmake/4.3.2

======== Computing necessary packages ========
Requirements
    antlr4-cppruntime/4.13.2#cc92480070ebd971aada9faf2be36f9f:081aafdb762533c7574235d2d780198f27eeade6#356d0af301ad094a83cef75fa2d40bbb - Cache
    antlr4/4.13.1#c5ac7d11bd74b64564ec5bab66791fbd:9a4eb3c8701508aa9458b1a73d0633783ecc2270#d2dbc358120a79d905071e43c03d5875 - Cache
    boost/1.91.0#ea540ca2133d831b560036aa24dece3c:c54620ae3879475dc690c00767f7e5f08524f443#d39a31402120dd37c9e9ba611d3263d2 - Cache
    fmt/12.1.0#50abab23274d56bb8f42c94b3b9a40c7:4dc1f9c66382dca1e2249f3cfe2d32c0e3293c03#2757df5d631b3a8722e7d1d4d21f9e9a - Cache
    gtest/1.17.0#5224b3b3ff3b4ce1133cbdd27d53ee7d:7e1378faec44426a72c2da20c47dfdcef81dcaa9#51c42f2a133f1852c80a3927a43dc2a2 - Cache
    libbacktrace/cci.20210118#a7691bfccd8caaf66309df196790a5a1:5172837b05c2f087e99d128455aac37041416625#14d9accb53a81c3181247efc30ad4acf - Cache
    magic_enum/0.9.7#a67beaf011152f3d3af1a366975b1a1b:da39a3ee5e6b4b0d3255bfef95601890afd80709#cc01b5735c5ec0de264afc94e6a328c9 - Cache
    openjdk/21.0.1#d501945d7bd0389210414c627b6bbb29:63fead0844576fc02943e16909f08fcdddd6f44b#fc37ca1a519ddbdb4cfd9d222abfa20e - Cache
    spdlog/1.17.0#bcbaaf7147bda6ad24ffbd1ac3d7142c:da39a3ee5e6b4b0d3255bfef95601890afd80709#14254cd558ea53bc65947692aaadfb80 - Cache
    tomlplusplus/3.4.0#85dbfed71376fb8dc23cdcc0570e4727:da39a3ee5e6b4b0d3255bfef95601890afd80709#310ad233754420a41a3c26a824ececd6 - Cache
Build requirements
    cmake/4.3.2#5bae0b181463ca4dc3e924a981367ee6:63fead0844576fc02943e16909f08fcdddd6f44b#edaca5224c841d042ff8bdef242a31a2 - Cache
Skipped binaries
    b2/5.4.2

======== Installing packages ========
antlr4-cppruntime/4.13.2: Already installed! (1 of 11)
cmake/4.3.2: Already installed! (2 of 11)
fmt/12.1.0: Already installed! (3 of 11)
libbacktrace/cci.20210118: Already installed! (4 of 11)
magic_enum/0.9.7: Already installed! (5 of 11)
openjdk/21.0.1: Already installed! (6 of 11)
openjdk/21.0.1: Creating JAVA_HOME environment variable with : /home/michal/.conan2/p/b/openjcfd96bab9b43d/p
tomlplusplus/3.4.0: Already installed! (7 of 11)
gtest/1.17.0: Already installed! (8 of 11)
antlr4/4.13.1: Already installed! (9 of 11)
boost/1.91.0: Already installed! (10 of 11)
spdlog/1.17.0: Already installed! (11 of 11)
WARN: deprecated: Usage of deprecated Conan 1.X features that will be removed in Conan 2.X:
WARN: deprecated:     'cpp_info.filenames' used in: antlr4-cppruntime/4.13.2, boost/1.91.0
WARN: deprecated:     'cpp_info.build_modules' used in: antlr4-cppruntime/4.13.2
WARN: deprecated:     'env_info' used in: boost/1.91.0, openjdk/21.0.1
WARN: deprecated:     'cpp_info.names' used in: boost/1.91.0
WARN: deprecated:     'user_info' used in: boost/1.91.0

======== Finalizing install (deploy, generators) ========
conanfile.py (retractordb/0.1.8): Writing generators to /home/michal/github/retractordb/build/Conan-K5r-Profiles/build/Release/generators
conanfile.py (retractordb/0.1.8): Generator 'CMakeToolchain' calling 'generate()'
conanfile.py (retractordb/0.1.8): CMakeToolchain generated: conan_toolchain.cmake
conanfile.py (retractordb/0.1.8): CMakeToolchain: Preset 'conan-release' added to CMakePresets.json.
    (cmake>=3.23) cmake --preset conan-release
    (cmake<3.23) cmake <path> -G Ninja -DCMAKE_TOOLCHAIN_FILE=<output_folder>/generators/conan_toolchain.cmake  -DCMAKE_POLICY_DEFAULT_CMP0091=NEW -DCMAKE_BUILD_TYPE=Release
conanfile.py (retractordb/0.1.8): CMakeToolchain generated: /home/michal/github/retractordb/build/Conan-K5r-Profiles/build/Release/generators/CMakePresets.json
conanfile.py (retractordb/0.1.8): CMakeToolchain generated: /home/michal/github/retractordb/CMakeUserPresets.json
conanfile.py (retractordb/0.1.8): Generator 'CMakeDeps' calling 'generate()'
conanfile.py (retractordb/0.1.8): CMakeDeps necessary find_package() and targets for your CMakeLists.txt
    find_package(Boost)
    find_package(GTest)
    find_package(antlr4-runtime)
    find_package(antlr4)
    find_package(spdlog)
    find_package(openjdk)
    find_package(magic_enum)
    find_package(tomlplusplus)
    target_link_libraries(... boost::boost gtest::gtest antlr4_static antlr4::antlr4 spdlog::spdlog_header_only openjdk::openjdk magic_enum::magic_enum tomlplusplus::tomlplusplus)
conanfile.py (retractordb/0.1.8): Generator 'VirtualBuildEnv' calling 'generate()'
conanfile.py (retractordb/0.1.8): Generating aggregated env files
conanfile.py (retractordb/0.1.8): Generated aggregated env files: ['conanbuild.sh', 'conanrun.sh']
Install finished successfully
