:STORAGE	temp/
ecg(1/360)	rec205
	MLII: INTEGER
	V1: INTEGER
mlii(1/360)
	:- PUSH_STREAM(ecg)
	mlii_0: INTEGER
		PUSH_ID(mlii[0])
mlii_win(1/360)	tail=25
	:- PUSH_STREAM(mlii)
	:- STREAM_AGSE(1,25)
	mlii_0: INTEGER
		PUSH_ID(mlii_win[0])
	mlii_1: INTEGER
		PUSH_ID(mlii_win[1])
	mlii_2: INTEGER
		PUSH_ID(mlii_win[2])
	mlii_3: INTEGER
		PUSH_ID(mlii_win[3])
	mlii_4: INTEGER
		PUSH_ID(mlii_win[4])
	mlii_5: INTEGER
		PUSH_ID(mlii_win[5])
	mlii_6: INTEGER
		PUSH_ID(mlii_win[6])
	mlii_7: INTEGER
		PUSH_ID(mlii_win[7])
	mlii_8: INTEGER
		PUSH_ID(mlii_win[8])
	mlii_9: INTEGER
		PUSH_ID(mlii_win[9])
	mlii_10: INTEGER
		PUSH_ID(mlii_win[10])
	mlii_11: INTEGER
		PUSH_ID(mlii_win[11])
	mlii_12: INTEGER
		PUSH_ID(mlii_win[12])
	mlii_13: INTEGER
		PUSH_ID(mlii_win[13])
	mlii_14: INTEGER
		PUSH_ID(mlii_win[14])
	mlii_15: INTEGER
		PUSH_ID(mlii_win[15])
	mlii_16: INTEGER
		PUSH_ID(mlii_win[16])
	mlii_17: INTEGER
		PUSH_ID(mlii_win[17])
	mlii_18: INTEGER
		PUSH_ID(mlii_win[18])
	mlii_19: INTEGER
		PUSH_ID(mlii_win[19])
	mlii_20: INTEGER
		PUSH_ID(mlii_win[20])
	mlii_21: INTEGER
		PUSH_ID(mlii_win[21])
	mlii_22: INTEGER
		PUSH_ID(mlii_win[22])
	mlii_23: INTEGER
		PUSH_ID(mlii_win[23])
	mlii_24: INTEGER
		PUSH_ID(mlii_win[24])
bpf(1/1)	bp_coef.txt
	bp_coef: INTEGER
bp_acc(1/360)	tail=25
	:- PUSH_STREAM(mlii_win)
	:- PUSH_STREAM(bpf)
	:- STREAM_ADD
	bp_acc_0: INTEGER
		PUSH_ID(bp_acc[0])
		PUSH_ID(bp_acc[25])
		MULTIPLY
	bp_acc_1: INTEGER
		PUSH_ID(bp_acc[1])
		PUSH_ID(bp_acc[26])
		MULTIPLY
	bp_acc_2: INTEGER
		PUSH_ID(bp_acc[2])
		PUSH_ID(bp_acc[27])
		MULTIPLY
	bp_acc_3: INTEGER
		PUSH_ID(bp_acc[3])
		PUSH_ID(bp_acc[28])
		MULTIPLY
	bp_acc_4: INTEGER
		PUSH_ID(bp_acc[4])
		PUSH_ID(bp_acc[29])
		MULTIPLY
	bp_acc_5: INTEGER
		PUSH_ID(bp_acc[5])
		PUSH_ID(bp_acc[30])
		MULTIPLY
	bp_acc_6: INTEGER
		PUSH_ID(bp_acc[6])
		PUSH_ID(bp_acc[31])
		MULTIPLY
	bp_acc_7: INTEGER
		PUSH_ID(bp_acc[7])
		PUSH_ID(bp_acc[32])
		MULTIPLY
	bp_acc_8: INTEGER
		PUSH_ID(bp_acc[8])
		PUSH_ID(bp_acc[33])
		MULTIPLY
	bp_acc_9: INTEGER
		PUSH_ID(bp_acc[9])
		PUSH_ID(bp_acc[34])
		MULTIPLY
	bp_acc_10: INTEGER
		PUSH_ID(bp_acc[10])
		PUSH_ID(bp_acc[35])
		MULTIPLY
	bp_acc_11: INTEGER
		PUSH_ID(bp_acc[11])
		PUSH_ID(bp_acc[36])
		MULTIPLY
	bp_acc_12: INTEGER
		PUSH_ID(bp_acc[12])
		PUSH_ID(bp_acc[37])
		MULTIPLY
	bp_acc_13: INTEGER
		PUSH_ID(bp_acc[13])
		PUSH_ID(bp_acc[38])
		MULTIPLY
	bp_acc_14: INTEGER
		PUSH_ID(bp_acc[14])
		PUSH_ID(bp_acc[39])
		MULTIPLY
	bp_acc_15: INTEGER
		PUSH_ID(bp_acc[15])
		PUSH_ID(bp_acc[40])
		MULTIPLY
	bp_acc_16: INTEGER
		PUSH_ID(bp_acc[16])
		PUSH_ID(bp_acc[41])
		MULTIPLY
	bp_acc_17: INTEGER
		PUSH_ID(bp_acc[17])
		PUSH_ID(bp_acc[42])
		MULTIPLY
	bp_acc_18: INTEGER
		PUSH_ID(bp_acc[18])
		PUSH_ID(bp_acc[43])
		MULTIPLY
	bp_acc_19: INTEGER
		PUSH_ID(bp_acc[19])
		PUSH_ID(bp_acc[44])
		MULTIPLY
	bp_acc_20: INTEGER
		PUSH_ID(bp_acc[20])
		PUSH_ID(bp_acc[45])
		MULTIPLY
	bp_acc_21: INTEGER
		PUSH_ID(bp_acc[21])
		PUSH_ID(bp_acc[46])
		MULTIPLY
	bp_acc_22: INTEGER
		PUSH_ID(bp_acc[22])
		PUSH_ID(bp_acc[47])
		MULTIPLY
	bp_acc_23: INTEGER
		PUSH_ID(bp_acc[23])
		PUSH_ID(bp_acc[48])
		MULTIPLY
	bp_acc_24: INTEGER
		PUSH_ID(bp_acc[24])
		PUSH_ID(bp_acc[49])
		MULTIPLY
bp_out(1/360)	tail=25
	:- PUSH_STREAM(bp_acc)
	:- STREAM_SUM
	bp_out_0: INTEGER
		PUSH_ID(bp_out[0])
		PUSH_VAL(1000)
		DIVIDE
bp_win(1/360)	tail=30
	:- PUSH_STREAM(bp_out)
	:- STREAM_AGSE(1,5)
	bp_out_0: INTEGER
		PUSH_ID(bp_win[0])
	bp_out_1: INTEGER
		PUSH_ID(bp_win[1])
	bp_out_2: INTEGER
		PUSH_ID(bp_win[2])
	bp_out_3: INTEGER
		PUSH_ID(bp_win[3])
	bp_out_4: INTEGER
		PUSH_ID(bp_win[4])
df(1/1)	d_coef.txt
	d_coef: INTEGER
d_acc(1/360)	tail=30
	:- PUSH_STREAM(bp_win)
	:- PUSH_STREAM(df)
	:- STREAM_ADD
	d_acc_0: INTEGER
		PUSH_ID(d_acc[0])
		PUSH_ID(d_acc[5])
		MULTIPLY
	d_acc_1: INTEGER
		PUSH_ID(d_acc[1])
		PUSH_ID(d_acc[6])
		MULTIPLY
	d_acc_2: INTEGER
		PUSH_ID(d_acc[2])
		PUSH_ID(d_acc[7])
		MULTIPLY
	d_acc_3: INTEGER
		PUSH_ID(d_acc[3])
		PUSH_ID(d_acc[8])
		MULTIPLY
	d_acc_4: INTEGER
		PUSH_ID(d_acc[4])
		PUSH_ID(d_acc[9])
		MULTIPLY
d_out(1/360)	tail=30
	:- PUSH_STREAM(d_acc)
	:- STREAM_SUM
	d_out_0: INTEGER
		PUSH_ID(d_out[0])
sq_out(1/360)	tail=30
	:- PUSH_STREAM(d_out)
	sq_out_0: INTEGER
		PUSH_ID(sq_out[0])
		PUSH_ID(sq_out[0])
		MULTIPLY
		PUSH_VAL(1000)
		DIVIDE
mwi_win(1/360)	tail=75
	:- PUSH_STREAM(sq_out)
	:- STREAM_AGSE(1,45)
	sq_out_0: INTEGER
		PUSH_ID(mwi_win[0])
	sq_out_1: INTEGER
		PUSH_ID(mwi_win[1])
	sq_out_2: INTEGER
		PUSH_ID(mwi_win[2])
	sq_out_3: INTEGER
		PUSH_ID(mwi_win[3])
	sq_out_4: INTEGER
		PUSH_ID(mwi_win[4])
	sq_out_5: INTEGER
		PUSH_ID(mwi_win[5])
	sq_out_6: INTEGER
		PUSH_ID(mwi_win[6])
	sq_out_7: INTEGER
		PUSH_ID(mwi_win[7])
	sq_out_8: INTEGER
		PUSH_ID(mwi_win[8])
	sq_out_9: INTEGER
		PUSH_ID(mwi_win[9])
	sq_out_10: INTEGER
		PUSH_ID(mwi_win[10])
	sq_out_11: INTEGER
		PUSH_ID(mwi_win[11])
	sq_out_12: INTEGER
		PUSH_ID(mwi_win[12])
	sq_out_13: INTEGER
		PUSH_ID(mwi_win[13])
	sq_out_14: INTEGER
		PUSH_ID(mwi_win[14])
	sq_out_15: INTEGER
		PUSH_ID(mwi_win[15])
	sq_out_16: INTEGER
		PUSH_ID(mwi_win[16])
	sq_out_17: INTEGER
		PUSH_ID(mwi_win[17])
	sq_out_18: INTEGER
		PUSH_ID(mwi_win[18])
	sq_out_19: INTEGER
		PUSH_ID(mwi_win[19])
	sq_out_20: INTEGER
		PUSH_ID(mwi_win[20])
	sq_out_21: INTEGER
		PUSH_ID(mwi_win[21])
	sq_out_22: INTEGER
		PUSH_ID(mwi_win[22])
	sq_out_23: INTEGER
		PUSH_ID(mwi_win[23])
	sq_out_24: INTEGER
		PUSH_ID(mwi_win[24])
	sq_out_25: INTEGER
		PUSH_ID(mwi_win[25])
	sq_out_26: INTEGER
		PUSH_ID(mwi_win[26])
	sq_out_27: INTEGER
		PUSH_ID(mwi_win[27])
	sq_out_28: INTEGER
		PUSH_ID(mwi_win[28])
	sq_out_29: INTEGER
		PUSH_ID(mwi_win[29])
	sq_out_30: INTEGER
		PUSH_ID(mwi_win[30])
	sq_out_31: INTEGER
		PUSH_ID(mwi_win[31])
	sq_out_32: INTEGER
		PUSH_ID(mwi_win[32])
	sq_out_33: INTEGER
		PUSH_ID(mwi_win[33])
	sq_out_34: INTEGER
		PUSH_ID(mwi_win[34])
	sq_out_35: INTEGER
		PUSH_ID(mwi_win[35])
	sq_out_36: INTEGER
		PUSH_ID(mwi_win[36])
	sq_out_37: INTEGER
		PUSH_ID(mwi_win[37])
	sq_out_38: INTEGER
		PUSH_ID(mwi_win[38])
	sq_out_39: INTEGER
		PUSH_ID(mwi_win[39])
	sq_out_40: INTEGER
		PUSH_ID(mwi_win[40])
	sq_out_41: INTEGER
		PUSH_ID(mwi_win[41])
	sq_out_42: INTEGER
		PUSH_ID(mwi_win[42])
	sq_out_43: INTEGER
		PUSH_ID(mwi_win[43])
	sq_out_44: INTEGER
		PUSH_ID(mwi_win[44])
mwi(1/360)	tail=75
	:- PUSH_STREAM(mwi_win)
	:- STREAM_AVG
	mwi_0: INTEGER
		PUSH_ID(mwi[0])
STREAM_ADD_mlii_mwi(1/360)	tail=75
	:- PUSH_STREAM(mlii)
	:- PUSH_STREAM(mwi)
	:- STREAM_ADD
	mlii_0: INTEGER
		PUSH_ID(STREAM_ADD_mlii_mwi[0])
	mwi_1: INTEGER
		PUSH_ID(STREAM_ADD_mlii_mwi[1])
mwi_long(1/360)	tail=255
	:- PUSH_STREAM(mwi)
	:- STREAM_AGSE(1,180)
	mwi_0: INTEGER
		PUSH_ID(mwi_long[0])
	mwi_1: INTEGER
		PUSH_ID(mwi_long[1])
	mwi_2: INTEGER
		PUSH_ID(mwi_long[2])
	mwi_3: INTEGER
		PUSH_ID(mwi_long[3])
	mwi_4: INTEGER
		PUSH_ID(mwi_long[4])
	mwi_5: INTEGER
		PUSH_ID(mwi_long[5])
	mwi_6: INTEGER
		PUSH_ID(mwi_long[6])
	mwi_7: INTEGER
		PUSH_ID(mwi_long[7])
	mwi_8: INTEGER
		PUSH_ID(mwi_long[8])
	mwi_9: INTEGER
		PUSH_ID(mwi_long[9])
	mwi_10: INTEGER
		PUSH_ID(mwi_long[10])
	mwi_11: INTEGER
		PUSH_ID(mwi_long[11])
	mwi_12: INTEGER
		PUSH_ID(mwi_long[12])
	mwi_13: INTEGER
		PUSH_ID(mwi_long[13])
	mwi_14: INTEGER
		PUSH_ID(mwi_long[14])
	mwi_15: INTEGER
		PUSH_ID(mwi_long[15])
	mwi_16: INTEGER
		PUSH_ID(mwi_long[16])
	mwi_17: INTEGER
		PUSH_ID(mwi_long[17])
	mwi_18: INTEGER
		PUSH_ID(mwi_long[18])
	mwi_19: INTEGER
		PUSH_ID(mwi_long[19])
	mwi_20: INTEGER
		PUSH_ID(mwi_long[20])
	mwi_21: INTEGER
		PUSH_ID(mwi_long[21])
	mwi_22: INTEGER
		PUSH_ID(mwi_long[22])
	mwi_23: INTEGER
		PUSH_ID(mwi_long[23])
	mwi_24: INTEGER
		PUSH_ID(mwi_long[24])
	mwi_25: INTEGER
		PUSH_ID(mwi_long[25])
	mwi_26: INTEGER
		PUSH_ID(mwi_long[26])
	mwi_27: INTEGER
		PUSH_ID(mwi_long[27])
	mwi_28: INTEGER
		PUSH_ID(mwi_long[28])
	mwi_29: INTEGER
		PUSH_ID(mwi_long[29])
	mwi_30: INTEGER
		PUSH_ID(mwi_long[30])
	mwi_31: INTEGER
		PUSH_ID(mwi_long[31])
	mwi_32: INTEGER
		PUSH_ID(mwi_long[32])
	mwi_33: INTEGER
		PUSH_ID(mwi_long[33])
	mwi_34: INTEGER
		PUSH_ID(mwi_long[34])
	mwi_35: INTEGER
		PUSH_ID(mwi_long[35])
	mwi_36: INTEGER
		PUSH_ID(mwi_long[36])
	mwi_37: INTEGER
		PUSH_ID(mwi_long[37])
	mwi_38: INTEGER
		PUSH_ID(mwi_long[38])
	mwi_39: INTEGER
		PUSH_ID(mwi_long[39])
	mwi_40: INTEGER
		PUSH_ID(mwi_long[40])
	mwi_41: INTEGER
		PUSH_ID(mwi_long[41])
	mwi_42: INTEGER
		PUSH_ID(mwi_long[42])
	mwi_43: INTEGER
		PUSH_ID(mwi_long[43])
	mwi_44: INTEGER
		PUSH_ID(mwi_long[44])
	mwi_45: INTEGER
		PUSH_ID(mwi_long[45])
	mwi_46: INTEGER
		PUSH_ID(mwi_long[46])
	mwi_47: INTEGER
		PUSH_ID(mwi_long[47])
	mwi_48: INTEGER
		PUSH_ID(mwi_long[48])
	mwi_49: INTEGER
		PUSH_ID(mwi_long[49])
	mwi_50: INTEGER
		PUSH_ID(mwi_long[50])
	mwi_51: INTEGER
		PUSH_ID(mwi_long[51])
	mwi_52: INTEGER
		PUSH_ID(mwi_long[52])
	mwi_53: INTEGER
		PUSH_ID(mwi_long[53])
	mwi_54: INTEGER
		PUSH_ID(mwi_long[54])
	mwi_55: INTEGER
		PUSH_ID(mwi_long[55])
	mwi_56: INTEGER
		PUSH_ID(mwi_long[56])
	mwi_57: INTEGER
		PUSH_ID(mwi_long[57])
	mwi_58: INTEGER
		PUSH_ID(mwi_long[58])
	mwi_59: INTEGER
		PUSH_ID(mwi_long[59])
	mwi_60: INTEGER
		PUSH_ID(mwi_long[60])
	mwi_61: INTEGER
		PUSH_ID(mwi_long[61])
	mwi_62: INTEGER
		PUSH_ID(mwi_long[62])
	mwi_63: INTEGER
		PUSH_ID(mwi_long[63])
	mwi_64: INTEGER
		PUSH_ID(mwi_long[64])
	mwi_65: INTEGER
		PUSH_ID(mwi_long[65])
	mwi_66: INTEGER
		PUSH_ID(mwi_long[66])
	mwi_67: INTEGER
		PUSH_ID(mwi_long[67])
	mwi_68: INTEGER
		PUSH_ID(mwi_long[68])
	mwi_69: INTEGER
		PUSH_ID(mwi_long[69])
	mwi_70: INTEGER
		PUSH_ID(mwi_long[70])
	mwi_71: INTEGER
		PUSH_ID(mwi_long[71])
	mwi_72: INTEGER
		PUSH_ID(mwi_long[72])
	mwi_73: INTEGER
		PUSH_ID(mwi_long[73])
	mwi_74: INTEGER
		PUSH_ID(mwi_long[74])
	mwi_75: INTEGER
		PUSH_ID(mwi_long[75])
	mwi_76: INTEGER
		PUSH_ID(mwi_long[76])
	mwi_77: INTEGER
		PUSH_ID(mwi_long[77])
	mwi_78: INTEGER
		PUSH_ID(mwi_long[78])
	mwi_79: INTEGER
		PUSH_ID(mwi_long[79])
	mwi_80: INTEGER
		PUSH_ID(mwi_long[80])
	mwi_81: INTEGER
		PUSH_ID(mwi_long[81])
	mwi_82: INTEGER
		PUSH_ID(mwi_long[82])
	mwi_83: INTEGER
		PUSH_ID(mwi_long[83])
	mwi_84: INTEGER
		PUSH_ID(mwi_long[84])
	mwi_85: INTEGER
		PUSH_ID(mwi_long[85])
	mwi_86: INTEGER
		PUSH_ID(mwi_long[86])
	mwi_87: INTEGER
		PUSH_ID(mwi_long[87])
	mwi_88: INTEGER
		PUSH_ID(mwi_long[88])
	mwi_89: INTEGER
		PUSH_ID(mwi_long[89])
	mwi_90: INTEGER
		PUSH_ID(mwi_long[90])
	mwi_91: INTEGER
		PUSH_ID(mwi_long[91])
	mwi_92: INTEGER
		PUSH_ID(mwi_long[92])
	mwi_93: INTEGER
		PUSH_ID(mwi_long[93])
	mwi_94: INTEGER
		PUSH_ID(mwi_long[94])
	mwi_95: INTEGER
		PUSH_ID(mwi_long[95])
	mwi_96: INTEGER
		PUSH_ID(mwi_long[96])
	mwi_97: INTEGER
		PUSH_ID(mwi_long[97])
	mwi_98: INTEGER
		PUSH_ID(mwi_long[98])
	mwi_99: INTEGER
		PUSH_ID(mwi_long[99])
	mwi_100: INTEGER
		PUSH_ID(mwi_long[100])
	mwi_101: INTEGER
		PUSH_ID(mwi_long[101])
	mwi_102: INTEGER
		PUSH_ID(mwi_long[102])
	mwi_103: INTEGER
		PUSH_ID(mwi_long[103])
	mwi_104: INTEGER
		PUSH_ID(mwi_long[104])
	mwi_105: INTEGER
		PUSH_ID(mwi_long[105])
	mwi_106: INTEGER
		PUSH_ID(mwi_long[106])
	mwi_107: INTEGER
		PUSH_ID(mwi_long[107])
	mwi_108: INTEGER
		PUSH_ID(mwi_long[108])
	mwi_109: INTEGER
		PUSH_ID(mwi_long[109])
	mwi_110: INTEGER
		PUSH_ID(mwi_long[110])
	mwi_111: INTEGER
		PUSH_ID(mwi_long[111])
	mwi_112: INTEGER
		PUSH_ID(mwi_long[112])
	mwi_113: INTEGER
		PUSH_ID(mwi_long[113])
	mwi_114: INTEGER
		PUSH_ID(mwi_long[114])
	mwi_115: INTEGER
		PUSH_ID(mwi_long[115])
	mwi_116: INTEGER
		PUSH_ID(mwi_long[116])
	mwi_117: INTEGER
		PUSH_ID(mwi_long[117])
	mwi_118: INTEGER
		PUSH_ID(mwi_long[118])
	mwi_119: INTEGER
		PUSH_ID(mwi_long[119])
	mwi_120: INTEGER
		PUSH_ID(mwi_long[120])
	mwi_121: INTEGER
		PUSH_ID(mwi_long[121])
	mwi_122: INTEGER
		PUSH_ID(mwi_long[122])
	mwi_123: INTEGER
		PUSH_ID(mwi_long[123])
	mwi_124: INTEGER
		PUSH_ID(mwi_long[124])
	mwi_125: INTEGER
		PUSH_ID(mwi_long[125])
	mwi_126: INTEGER
		PUSH_ID(mwi_long[126])
	mwi_127: INTEGER
		PUSH_ID(mwi_long[127])
	mwi_128: INTEGER
		PUSH_ID(mwi_long[128])
	mwi_129: INTEGER
		PUSH_ID(mwi_long[129])
	mwi_130: INTEGER
		PUSH_ID(mwi_long[130])
	mwi_131: INTEGER
		PUSH_ID(mwi_long[131])
	mwi_132: INTEGER
		PUSH_ID(mwi_long[132])
	mwi_133: INTEGER
		PUSH_ID(mwi_long[133])
	mwi_134: INTEGER
		PUSH_ID(mwi_long[134])
	mwi_135: INTEGER
		PUSH_ID(mwi_long[135])
	mwi_136: INTEGER
		PUSH_ID(mwi_long[136])
	mwi_137: INTEGER
		PUSH_ID(mwi_long[137])
	mwi_138: INTEGER
		PUSH_ID(mwi_long[138])
	mwi_139: INTEGER
		PUSH_ID(mwi_long[139])
	mwi_140: INTEGER
		PUSH_ID(mwi_long[140])
	mwi_141: INTEGER
		PUSH_ID(mwi_long[141])
	mwi_142: INTEGER
		PUSH_ID(mwi_long[142])
	mwi_143: INTEGER
		PUSH_ID(mwi_long[143])
	mwi_144: INTEGER
		PUSH_ID(mwi_long[144])
	mwi_145: INTEGER
		PUSH_ID(mwi_long[145])
	mwi_146: INTEGER
		PUSH_ID(mwi_long[146])
	mwi_147: INTEGER
		PUSH_ID(mwi_long[147])
	mwi_148: INTEGER
		PUSH_ID(mwi_long[148])
	mwi_149: INTEGER
		PUSH_ID(mwi_long[149])
	mwi_150: INTEGER
		PUSH_ID(mwi_long[150])
	mwi_151: INTEGER
		PUSH_ID(mwi_long[151])
	mwi_152: INTEGER
		PUSH_ID(mwi_long[152])
	mwi_153: INTEGER
		PUSH_ID(mwi_long[153])
	mwi_154: INTEGER
		PUSH_ID(mwi_long[154])
	mwi_155: INTEGER
		PUSH_ID(mwi_long[155])
	mwi_156: INTEGER
		PUSH_ID(mwi_long[156])
	mwi_157: INTEGER
		PUSH_ID(mwi_long[157])
	mwi_158: INTEGER
		PUSH_ID(mwi_long[158])
	mwi_159: INTEGER
		PUSH_ID(mwi_long[159])
	mwi_160: INTEGER
		PUSH_ID(mwi_long[160])
	mwi_161: INTEGER
		PUSH_ID(mwi_long[161])
	mwi_162: INTEGER
		PUSH_ID(mwi_long[162])
	mwi_163: INTEGER
		PUSH_ID(mwi_long[163])
	mwi_164: INTEGER
		PUSH_ID(mwi_long[164])
	mwi_165: INTEGER
		PUSH_ID(mwi_long[165])
	mwi_166: INTEGER
		PUSH_ID(mwi_long[166])
	mwi_167: INTEGER
		PUSH_ID(mwi_long[167])
	mwi_168: INTEGER
		PUSH_ID(mwi_long[168])
	mwi_169: INTEGER
		PUSH_ID(mwi_long[169])
	mwi_170: INTEGER
		PUSH_ID(mwi_long[170])
	mwi_171: INTEGER
		PUSH_ID(mwi_long[171])
	mwi_172: INTEGER
		PUSH_ID(mwi_long[172])
	mwi_173: INTEGER
		PUSH_ID(mwi_long[173])
	mwi_174: INTEGER
		PUSH_ID(mwi_long[174])
	mwi_175: INTEGER
		PUSH_ID(mwi_long[175])
	mwi_176: INTEGER
		PUSH_ID(mwi_long[176])
	mwi_177: INTEGER
		PUSH_ID(mwi_long[177])
	mwi_178: INTEGER
		PUSH_ID(mwi_long[178])
	mwi_179: INTEGER
		PUSH_ID(mwi_long[179])
mwi_thr(1/360)	tail=255
	:- PUSH_STREAM(mwi_long)
	:- STREAM_AVG
	mwi_thr_0: INTEGER
		PUSH_ID(mwi_thr[0])
qrs_out(1/360)	tail=255
	:- PUSH_STREAM(STREAM_ADD_mlii_mwi)
	:- PUSH_STREAM(mwi_thr)
	:- STREAM_ADD
	qrs_out_0: INTEGER
		PUSH_ID(qrs_out[0])
		PUSH_VAL(900)
		SUBTRACT
	qrs_out_1: INTEGER
		PUSH_ID(qrs_out[1])
		PUSH_VAL(5)
		MULTIPLY
	qrs_out_2: INTEGER
		PUSH_ID(qrs_out[1])
		PUSH_ID(qrs_out[2])
		PUSH_VAL(2)
		MULTIPLY
		SUBTRACT
		PUSH_VAL(5)
		MULTIPLY
