:SUBSTRAT	memory
:STORAGE	temp/
A(1/10)	a.txt
	value: INTEGER
STREAM_TIMEMOVE_A(1/10)	tail=1
	:- PUSH_STREAM(A)
	:- STREAM_TIMEMOVE(1)
	value: INTEGER
		PUSH_ID(STREAM_TIMEMOVE_A[0])
B(1/5)	b.txt
	value: INTEGER
STREAM_TIMEMOVE_B(1/5)	tail=1
	:- PUSH_STREAM(B)
	:- STREAM_TIMEMOVE(1)
	value: INTEGER
		PUSH_ID(STREAM_TIMEMOVE_B[0])
w6_out_010(1/15)	tail=5
	:- PUSH_STREAM(STREAM_TIMEMOVE_A)
	:- PUSH_STREAM(STREAM_TIMEMOVE_B)
	:- STREAM_HASH
	value: INTEGER
		PUSH_ID(w6_out_010[0])
w6_out_020(1/15)	tail=5
	:- PUSH_STREAM(STREAM_TIMEMOVE_A)
	:- PUSH_STREAM(STREAM_TIMEMOVE_B)
	:- STREAM_HASH
	value: INTEGER
		PUSH_ID(w6_out_020[0])
w6_out_029(1/15)	tail=5
	:- PUSH_STREAM(STREAM_TIMEMOVE_A)
	:- PUSH_STREAM(STREAM_TIMEMOVE_B)
	:- STREAM_HASH
	value: INTEGER
		PUSH_ID(w6_out_029[0])
w6_out_031(1/15)	tail=5
	:- PUSH_STREAM(STREAM_TIMEMOVE_A)
	:- PUSH_STREAM(STREAM_TIMEMOVE_B)
	:- STREAM_HASH
	value: INTEGER
		PUSH_ID(w6_out_031[0])
w6_out_005(1/15)	tail=5
	:- PUSH_STREAM(STREAM_TIMEMOVE_A)
	:- PUSH_STREAM(STREAM_TIMEMOVE_B)
	:- STREAM_HASH
	value: INTEGER
		PUSH_ID(w6_out_005[0])
w6_out_000(1/15)	tail=5
	:- PUSH_STREAM(STREAM_TIMEMOVE_A)
	:- PUSH_STREAM(STREAM_TIMEMOVE_B)
	:- STREAM_HASH
	value: INTEGER
		PUSH_ID(w6_out_000[0])
w6_out_001(1/15)	tail=5
	:- PUSH_STREAM(STREAM_TIMEMOVE_A)
	:- PUSH_STREAM(STREAM_TIMEMOVE_B)
	:- STREAM_HASH
	value: INTEGER
		PUSH_ID(w6_out_001[0])
w6_out_002(1/15)	tail=5
	:- PUSH_STREAM(STREAM_TIMEMOVE_A)
	:- PUSH_STREAM(STREAM_TIMEMOVE_B)
	:- STREAM_HASH
	value: INTEGER
		PUSH_ID(w6_out_002[0])
w6_out_003(1/15)	tail=5
	:- PUSH_STREAM(STREAM_TIMEMOVE_A)
	:- PUSH_STREAM(STREAM_TIMEMOVE_B)
	:- STREAM_HASH
	value: INTEGER
		PUSH_ID(w6_out_003[0])
w6_out_004(1/15)	tail=5
	:- PUSH_STREAM(STREAM_TIMEMOVE_A)
	:- PUSH_STREAM(STREAM_TIMEMOVE_B)
	:- STREAM_HASH
	value: INTEGER
		PUSH_ID(w6_out_004[0])
w6_out_023(1/15)	tail=5
	:- PUSH_STREAM(STREAM_TIMEMOVE_A)
	:- PUSH_STREAM(STREAM_TIMEMOVE_B)
	:- STREAM_HASH
	value: INTEGER
		PUSH_ID(w6_out_023[0])
w6_out_006(1/15)	tail=5
	:- PUSH_STREAM(STREAM_TIMEMOVE_A)
	:- PUSH_STREAM(STREAM_TIMEMOVE_B)
	:- STREAM_HASH
	value: INTEGER
		PUSH_ID(w6_out_006[0])
w6_out_007(1/15)	tail=5
	:- PUSH_STREAM(STREAM_TIMEMOVE_A)
	:- PUSH_STREAM(STREAM_TIMEMOVE_B)
	:- STREAM_HASH
	value: INTEGER
		PUSH_ID(w6_out_007[0])
w6_out_008(1/15)	tail=5
	:- PUSH_STREAM(STREAM_TIMEMOVE_A)
	:- PUSH_STREAM(STREAM_TIMEMOVE_B)
	:- STREAM_HASH
	value: INTEGER
		PUSH_ID(w6_out_008[0])
w6_out_009(1/15)	tail=5
	:- PUSH_STREAM(STREAM_TIMEMOVE_A)
	:- PUSH_STREAM(STREAM_TIMEMOVE_B)
	:- STREAM_HASH
	value: INTEGER
		PUSH_ID(w6_out_009[0])
w6_out_011(1/15)	tail=5
	:- PUSH_STREAM(STREAM_TIMEMOVE_A)
	:- PUSH_STREAM(STREAM_TIMEMOVE_B)
	:- STREAM_HASH
	value: INTEGER
		PUSH_ID(w6_out_011[0])
w6_out_012(1/15)	tail=5
	:- PUSH_STREAM(STREAM_TIMEMOVE_A)
	:- PUSH_STREAM(STREAM_TIMEMOVE_B)
	:- STREAM_HASH
	value: INTEGER
		PUSH_ID(w6_out_012[0])
w6_out_019(1/15)	tail=5
	:- PUSH_STREAM(STREAM_TIMEMOVE_A)
	:- PUSH_STREAM(STREAM_TIMEMOVE_B)
	:- STREAM_HASH
	value: INTEGER
		PUSH_ID(w6_out_019[0])
w6_out_028(1/15)	tail=5
	:- PUSH_STREAM(STREAM_TIMEMOVE_A)
	:- PUSH_STREAM(STREAM_TIMEMOVE_B)
	:- STREAM_HASH
	value: INTEGER
		PUSH_ID(w6_out_028[0])
w6_out_027(1/15)	tail=5
	:- PUSH_STREAM(STREAM_TIMEMOVE_A)
	:- PUSH_STREAM(STREAM_TIMEMOVE_B)
	:- STREAM_HASH
	value: INTEGER
		PUSH_ID(w6_out_027[0])
w6_out_026(1/15)	tail=5
	:- PUSH_STREAM(STREAM_TIMEMOVE_A)
	:- PUSH_STREAM(STREAM_TIMEMOVE_B)
	:- STREAM_HASH
	value: INTEGER
		PUSH_ID(w6_out_026[0])
w6_out_025(1/15)	tail=5
	:- PUSH_STREAM(STREAM_TIMEMOVE_A)
	:- PUSH_STREAM(STREAM_TIMEMOVE_B)
	:- STREAM_HASH
	value: INTEGER
		PUSH_ID(w6_out_025[0])
w6_out_024(1/15)	tail=5
	:- PUSH_STREAM(STREAM_TIMEMOVE_A)
	:- PUSH_STREAM(STREAM_TIMEMOVE_B)
	:- STREAM_HASH
	value: INTEGER
		PUSH_ID(w6_out_024[0])
w6_out_014(1/15)	tail=5
	:- PUSH_STREAM(STREAM_TIMEMOVE_A)
	:- PUSH_STREAM(STREAM_TIMEMOVE_B)
	:- STREAM_HASH
	value: INTEGER
		PUSH_ID(w6_out_014[0])
w6_out_022(1/15)	tail=5
	:- PUSH_STREAM(STREAM_TIMEMOVE_A)
	:- PUSH_STREAM(STREAM_TIMEMOVE_B)
	:- STREAM_HASH
	value: INTEGER
		PUSH_ID(w6_out_022[0])
w6_out_021(1/15)	tail=5
	:- PUSH_STREAM(STREAM_TIMEMOVE_A)
	:- PUSH_STREAM(STREAM_TIMEMOVE_B)
	:- STREAM_HASH
	value: INTEGER
		PUSH_ID(w6_out_021[0])
w6_out_030(1/15)	tail=5
	:- PUSH_STREAM(STREAM_TIMEMOVE_A)
	:- PUSH_STREAM(STREAM_TIMEMOVE_B)
	:- STREAM_HASH
	value: INTEGER
		PUSH_ID(w6_out_030[0])
w6_out_018(1/15)	tail=5
	:- PUSH_STREAM(STREAM_TIMEMOVE_A)
	:- PUSH_STREAM(STREAM_TIMEMOVE_B)
	:- STREAM_HASH
	value: INTEGER
		PUSH_ID(w6_out_018[0])
w6_out_017(1/15)	tail=5
	:- PUSH_STREAM(STREAM_TIMEMOVE_A)
	:- PUSH_STREAM(STREAM_TIMEMOVE_B)
	:- STREAM_HASH
	value: INTEGER
		PUSH_ID(w6_out_017[0])
w6_out_016(1/15)	tail=5
	:- PUSH_STREAM(STREAM_TIMEMOVE_A)
	:- PUSH_STREAM(STREAM_TIMEMOVE_B)
	:- STREAM_HASH
	value: INTEGER
		PUSH_ID(w6_out_016[0])
w6_out_015(1/15)	tail=5
	:- PUSH_STREAM(STREAM_TIMEMOVE_A)
	:- PUSH_STREAM(STREAM_TIMEMOVE_B)
	:- STREAM_HASH
	value: INTEGER
		PUSH_ID(w6_out_015[0])
w6_out_013(1/15)	tail=5
	:- PUSH_STREAM(STREAM_TIMEMOVE_A)
	:- PUSH_STREAM(STREAM_TIMEMOVE_B)
	:- STREAM_HASH
	value: INTEGER
		PUSH_ID(w6_out_013[0])
