:SUBSTRAT	memory
:STORAGE	temp/
A(1/10)	a.txt
	value: INTEGER
STREAM_TIMEMOVE_A(1/10)	tail=2
	:- PUSH_STREAM(A)
	:- STREAM_TIMEMOVE(2)
	value: INTEGER
		PUSH_ID(STREAM_TIMEMOVE_A[0])
B(1/5)	b.txt
	value: INTEGER
STREAM_TIMEMOVE_B(1/5)	tail=1
	:- PUSH_STREAM(B)
	:- STREAM_TIMEMOVE(1)
	value: INTEGER
		PUSH_ID(STREAM_TIMEMOVE_B[0])
w4_out_015(1/15)	tail=5
	:- PUSH_STREAM(STREAM_TIMEMOVE_A)
	:- PUSH_STREAM(STREAM_TIMEMOVE_B)
	:- STREAM_HASH
	value: INTEGER
		PUSH_ID(w4_out_015[0])
w4_p_015(1/15)	tail=5
	:- PUSH_STREAM(w4_out_015)
	w4_p_015_0: INTEGER
		PUSH_ID(w4_p_015[0])
w4_win_015(1/15)	tail=35
	:- PUSH_STREAM(w4_p_015)
	:- STREAM_AGSE(1,30)
	w4_p_015_0: INTEGER
		PUSH_ID(w4_win_015[0])
	w4_p_015_1: INTEGER
		PUSH_ID(w4_win_015[1])
	w4_p_015_2: INTEGER
		PUSH_ID(w4_win_015[2])
	w4_p_015_3: INTEGER
		PUSH_ID(w4_win_015[3])
	w4_p_015_4: INTEGER
		PUSH_ID(w4_win_015[4])
	w4_p_015_5: INTEGER
		PUSH_ID(w4_win_015[5])
	w4_p_015_6: INTEGER
		PUSH_ID(w4_win_015[6])
	w4_p_015_7: INTEGER
		PUSH_ID(w4_win_015[7])
	w4_p_015_8: INTEGER
		PUSH_ID(w4_win_015[8])
	w4_p_015_9: INTEGER
		PUSH_ID(w4_win_015[9])
	w4_p_015_10: INTEGER
		PUSH_ID(w4_win_015[10])
	w4_p_015_11: INTEGER
		PUSH_ID(w4_win_015[11])
	w4_p_015_12: INTEGER
		PUSH_ID(w4_win_015[12])
	w4_p_015_13: INTEGER
		PUSH_ID(w4_win_015[13])
	w4_p_015_14: INTEGER
		PUSH_ID(w4_win_015[14])
	w4_p_015_15: INTEGER
		PUSH_ID(w4_win_015[15])
	w4_p_015_16: INTEGER
		PUSH_ID(w4_win_015[16])
	w4_p_015_17: INTEGER
		PUSH_ID(w4_win_015[17])
	w4_p_015_18: INTEGER
		PUSH_ID(w4_win_015[18])
	w4_p_015_19: INTEGER
		PUSH_ID(w4_win_015[19])
	w4_p_015_20: INTEGER
		PUSH_ID(w4_win_015[20])
	w4_p_015_21: INTEGER
		PUSH_ID(w4_win_015[21])
	w4_p_015_22: INTEGER
		PUSH_ID(w4_win_015[22])
	w4_p_015_23: INTEGER
		PUSH_ID(w4_win_015[23])
	w4_p_015_24: INTEGER
		PUSH_ID(w4_win_015[24])
	w4_p_015_25: INTEGER
		PUSH_ID(w4_win_015[25])
	w4_p_015_26: INTEGER
		PUSH_ID(w4_win_015[26])
	w4_p_015_27: INTEGER
		PUSH_ID(w4_win_015[27])
	w4_p_015_28: INTEGER
		PUSH_ID(w4_win_015[28])
	w4_p_015_29: INTEGER
		PUSH_ID(w4_win_015[29])
w4_avg_015(1/15)	tail=35
	:- PUSH_STREAM(w4_win_015)
	:- STREAM_AVG
	w4_avg_015_0: INTEGER
		PUSH_ID(w4_avg_015[0])
w4_out_002(1/15)	tail=5
	:- PUSH_STREAM(STREAM_TIMEMOVE_A)
	:- PUSH_STREAM(STREAM_TIMEMOVE_B)
	:- STREAM_HASH
	value: INTEGER
		PUSH_ID(w4_out_002[0])
w4_out_014(1/15)	tail=5
	:- PUSH_STREAM(STREAM_TIMEMOVE_A)
	:- PUSH_STREAM(STREAM_TIMEMOVE_B)
	:- STREAM_HASH
	value: INTEGER
		PUSH_ID(w4_out_014[0])
w4_p_014(1/15)	tail=5
	:- PUSH_STREAM(w4_out_014)
	w4_p_014_0: INTEGER
		PUSH_ID(w4_p_014[0])
w4_win_014(1/15)	tail=35
	:- PUSH_STREAM(w4_p_014)
	:- STREAM_AGSE(1,30)
	w4_p_014_0: INTEGER
		PUSH_ID(w4_win_014[0])
	w4_p_014_1: INTEGER
		PUSH_ID(w4_win_014[1])
	w4_p_014_2: INTEGER
		PUSH_ID(w4_win_014[2])
	w4_p_014_3: INTEGER
		PUSH_ID(w4_win_014[3])
	w4_p_014_4: INTEGER
		PUSH_ID(w4_win_014[4])
	w4_p_014_5: INTEGER
		PUSH_ID(w4_win_014[5])
	w4_p_014_6: INTEGER
		PUSH_ID(w4_win_014[6])
	w4_p_014_7: INTEGER
		PUSH_ID(w4_win_014[7])
	w4_p_014_8: INTEGER
		PUSH_ID(w4_win_014[8])
	w4_p_014_9: INTEGER
		PUSH_ID(w4_win_014[9])
	w4_p_014_10: INTEGER
		PUSH_ID(w4_win_014[10])
	w4_p_014_11: INTEGER
		PUSH_ID(w4_win_014[11])
	w4_p_014_12: INTEGER
		PUSH_ID(w4_win_014[12])
	w4_p_014_13: INTEGER
		PUSH_ID(w4_win_014[13])
	w4_p_014_14: INTEGER
		PUSH_ID(w4_win_014[14])
	w4_p_014_15: INTEGER
		PUSH_ID(w4_win_014[15])
	w4_p_014_16: INTEGER
		PUSH_ID(w4_win_014[16])
	w4_p_014_17: INTEGER
		PUSH_ID(w4_win_014[17])
	w4_p_014_18: INTEGER
		PUSH_ID(w4_win_014[18])
	w4_p_014_19: INTEGER
		PUSH_ID(w4_win_014[19])
	w4_p_014_20: INTEGER
		PUSH_ID(w4_win_014[20])
	w4_p_014_21: INTEGER
		PUSH_ID(w4_win_014[21])
	w4_p_014_22: INTEGER
		PUSH_ID(w4_win_014[22])
	w4_p_014_23: INTEGER
		PUSH_ID(w4_win_014[23])
	w4_p_014_24: INTEGER
		PUSH_ID(w4_win_014[24])
	w4_p_014_25: INTEGER
		PUSH_ID(w4_win_014[25])
	w4_p_014_26: INTEGER
		PUSH_ID(w4_win_014[26])
	w4_p_014_27: INTEGER
		PUSH_ID(w4_win_014[27])
	w4_p_014_28: INTEGER
		PUSH_ID(w4_win_014[28])
	w4_p_014_29: INTEGER
		PUSH_ID(w4_win_014[29])
w4_avg_014(1/15)	tail=35
	:- PUSH_STREAM(w4_win_014)
	:- STREAM_AVG
	w4_avg_014_0: INTEGER
		PUSH_ID(w4_avg_014[0])
w4_out_013(1/15)	tail=5
	:- PUSH_STREAM(STREAM_TIMEMOVE_A)
	:- PUSH_STREAM(STREAM_TIMEMOVE_B)
	:- STREAM_HASH
	value: INTEGER
		PUSH_ID(w4_out_013[0])
w4_p_013(1/15)	tail=5
	:- PUSH_STREAM(w4_out_013)
	w4_p_013_0: INTEGER
		PUSH_ID(w4_p_013[0])
w4_win_013(1/15)	tail=35
	:- PUSH_STREAM(w4_p_013)
	:- STREAM_AGSE(1,30)
	w4_p_013_0: INTEGER
		PUSH_ID(w4_win_013[0])
	w4_p_013_1: INTEGER
		PUSH_ID(w4_win_013[1])
	w4_p_013_2: INTEGER
		PUSH_ID(w4_win_013[2])
	w4_p_013_3: INTEGER
		PUSH_ID(w4_win_013[3])
	w4_p_013_4: INTEGER
		PUSH_ID(w4_win_013[4])
	w4_p_013_5: INTEGER
		PUSH_ID(w4_win_013[5])
	w4_p_013_6: INTEGER
		PUSH_ID(w4_win_013[6])
	w4_p_013_7: INTEGER
		PUSH_ID(w4_win_013[7])
	w4_p_013_8: INTEGER
		PUSH_ID(w4_win_013[8])
	w4_p_013_9: INTEGER
		PUSH_ID(w4_win_013[9])
	w4_p_013_10: INTEGER
		PUSH_ID(w4_win_013[10])
	w4_p_013_11: INTEGER
		PUSH_ID(w4_win_013[11])
	w4_p_013_12: INTEGER
		PUSH_ID(w4_win_013[12])
	w4_p_013_13: INTEGER
		PUSH_ID(w4_win_013[13])
	w4_p_013_14: INTEGER
		PUSH_ID(w4_win_013[14])
	w4_p_013_15: INTEGER
		PUSH_ID(w4_win_013[15])
	w4_p_013_16: INTEGER
		PUSH_ID(w4_win_013[16])
	w4_p_013_17: INTEGER
		PUSH_ID(w4_win_013[17])
	w4_p_013_18: INTEGER
		PUSH_ID(w4_win_013[18])
	w4_p_013_19: INTEGER
		PUSH_ID(w4_win_013[19])
	w4_p_013_20: INTEGER
		PUSH_ID(w4_win_013[20])
	w4_p_013_21: INTEGER
		PUSH_ID(w4_win_013[21])
	w4_p_013_22: INTEGER
		PUSH_ID(w4_win_013[22])
	w4_p_013_23: INTEGER
		PUSH_ID(w4_win_013[23])
	w4_p_013_24: INTEGER
		PUSH_ID(w4_win_013[24])
	w4_p_013_25: INTEGER
		PUSH_ID(w4_win_013[25])
	w4_p_013_26: INTEGER
		PUSH_ID(w4_win_013[26])
	w4_p_013_27: INTEGER
		PUSH_ID(w4_win_013[27])
	w4_p_013_28: INTEGER
		PUSH_ID(w4_win_013[28])
	w4_p_013_29: INTEGER
		PUSH_ID(w4_win_013[29])
w4_avg_013(1/15)	tail=35
	:- PUSH_STREAM(w4_win_013)
	:- STREAM_AVG
	w4_avg_013_0: INTEGER
		PUSH_ID(w4_avg_013[0])
w4_out_001(1/15)	tail=5
	:- PUSH_STREAM(STREAM_TIMEMOVE_A)
	:- PUSH_STREAM(STREAM_TIMEMOVE_B)
	:- STREAM_HASH
	value: INTEGER
		PUSH_ID(w4_out_001[0])
w4_p_001(1/15)	tail=5
	:- PUSH_STREAM(w4_out_001)
	w4_p_001_0: INTEGER
		PUSH_ID(w4_p_001[0])
w4_win_001(1/15)	tail=35
	:- PUSH_STREAM(w4_p_001)
	:- STREAM_AGSE(1,30)
	w4_p_001_0: INTEGER
		PUSH_ID(w4_win_001[0])
	w4_p_001_1: INTEGER
		PUSH_ID(w4_win_001[1])
	w4_p_001_2: INTEGER
		PUSH_ID(w4_win_001[2])
	w4_p_001_3: INTEGER
		PUSH_ID(w4_win_001[3])
	w4_p_001_4: INTEGER
		PUSH_ID(w4_win_001[4])
	w4_p_001_5: INTEGER
		PUSH_ID(w4_win_001[5])
	w4_p_001_6: INTEGER
		PUSH_ID(w4_win_001[6])
	w4_p_001_7: INTEGER
		PUSH_ID(w4_win_001[7])
	w4_p_001_8: INTEGER
		PUSH_ID(w4_win_001[8])
	w4_p_001_9: INTEGER
		PUSH_ID(w4_win_001[9])
	w4_p_001_10: INTEGER
		PUSH_ID(w4_win_001[10])
	w4_p_001_11: INTEGER
		PUSH_ID(w4_win_001[11])
	w4_p_001_12: INTEGER
		PUSH_ID(w4_win_001[12])
	w4_p_001_13: INTEGER
		PUSH_ID(w4_win_001[13])
	w4_p_001_14: INTEGER
		PUSH_ID(w4_win_001[14])
	w4_p_001_15: INTEGER
		PUSH_ID(w4_win_001[15])
	w4_p_001_16: INTEGER
		PUSH_ID(w4_win_001[16])
	w4_p_001_17: INTEGER
		PUSH_ID(w4_win_001[17])
	w4_p_001_18: INTEGER
		PUSH_ID(w4_win_001[18])
	w4_p_001_19: INTEGER
		PUSH_ID(w4_win_001[19])
	w4_p_001_20: INTEGER
		PUSH_ID(w4_win_001[20])
	w4_p_001_21: INTEGER
		PUSH_ID(w4_win_001[21])
	w4_p_001_22: INTEGER
		PUSH_ID(w4_win_001[22])
	w4_p_001_23: INTEGER
		PUSH_ID(w4_win_001[23])
	w4_p_001_24: INTEGER
		PUSH_ID(w4_win_001[24])
	w4_p_001_25: INTEGER
		PUSH_ID(w4_win_001[25])
	w4_p_001_26: INTEGER
		PUSH_ID(w4_win_001[26])
	w4_p_001_27: INTEGER
		PUSH_ID(w4_win_001[27])
	w4_p_001_28: INTEGER
		PUSH_ID(w4_win_001[28])
	w4_p_001_29: INTEGER
		PUSH_ID(w4_win_001[29])
w4_avg_001(1/15)	tail=35
	:- PUSH_STREAM(w4_win_001)
	:- STREAM_AVG
	w4_avg_001_0: INTEGER
		PUSH_ID(w4_avg_001[0])
w4_out_012(1/15)	tail=5
	:- PUSH_STREAM(STREAM_TIMEMOVE_A)
	:- PUSH_STREAM(STREAM_TIMEMOVE_B)
	:- STREAM_HASH
	value: INTEGER
		PUSH_ID(w4_out_012[0])
w4_out_003(1/15)	tail=5
	:- PUSH_STREAM(STREAM_TIMEMOVE_A)
	:- PUSH_STREAM(STREAM_TIMEMOVE_B)
	:- STREAM_HASH
	value: INTEGER
		PUSH_ID(w4_out_003[0])
w4_p_003(1/15)	tail=5
	:- PUSH_STREAM(w4_out_003)
	w4_p_003_0: INTEGER
		PUSH_ID(w4_p_003[0])
w4_p_012(1/15)	tail=5
	:- PUSH_STREAM(w4_out_012)
	w4_p_012_0: INTEGER
		PUSH_ID(w4_p_012[0])
w4_win_012(1/15)	tail=35
	:- PUSH_STREAM(w4_p_012)
	:- STREAM_AGSE(1,30)
	w4_p_012_0: INTEGER
		PUSH_ID(w4_win_012[0])
	w4_p_012_1: INTEGER
		PUSH_ID(w4_win_012[1])
	w4_p_012_2: INTEGER
		PUSH_ID(w4_win_012[2])
	w4_p_012_3: INTEGER
		PUSH_ID(w4_win_012[3])
	w4_p_012_4: INTEGER
		PUSH_ID(w4_win_012[4])
	w4_p_012_5: INTEGER
		PUSH_ID(w4_win_012[5])
	w4_p_012_6: INTEGER
		PUSH_ID(w4_win_012[6])
	w4_p_012_7: INTEGER
		PUSH_ID(w4_win_012[7])
	w4_p_012_8: INTEGER
		PUSH_ID(w4_win_012[8])
	w4_p_012_9: INTEGER
		PUSH_ID(w4_win_012[9])
	w4_p_012_10: INTEGER
		PUSH_ID(w4_win_012[10])
	w4_p_012_11: INTEGER
		PUSH_ID(w4_win_012[11])
	w4_p_012_12: INTEGER
		PUSH_ID(w4_win_012[12])
	w4_p_012_13: INTEGER
		PUSH_ID(w4_win_012[13])
	w4_p_012_14: INTEGER
		PUSH_ID(w4_win_012[14])
	w4_p_012_15: INTEGER
		PUSH_ID(w4_win_012[15])
	w4_p_012_16: INTEGER
		PUSH_ID(w4_win_012[16])
	w4_p_012_17: INTEGER
		PUSH_ID(w4_win_012[17])
	w4_p_012_18: INTEGER
		PUSH_ID(w4_win_012[18])
	w4_p_012_19: INTEGER
		PUSH_ID(w4_win_012[19])
	w4_p_012_20: INTEGER
		PUSH_ID(w4_win_012[20])
	w4_p_012_21: INTEGER
		PUSH_ID(w4_win_012[21])
	w4_p_012_22: INTEGER
		PUSH_ID(w4_win_012[22])
	w4_p_012_23: INTEGER
		PUSH_ID(w4_win_012[23])
	w4_p_012_24: INTEGER
		PUSH_ID(w4_win_012[24])
	w4_p_012_25: INTEGER
		PUSH_ID(w4_win_012[25])
	w4_p_012_26: INTEGER
		PUSH_ID(w4_win_012[26])
	w4_p_012_27: INTEGER
		PUSH_ID(w4_win_012[27])
	w4_p_012_28: INTEGER
		PUSH_ID(w4_win_012[28])
	w4_p_012_29: INTEGER
		PUSH_ID(w4_win_012[29])
w4_avg_012(1/15)	tail=35
	:- PUSH_STREAM(w4_win_012)
	:- STREAM_AVG
	w4_avg_012_0: INTEGER
		PUSH_ID(w4_avg_012[0])
w4_out_004(1/15)	tail=5
	:- PUSH_STREAM(STREAM_TIMEMOVE_A)
	:- PUSH_STREAM(STREAM_TIMEMOVE_B)
	:- STREAM_HASH
	value: INTEGER
		PUSH_ID(w4_out_004[0])
w4_out_010(1/15)	tail=5
	:- PUSH_STREAM(STREAM_TIMEMOVE_A)
	:- PUSH_STREAM(STREAM_TIMEMOVE_B)
	:- STREAM_HASH
	value: INTEGER
		PUSH_ID(w4_out_010[0])
w4_p_010(1/15)	tail=5
	:- PUSH_STREAM(w4_out_010)
	w4_p_010_0: INTEGER
		PUSH_ID(w4_p_010[0])
w4_out_000(1/15)	tail=5
	:- PUSH_STREAM(STREAM_TIMEMOVE_A)
	:- PUSH_STREAM(STREAM_TIMEMOVE_B)
	:- STREAM_HASH
	value: INTEGER
		PUSH_ID(w4_out_000[0])
w4_p_000(1/15)	tail=5
	:- PUSH_STREAM(w4_out_000)
	w4_p_000_0: INTEGER
		PUSH_ID(w4_p_000[0])
w4_out_005(1/15)	tail=5
	:- PUSH_STREAM(STREAM_TIMEMOVE_A)
	:- PUSH_STREAM(STREAM_TIMEMOVE_B)
	:- STREAM_HASH
	value: INTEGER
		PUSH_ID(w4_out_005[0])
w4_p_005(1/15)	tail=5
	:- PUSH_STREAM(w4_out_005)
	w4_p_005_0: INTEGER
		PUSH_ID(w4_p_005[0])
w4_win_003(1/15)	tail=35
	:- PUSH_STREAM(w4_p_003)
	:- STREAM_AGSE(1,30)
	w4_p_003_0: INTEGER
		PUSH_ID(w4_win_003[0])
	w4_p_003_1: INTEGER
		PUSH_ID(w4_win_003[1])
	w4_p_003_2: INTEGER
		PUSH_ID(w4_win_003[2])
	w4_p_003_3: INTEGER
		PUSH_ID(w4_win_003[3])
	w4_p_003_4: INTEGER
		PUSH_ID(w4_win_003[4])
	w4_p_003_5: INTEGER
		PUSH_ID(w4_win_003[5])
	w4_p_003_6: INTEGER
		PUSH_ID(w4_win_003[6])
	w4_p_003_7: INTEGER
		PUSH_ID(w4_win_003[7])
	w4_p_003_8: INTEGER
		PUSH_ID(w4_win_003[8])
	w4_p_003_9: INTEGER
		PUSH_ID(w4_win_003[9])
	w4_p_003_10: INTEGER
		PUSH_ID(w4_win_003[10])
	w4_p_003_11: INTEGER
		PUSH_ID(w4_win_003[11])
	w4_p_003_12: INTEGER
		PUSH_ID(w4_win_003[12])
	w4_p_003_13: INTEGER
		PUSH_ID(w4_win_003[13])
	w4_p_003_14: INTEGER
		PUSH_ID(w4_win_003[14])
	w4_p_003_15: INTEGER
		PUSH_ID(w4_win_003[15])
	w4_p_003_16: INTEGER
		PUSH_ID(w4_win_003[16])
	w4_p_003_17: INTEGER
		PUSH_ID(w4_win_003[17])
	w4_p_003_18: INTEGER
		PUSH_ID(w4_win_003[18])
	w4_p_003_19: INTEGER
		PUSH_ID(w4_win_003[19])
	w4_p_003_20: INTEGER
		PUSH_ID(w4_win_003[20])
	w4_p_003_21: INTEGER
		PUSH_ID(w4_win_003[21])
	w4_p_003_22: INTEGER
		PUSH_ID(w4_win_003[22])
	w4_p_003_23: INTEGER
		PUSH_ID(w4_win_003[23])
	w4_p_003_24: INTEGER
		PUSH_ID(w4_win_003[24])
	w4_p_003_25: INTEGER
		PUSH_ID(w4_win_003[25])
	w4_p_003_26: INTEGER
		PUSH_ID(w4_win_003[26])
	w4_p_003_27: INTEGER
		PUSH_ID(w4_win_003[27])
	w4_p_003_28: INTEGER
		PUSH_ID(w4_win_003[28])
	w4_p_003_29: INTEGER
		PUSH_ID(w4_win_003[29])
w4_avg_003(1/15)	tail=35
	:- PUSH_STREAM(w4_win_003)
	:- STREAM_AVG
	w4_avg_003_0: INTEGER
		PUSH_ID(w4_avg_003[0])
w4_p_004(1/15)	tail=5
	:- PUSH_STREAM(w4_out_004)
	w4_p_004_0: INTEGER
		PUSH_ID(w4_p_004[0])
w4_win_004(1/15)	tail=35
	:- PUSH_STREAM(w4_p_004)
	:- STREAM_AGSE(1,30)
	w4_p_004_0: INTEGER
		PUSH_ID(w4_win_004[0])
	w4_p_004_1: INTEGER
		PUSH_ID(w4_win_004[1])
	w4_p_004_2: INTEGER
		PUSH_ID(w4_win_004[2])
	w4_p_004_3: INTEGER
		PUSH_ID(w4_win_004[3])
	w4_p_004_4: INTEGER
		PUSH_ID(w4_win_004[4])
	w4_p_004_5: INTEGER
		PUSH_ID(w4_win_004[5])
	w4_p_004_6: INTEGER
		PUSH_ID(w4_win_004[6])
	w4_p_004_7: INTEGER
		PUSH_ID(w4_win_004[7])
	w4_p_004_8: INTEGER
		PUSH_ID(w4_win_004[8])
	w4_p_004_9: INTEGER
		PUSH_ID(w4_win_004[9])
	w4_p_004_10: INTEGER
		PUSH_ID(w4_win_004[10])
	w4_p_004_11: INTEGER
		PUSH_ID(w4_win_004[11])
	w4_p_004_12: INTEGER
		PUSH_ID(w4_win_004[12])
	w4_p_004_13: INTEGER
		PUSH_ID(w4_win_004[13])
	w4_p_004_14: INTEGER
		PUSH_ID(w4_win_004[14])
	w4_p_004_15: INTEGER
		PUSH_ID(w4_win_004[15])
	w4_p_004_16: INTEGER
		PUSH_ID(w4_win_004[16])
	w4_p_004_17: INTEGER
		PUSH_ID(w4_win_004[17])
	w4_p_004_18: INTEGER
		PUSH_ID(w4_win_004[18])
	w4_p_004_19: INTEGER
		PUSH_ID(w4_win_004[19])
	w4_p_004_20: INTEGER
		PUSH_ID(w4_win_004[20])
	w4_p_004_21: INTEGER
		PUSH_ID(w4_win_004[21])
	w4_p_004_22: INTEGER
		PUSH_ID(w4_win_004[22])
	w4_p_004_23: INTEGER
		PUSH_ID(w4_win_004[23])
	w4_p_004_24: INTEGER
		PUSH_ID(w4_win_004[24])
	w4_p_004_25: INTEGER
		PUSH_ID(w4_win_004[25])
	w4_p_004_26: INTEGER
		PUSH_ID(w4_win_004[26])
	w4_p_004_27: INTEGER
		PUSH_ID(w4_win_004[27])
	w4_p_004_28: INTEGER
		PUSH_ID(w4_win_004[28])
	w4_p_004_29: INTEGER
		PUSH_ID(w4_win_004[29])
w4_avg_004(1/15)	tail=35
	:- PUSH_STREAM(w4_win_004)
	:- STREAM_AVG
	w4_avg_004_0: INTEGER
		PUSH_ID(w4_avg_004[0])
w4_win_005(1/15)	tail=35
	:- PUSH_STREAM(w4_p_005)
	:- STREAM_AGSE(1,30)
	w4_p_005_0: INTEGER
		PUSH_ID(w4_win_005[0])
	w4_p_005_1: INTEGER
		PUSH_ID(w4_win_005[1])
	w4_p_005_2: INTEGER
		PUSH_ID(w4_win_005[2])
	w4_p_005_3: INTEGER
		PUSH_ID(w4_win_005[3])
	w4_p_005_4: INTEGER
		PUSH_ID(w4_win_005[4])
	w4_p_005_5: INTEGER
		PUSH_ID(w4_win_005[5])
	w4_p_005_6: INTEGER
		PUSH_ID(w4_win_005[6])
	w4_p_005_7: INTEGER
		PUSH_ID(w4_win_005[7])
	w4_p_005_8: INTEGER
		PUSH_ID(w4_win_005[8])
	w4_p_005_9: INTEGER
		PUSH_ID(w4_win_005[9])
	w4_p_005_10: INTEGER
		PUSH_ID(w4_win_005[10])
	w4_p_005_11: INTEGER
		PUSH_ID(w4_win_005[11])
	w4_p_005_12: INTEGER
		PUSH_ID(w4_win_005[12])
	w4_p_005_13: INTEGER
		PUSH_ID(w4_win_005[13])
	w4_p_005_14: INTEGER
		PUSH_ID(w4_win_005[14])
	w4_p_005_15: INTEGER
		PUSH_ID(w4_win_005[15])
	w4_p_005_16: INTEGER
		PUSH_ID(w4_win_005[16])
	w4_p_005_17: INTEGER
		PUSH_ID(w4_win_005[17])
	w4_p_005_18: INTEGER
		PUSH_ID(w4_win_005[18])
	w4_p_005_19: INTEGER
		PUSH_ID(w4_win_005[19])
	w4_p_005_20: INTEGER
		PUSH_ID(w4_win_005[20])
	w4_p_005_21: INTEGER
		PUSH_ID(w4_win_005[21])
	w4_p_005_22: INTEGER
		PUSH_ID(w4_win_005[22])
	w4_p_005_23: INTEGER
		PUSH_ID(w4_win_005[23])
	w4_p_005_24: INTEGER
		PUSH_ID(w4_win_005[24])
	w4_p_005_25: INTEGER
		PUSH_ID(w4_win_005[25])
	w4_p_005_26: INTEGER
		PUSH_ID(w4_win_005[26])
	w4_p_005_27: INTEGER
		PUSH_ID(w4_win_005[27])
	w4_p_005_28: INTEGER
		PUSH_ID(w4_win_005[28])
	w4_p_005_29: INTEGER
		PUSH_ID(w4_win_005[29])
w4_avg_005(1/15)	tail=35
	:- PUSH_STREAM(w4_win_005)
	:- STREAM_AVG
	w4_avg_005_0: INTEGER
		PUSH_ID(w4_avg_005[0])
w4_out_006(1/15)	tail=5
	:- PUSH_STREAM(STREAM_TIMEMOVE_A)
	:- PUSH_STREAM(STREAM_TIMEMOVE_B)
	:- STREAM_HASH
	value: INTEGER
		PUSH_ID(w4_out_006[0])
w4_out_008(1/15)	tail=5
	:- PUSH_STREAM(STREAM_TIMEMOVE_A)
	:- PUSH_STREAM(STREAM_TIMEMOVE_B)
	:- STREAM_HASH
	value: INTEGER
		PUSH_ID(w4_out_008[0])
w4_p_008(1/15)	tail=5
	:- PUSH_STREAM(w4_out_008)
	w4_p_008_0: INTEGER
		PUSH_ID(w4_p_008[0])
w4_win_008(1/15)	tail=35
	:- PUSH_STREAM(w4_p_008)
	:- STREAM_AGSE(1,30)
	w4_p_008_0: INTEGER
		PUSH_ID(w4_win_008[0])
	w4_p_008_1: INTEGER
		PUSH_ID(w4_win_008[1])
	w4_p_008_2: INTEGER
		PUSH_ID(w4_win_008[2])
	w4_p_008_3: INTEGER
		PUSH_ID(w4_win_008[3])
	w4_p_008_4: INTEGER
		PUSH_ID(w4_win_008[4])
	w4_p_008_5: INTEGER
		PUSH_ID(w4_win_008[5])
	w4_p_008_6: INTEGER
		PUSH_ID(w4_win_008[6])
	w4_p_008_7: INTEGER
		PUSH_ID(w4_win_008[7])
	w4_p_008_8: INTEGER
		PUSH_ID(w4_win_008[8])
	w4_p_008_9: INTEGER
		PUSH_ID(w4_win_008[9])
	w4_p_008_10: INTEGER
		PUSH_ID(w4_win_008[10])
	w4_p_008_11: INTEGER
		PUSH_ID(w4_win_008[11])
	w4_p_008_12: INTEGER
		PUSH_ID(w4_win_008[12])
	w4_p_008_13: INTEGER
		PUSH_ID(w4_win_008[13])
	w4_p_008_14: INTEGER
		PUSH_ID(w4_win_008[14])
	w4_p_008_15: INTEGER
		PUSH_ID(w4_win_008[15])
	w4_p_008_16: INTEGER
		PUSH_ID(w4_win_008[16])
	w4_p_008_17: INTEGER
		PUSH_ID(w4_win_008[17])
	w4_p_008_18: INTEGER
		PUSH_ID(w4_win_008[18])
	w4_p_008_19: INTEGER
		PUSH_ID(w4_win_008[19])
	w4_p_008_20: INTEGER
		PUSH_ID(w4_win_008[20])
	w4_p_008_21: INTEGER
		PUSH_ID(w4_win_008[21])
	w4_p_008_22: INTEGER
		PUSH_ID(w4_win_008[22])
	w4_p_008_23: INTEGER
		PUSH_ID(w4_win_008[23])
	w4_p_008_24: INTEGER
		PUSH_ID(w4_win_008[24])
	w4_p_008_25: INTEGER
		PUSH_ID(w4_win_008[25])
	w4_p_008_26: INTEGER
		PUSH_ID(w4_win_008[26])
	w4_p_008_27: INTEGER
		PUSH_ID(w4_win_008[27])
	w4_p_008_28: INTEGER
		PUSH_ID(w4_win_008[28])
	w4_p_008_29: INTEGER
		PUSH_ID(w4_win_008[29])
w4_out_009(1/15)	tail=5
	:- PUSH_STREAM(STREAM_TIMEMOVE_A)
	:- PUSH_STREAM(STREAM_TIMEMOVE_B)
	:- STREAM_HASH
	value: INTEGER
		PUSH_ID(w4_out_009[0])
w4_p_009(1/15)	tail=5
	:- PUSH_STREAM(w4_out_009)
	w4_p_009_0: INTEGER
		PUSH_ID(w4_p_009[0])
w4_win_009(1/15)	tail=35
	:- PUSH_STREAM(w4_p_009)
	:- STREAM_AGSE(1,30)
	w4_p_009_0: INTEGER
		PUSH_ID(w4_win_009[0])
	w4_p_009_1: INTEGER
		PUSH_ID(w4_win_009[1])
	w4_p_009_2: INTEGER
		PUSH_ID(w4_win_009[2])
	w4_p_009_3: INTEGER
		PUSH_ID(w4_win_009[3])
	w4_p_009_4: INTEGER
		PUSH_ID(w4_win_009[4])
	w4_p_009_5: INTEGER
		PUSH_ID(w4_win_009[5])
	w4_p_009_6: INTEGER
		PUSH_ID(w4_win_009[6])
	w4_p_009_7: INTEGER
		PUSH_ID(w4_win_009[7])
	w4_p_009_8: INTEGER
		PUSH_ID(w4_win_009[8])
	w4_p_009_9: INTEGER
		PUSH_ID(w4_win_009[9])
	w4_p_009_10: INTEGER
		PUSH_ID(w4_win_009[10])
	w4_p_009_11: INTEGER
		PUSH_ID(w4_win_009[11])
	w4_p_009_12: INTEGER
		PUSH_ID(w4_win_009[12])
	w4_p_009_13: INTEGER
		PUSH_ID(w4_win_009[13])
	w4_p_009_14: INTEGER
		PUSH_ID(w4_win_009[14])
	w4_p_009_15: INTEGER
		PUSH_ID(w4_win_009[15])
	w4_p_009_16: INTEGER
		PUSH_ID(w4_win_009[16])
	w4_p_009_17: INTEGER
		PUSH_ID(w4_win_009[17])
	w4_p_009_18: INTEGER
		PUSH_ID(w4_win_009[18])
	w4_p_009_19: INTEGER
		PUSH_ID(w4_win_009[19])
	w4_p_009_20: INTEGER
		PUSH_ID(w4_win_009[20])
	w4_p_009_21: INTEGER
		PUSH_ID(w4_win_009[21])
	w4_p_009_22: INTEGER
		PUSH_ID(w4_win_009[22])
	w4_p_009_23: INTEGER
		PUSH_ID(w4_win_009[23])
	w4_p_009_24: INTEGER
		PUSH_ID(w4_win_009[24])
	w4_p_009_25: INTEGER
		PUSH_ID(w4_win_009[25])
	w4_p_009_26: INTEGER
		PUSH_ID(w4_win_009[26])
	w4_p_009_27: INTEGER
		PUSH_ID(w4_win_009[27])
	w4_p_009_28: INTEGER
		PUSH_ID(w4_win_009[28])
	w4_p_009_29: INTEGER
		PUSH_ID(w4_win_009[29])
w4_avg_009(1/15)	tail=35
	:- PUSH_STREAM(w4_win_009)
	:- STREAM_AVG
	w4_avg_009_0: INTEGER
		PUSH_ID(w4_avg_009[0])
w4_avg_008(1/15)	tail=35
	:- PUSH_STREAM(w4_win_008)
	:- STREAM_AVG
	w4_avg_008_0: INTEGER
		PUSH_ID(w4_avg_008[0])
w4_p_002(1/15)	tail=5
	:- PUSH_STREAM(w4_out_002)
	w4_p_002_0: INTEGER
		PUSH_ID(w4_p_002[0])
w4_win_002(1/15)	tail=35
	:- PUSH_STREAM(w4_p_002)
	:- STREAM_AGSE(1,30)
	w4_p_002_0: INTEGER
		PUSH_ID(w4_win_002[0])
	w4_p_002_1: INTEGER
		PUSH_ID(w4_win_002[1])
	w4_p_002_2: INTEGER
		PUSH_ID(w4_win_002[2])
	w4_p_002_3: INTEGER
		PUSH_ID(w4_win_002[3])
	w4_p_002_4: INTEGER
		PUSH_ID(w4_win_002[4])
	w4_p_002_5: INTEGER
		PUSH_ID(w4_win_002[5])
	w4_p_002_6: INTEGER
		PUSH_ID(w4_win_002[6])
	w4_p_002_7: INTEGER
		PUSH_ID(w4_win_002[7])
	w4_p_002_8: INTEGER
		PUSH_ID(w4_win_002[8])
	w4_p_002_9: INTEGER
		PUSH_ID(w4_win_002[9])
	w4_p_002_10: INTEGER
		PUSH_ID(w4_win_002[10])
	w4_p_002_11: INTEGER
		PUSH_ID(w4_win_002[11])
	w4_p_002_12: INTEGER
		PUSH_ID(w4_win_002[12])
	w4_p_002_13: INTEGER
		PUSH_ID(w4_win_002[13])
	w4_p_002_14: INTEGER
		PUSH_ID(w4_win_002[14])
	w4_p_002_15: INTEGER
		PUSH_ID(w4_win_002[15])
	w4_p_002_16: INTEGER
		PUSH_ID(w4_win_002[16])
	w4_p_002_17: INTEGER
		PUSH_ID(w4_win_002[17])
	w4_p_002_18: INTEGER
		PUSH_ID(w4_win_002[18])
	w4_p_002_19: INTEGER
		PUSH_ID(w4_win_002[19])
	w4_p_002_20: INTEGER
		PUSH_ID(w4_win_002[20])
	w4_p_002_21: INTEGER
		PUSH_ID(w4_win_002[21])
	w4_p_002_22: INTEGER
		PUSH_ID(w4_win_002[22])
	w4_p_002_23: INTEGER
		PUSH_ID(w4_win_002[23])
	w4_p_002_24: INTEGER
		PUSH_ID(w4_win_002[24])
	w4_p_002_25: INTEGER
		PUSH_ID(w4_win_002[25])
	w4_p_002_26: INTEGER
		PUSH_ID(w4_win_002[26])
	w4_p_002_27: INTEGER
		PUSH_ID(w4_win_002[27])
	w4_p_002_28: INTEGER
		PUSH_ID(w4_win_002[28])
	w4_p_002_29: INTEGER
		PUSH_ID(w4_win_002[29])
w4_avg_002(1/15)	tail=35
	:- PUSH_STREAM(w4_win_002)
	:- STREAM_AVG
	w4_avg_002_0: INTEGER
		PUSH_ID(w4_avg_002[0])
w4_win_000(1/15)	tail=35
	:- PUSH_STREAM(w4_p_000)
	:- STREAM_AGSE(1,30)
	w4_p_000_0: INTEGER
		PUSH_ID(w4_win_000[0])
	w4_p_000_1: INTEGER
		PUSH_ID(w4_win_000[1])
	w4_p_000_2: INTEGER
		PUSH_ID(w4_win_000[2])
	w4_p_000_3: INTEGER
		PUSH_ID(w4_win_000[3])
	w4_p_000_4: INTEGER
		PUSH_ID(w4_win_000[4])
	w4_p_000_5: INTEGER
		PUSH_ID(w4_win_000[5])
	w4_p_000_6: INTEGER
		PUSH_ID(w4_win_000[6])
	w4_p_000_7: INTEGER
		PUSH_ID(w4_win_000[7])
	w4_p_000_8: INTEGER
		PUSH_ID(w4_win_000[8])
	w4_p_000_9: INTEGER
		PUSH_ID(w4_win_000[9])
	w4_p_000_10: INTEGER
		PUSH_ID(w4_win_000[10])
	w4_p_000_11: INTEGER
		PUSH_ID(w4_win_000[11])
	w4_p_000_12: INTEGER
		PUSH_ID(w4_win_000[12])
	w4_p_000_13: INTEGER
		PUSH_ID(w4_win_000[13])
	w4_p_000_14: INTEGER
		PUSH_ID(w4_win_000[14])
	w4_p_000_15: INTEGER
		PUSH_ID(w4_win_000[15])
	w4_p_000_16: INTEGER
		PUSH_ID(w4_win_000[16])
	w4_p_000_17: INTEGER
		PUSH_ID(w4_win_000[17])
	w4_p_000_18: INTEGER
		PUSH_ID(w4_win_000[18])
	w4_p_000_19: INTEGER
		PUSH_ID(w4_win_000[19])
	w4_p_000_20: INTEGER
		PUSH_ID(w4_win_000[20])
	w4_p_000_21: INTEGER
		PUSH_ID(w4_win_000[21])
	w4_p_000_22: INTEGER
		PUSH_ID(w4_win_000[22])
	w4_p_000_23: INTEGER
		PUSH_ID(w4_win_000[23])
	w4_p_000_24: INTEGER
		PUSH_ID(w4_win_000[24])
	w4_p_000_25: INTEGER
		PUSH_ID(w4_win_000[25])
	w4_p_000_26: INTEGER
		PUSH_ID(w4_win_000[26])
	w4_p_000_27: INTEGER
		PUSH_ID(w4_win_000[27])
	w4_p_000_28: INTEGER
		PUSH_ID(w4_win_000[28])
	w4_p_000_29: INTEGER
		PUSH_ID(w4_win_000[29])
w4_avg_000(1/15)	tail=35
	:- PUSH_STREAM(w4_win_000)
	:- STREAM_AVG
	w4_avg_000_0: INTEGER
		PUSH_ID(w4_avg_000[0])
w4_p_006(1/15)	tail=5
	:- PUSH_STREAM(w4_out_006)
	w4_p_006_0: INTEGER
		PUSH_ID(w4_p_006[0])
w4_win_006(1/15)	tail=35
	:- PUSH_STREAM(w4_p_006)
	:- STREAM_AGSE(1,30)
	w4_p_006_0: INTEGER
		PUSH_ID(w4_win_006[0])
	w4_p_006_1: INTEGER
		PUSH_ID(w4_win_006[1])
	w4_p_006_2: INTEGER
		PUSH_ID(w4_win_006[2])
	w4_p_006_3: INTEGER
		PUSH_ID(w4_win_006[3])
	w4_p_006_4: INTEGER
		PUSH_ID(w4_win_006[4])
	w4_p_006_5: INTEGER
		PUSH_ID(w4_win_006[5])
	w4_p_006_6: INTEGER
		PUSH_ID(w4_win_006[6])
	w4_p_006_7: INTEGER
		PUSH_ID(w4_win_006[7])
	w4_p_006_8: INTEGER
		PUSH_ID(w4_win_006[8])
	w4_p_006_9: INTEGER
		PUSH_ID(w4_win_006[9])
	w4_p_006_10: INTEGER
		PUSH_ID(w4_win_006[10])
	w4_p_006_11: INTEGER
		PUSH_ID(w4_win_006[11])
	w4_p_006_12: INTEGER
		PUSH_ID(w4_win_006[12])
	w4_p_006_13: INTEGER
		PUSH_ID(w4_win_006[13])
	w4_p_006_14: INTEGER
		PUSH_ID(w4_win_006[14])
	w4_p_006_15: INTEGER
		PUSH_ID(w4_win_006[15])
	w4_p_006_16: INTEGER
		PUSH_ID(w4_win_006[16])
	w4_p_006_17: INTEGER
		PUSH_ID(w4_win_006[17])
	w4_p_006_18: INTEGER
		PUSH_ID(w4_win_006[18])
	w4_p_006_19: INTEGER
		PUSH_ID(w4_win_006[19])
	w4_p_006_20: INTEGER
		PUSH_ID(w4_win_006[20])
	w4_p_006_21: INTEGER
		PUSH_ID(w4_win_006[21])
	w4_p_006_22: INTEGER
		PUSH_ID(w4_win_006[22])
	w4_p_006_23: INTEGER
		PUSH_ID(w4_win_006[23])
	w4_p_006_24: INTEGER
		PUSH_ID(w4_win_006[24])
	w4_p_006_25: INTEGER
		PUSH_ID(w4_win_006[25])
	w4_p_006_26: INTEGER
		PUSH_ID(w4_win_006[26])
	w4_p_006_27: INTEGER
		PUSH_ID(w4_win_006[27])
	w4_p_006_28: INTEGER
		PUSH_ID(w4_win_006[28])
	w4_p_006_29: INTEGER
		PUSH_ID(w4_win_006[29])
w4_out_011(1/15)	tail=5
	:- PUSH_STREAM(STREAM_TIMEMOVE_A)
	:- PUSH_STREAM(STREAM_TIMEMOVE_B)
	:- STREAM_HASH
	value: INTEGER
		PUSH_ID(w4_out_011[0])
w4_p_011(1/15)	tail=5
	:- PUSH_STREAM(w4_out_011)
	w4_p_011_0: INTEGER
		PUSH_ID(w4_p_011[0])
w4_win_011(1/15)	tail=35
	:- PUSH_STREAM(w4_p_011)
	:- STREAM_AGSE(1,30)
	w4_p_011_0: INTEGER
		PUSH_ID(w4_win_011[0])
	w4_p_011_1: INTEGER
		PUSH_ID(w4_win_011[1])
	w4_p_011_2: INTEGER
		PUSH_ID(w4_win_011[2])
	w4_p_011_3: INTEGER
		PUSH_ID(w4_win_011[3])
	w4_p_011_4: INTEGER
		PUSH_ID(w4_win_011[4])
	w4_p_011_5: INTEGER
		PUSH_ID(w4_win_011[5])
	w4_p_011_6: INTEGER
		PUSH_ID(w4_win_011[6])
	w4_p_011_7: INTEGER
		PUSH_ID(w4_win_011[7])
	w4_p_011_8: INTEGER
		PUSH_ID(w4_win_011[8])
	w4_p_011_9: INTEGER
		PUSH_ID(w4_win_011[9])
	w4_p_011_10: INTEGER
		PUSH_ID(w4_win_011[10])
	w4_p_011_11: INTEGER
		PUSH_ID(w4_win_011[11])
	w4_p_011_12: INTEGER
		PUSH_ID(w4_win_011[12])
	w4_p_011_13: INTEGER
		PUSH_ID(w4_win_011[13])
	w4_p_011_14: INTEGER
		PUSH_ID(w4_win_011[14])
	w4_p_011_15: INTEGER
		PUSH_ID(w4_win_011[15])
	w4_p_011_16: INTEGER
		PUSH_ID(w4_win_011[16])
	w4_p_011_17: INTEGER
		PUSH_ID(w4_win_011[17])
	w4_p_011_18: INTEGER
		PUSH_ID(w4_win_011[18])
	w4_p_011_19: INTEGER
		PUSH_ID(w4_win_011[19])
	w4_p_011_20: INTEGER
		PUSH_ID(w4_win_011[20])
	w4_p_011_21: INTEGER
		PUSH_ID(w4_win_011[21])
	w4_p_011_22: INTEGER
		PUSH_ID(w4_win_011[22])
	w4_p_011_23: INTEGER
		PUSH_ID(w4_win_011[23])
	w4_p_011_24: INTEGER
		PUSH_ID(w4_win_011[24])
	w4_p_011_25: INTEGER
		PUSH_ID(w4_win_011[25])
	w4_p_011_26: INTEGER
		PUSH_ID(w4_win_011[26])
	w4_p_011_27: INTEGER
		PUSH_ID(w4_win_011[27])
	w4_p_011_28: INTEGER
		PUSH_ID(w4_win_011[28])
	w4_p_011_29: INTEGER
		PUSH_ID(w4_win_011[29])
w4_avg_006(1/15)	tail=35
	:- PUSH_STREAM(w4_win_006)
	:- STREAM_AVG
	w4_avg_006_0: INTEGER
		PUSH_ID(w4_avg_006[0])
w4_avg_011(1/15)	tail=35
	:- PUSH_STREAM(w4_win_011)
	:- STREAM_AVG
	w4_avg_011_0: INTEGER
		PUSH_ID(w4_avg_011[0])
w4_out_007(1/15)	tail=5
	:- PUSH_STREAM(STREAM_TIMEMOVE_A)
	:- PUSH_STREAM(STREAM_TIMEMOVE_B)
	:- STREAM_HASH
	value: INTEGER
		PUSH_ID(w4_out_007[0])
w4_p_007(1/15)	tail=5
	:- PUSH_STREAM(w4_out_007)
	w4_p_007_0: INTEGER
		PUSH_ID(w4_p_007[0])
w4_win_007(1/15)	tail=35
	:- PUSH_STREAM(w4_p_007)
	:- STREAM_AGSE(1,30)
	w4_p_007_0: INTEGER
		PUSH_ID(w4_win_007[0])
	w4_p_007_1: INTEGER
		PUSH_ID(w4_win_007[1])
	w4_p_007_2: INTEGER
		PUSH_ID(w4_win_007[2])
	w4_p_007_3: INTEGER
		PUSH_ID(w4_win_007[3])
	w4_p_007_4: INTEGER
		PUSH_ID(w4_win_007[4])
	w4_p_007_5: INTEGER
		PUSH_ID(w4_win_007[5])
	w4_p_007_6: INTEGER
		PUSH_ID(w4_win_007[6])
	w4_p_007_7: INTEGER
		PUSH_ID(w4_win_007[7])
	w4_p_007_8: INTEGER
		PUSH_ID(w4_win_007[8])
	w4_p_007_9: INTEGER
		PUSH_ID(w4_win_007[9])
	w4_p_007_10: INTEGER
		PUSH_ID(w4_win_007[10])
	w4_p_007_11: INTEGER
		PUSH_ID(w4_win_007[11])
	w4_p_007_12: INTEGER
		PUSH_ID(w4_win_007[12])
	w4_p_007_13: INTEGER
		PUSH_ID(w4_win_007[13])
	w4_p_007_14: INTEGER
		PUSH_ID(w4_win_007[14])
	w4_p_007_15: INTEGER
		PUSH_ID(w4_win_007[15])
	w4_p_007_16: INTEGER
		PUSH_ID(w4_win_007[16])
	w4_p_007_17: INTEGER
		PUSH_ID(w4_win_007[17])
	w4_p_007_18: INTEGER
		PUSH_ID(w4_win_007[18])
	w4_p_007_19: INTEGER
		PUSH_ID(w4_win_007[19])
	w4_p_007_20: INTEGER
		PUSH_ID(w4_win_007[20])
	w4_p_007_21: INTEGER
		PUSH_ID(w4_win_007[21])
	w4_p_007_22: INTEGER
		PUSH_ID(w4_win_007[22])
	w4_p_007_23: INTEGER
		PUSH_ID(w4_win_007[23])
	w4_p_007_24: INTEGER
		PUSH_ID(w4_win_007[24])
	w4_p_007_25: INTEGER
		PUSH_ID(w4_win_007[25])
	w4_p_007_26: INTEGER
		PUSH_ID(w4_win_007[26])
	w4_p_007_27: INTEGER
		PUSH_ID(w4_win_007[27])
	w4_p_007_28: INTEGER
		PUSH_ID(w4_win_007[28])
	w4_p_007_29: INTEGER
		PUSH_ID(w4_win_007[29])
w4_avg_007(1/15)	tail=35
	:- PUSH_STREAM(w4_win_007)
	:- STREAM_AVG
	w4_avg_007_0: INTEGER
		PUSH_ID(w4_avg_007[0])
w4_win_010(1/15)	tail=35
	:- PUSH_STREAM(w4_p_010)
	:- STREAM_AGSE(1,30)
	w4_p_010_0: INTEGER
		PUSH_ID(w4_win_010[0])
	w4_p_010_1: INTEGER
		PUSH_ID(w4_win_010[1])
	w4_p_010_2: INTEGER
		PUSH_ID(w4_win_010[2])
	w4_p_010_3: INTEGER
		PUSH_ID(w4_win_010[3])
	w4_p_010_4: INTEGER
		PUSH_ID(w4_win_010[4])
	w4_p_010_5: INTEGER
		PUSH_ID(w4_win_010[5])
	w4_p_010_6: INTEGER
		PUSH_ID(w4_win_010[6])
	w4_p_010_7: INTEGER
		PUSH_ID(w4_win_010[7])
	w4_p_010_8: INTEGER
		PUSH_ID(w4_win_010[8])
	w4_p_010_9: INTEGER
		PUSH_ID(w4_win_010[9])
	w4_p_010_10: INTEGER
		PUSH_ID(w4_win_010[10])
	w4_p_010_11: INTEGER
		PUSH_ID(w4_win_010[11])
	w4_p_010_12: INTEGER
		PUSH_ID(w4_win_010[12])
	w4_p_010_13: INTEGER
		PUSH_ID(w4_win_010[13])
	w4_p_010_14: INTEGER
		PUSH_ID(w4_win_010[14])
	w4_p_010_15: INTEGER
		PUSH_ID(w4_win_010[15])
	w4_p_010_16: INTEGER
		PUSH_ID(w4_win_010[16])
	w4_p_010_17: INTEGER
		PUSH_ID(w4_win_010[17])
	w4_p_010_18: INTEGER
		PUSH_ID(w4_win_010[18])
	w4_p_010_19: INTEGER
		PUSH_ID(w4_win_010[19])
	w4_p_010_20: INTEGER
		PUSH_ID(w4_win_010[20])
	w4_p_010_21: INTEGER
		PUSH_ID(w4_win_010[21])
	w4_p_010_22: INTEGER
		PUSH_ID(w4_win_010[22])
	w4_p_010_23: INTEGER
		PUSH_ID(w4_win_010[23])
	w4_p_010_24: INTEGER
		PUSH_ID(w4_win_010[24])
	w4_p_010_25: INTEGER
		PUSH_ID(w4_win_010[25])
	w4_p_010_26: INTEGER
		PUSH_ID(w4_win_010[26])
	w4_p_010_27: INTEGER
		PUSH_ID(w4_win_010[27])
	w4_p_010_28: INTEGER
		PUSH_ID(w4_win_010[28])
	w4_p_010_29: INTEGER
		PUSH_ID(w4_win_010[29])
w4_avg_010(1/15)	tail=35
	:- PUSH_STREAM(w4_win_010)
	:- STREAM_AVG
	w4_avg_010_0: INTEGER
		PUSH_ID(w4_avg_010[0])
