:SUBSTRAT	memory
:STORAGE	temp/
A(1/10)	a.txt
	value: INTEGER
B(1/5)	b.txt
	value: INTEGER
STREAM_HASH_A_B(1/15)	tail=2
	:- PUSH_STREAM(A)
	:- PUSH_STREAM(B)
	:- STREAM_HASH
	value: INTEGER
		PUSH_ID(STREAM_HASH_A_B[0])
STREAM_HASH_STREAM_TIMEMOVE_A_STREAM_TIMEMOVE_B(1/15)	tail=5
	:- PUSH_STREAM(STREAM_HASH_A_B)
	:- STREAM_TIMEMOVE(3)
	value: INTEGER
		PUSH_ID(STREAM_HASH_STREAM_TIMEMOVE_A_STREAM_TIMEMOVE_B[0])
S1(2/15)	a.txt
	value: INTEGER
STREAM_HASH_STREAM_HASH_STREAM_TIMEMOVE_A_STREAM_TIMEMOVE_B_S1(2/45)	tail=8
	:- PUSH_STREAM(STREAM_HASH_STREAM_TIMEMOVE_A_STREAM_TIMEMOVE_B)
	:- PUSH_STREAM(S1)
	:- STREAM_HASH
	value: INTEGER
		PUSH_ID(STREAM_HASH_STREAM_HASH_STREAM_TIMEMOVE_A_STREAM_TIMEMOVE_B_S1[0])
w3_out_007(2/45)	tail=11
	:- PUSH_STREAM(STREAM_HASH_STREAM_HASH_STREAM_TIMEMOVE_A_STREAM_TIMEMOVE_B_S1)
	:- STREAM_TIMEMOVE(3)
	value: INTEGER
		PUSH_ID(w3_out_007[0])
w3_out_005(2/45)	tail=11
	:- PUSH_STREAM(STREAM_HASH_STREAM_HASH_STREAM_TIMEMOVE_A_STREAM_TIMEMOVE_B_S1)
	:- STREAM_TIMEMOVE(3)
	value: INTEGER
		PUSH_ID(w3_out_005[0])
w3_out_004(2/45)	tail=11
	:- PUSH_STREAM(STREAM_HASH_STREAM_HASH_STREAM_TIMEMOVE_A_STREAM_TIMEMOVE_B_S1)
	:- STREAM_TIMEMOVE(3)
	value: INTEGER
		PUSH_ID(w3_out_004[0])
w3_out_003(2/45)	tail=11
	:- PUSH_STREAM(STREAM_HASH_STREAM_HASH_STREAM_TIMEMOVE_A_STREAM_TIMEMOVE_B_S1)
	:- STREAM_TIMEMOVE(3)
	value: INTEGER
		PUSH_ID(w3_out_003[0])
w3_out_002(2/45)	tail=11
	:- PUSH_STREAM(STREAM_HASH_STREAM_HASH_STREAM_TIMEMOVE_A_STREAM_TIMEMOVE_B_S1)
	:- STREAM_TIMEMOVE(3)
	value: INTEGER
		PUSH_ID(w3_out_002[0])
w3_out_001(2/45)	tail=11
	:- PUSH_STREAM(STREAM_HASH_STREAM_HASH_STREAM_TIMEMOVE_A_STREAM_TIMEMOVE_B_S1)
	:- STREAM_TIMEMOVE(3)
	value: INTEGER
		PUSH_ID(w3_out_001[0])
w3_out_000(2/45)	tail=11
	:- PUSH_STREAM(STREAM_HASH_STREAM_HASH_STREAM_TIMEMOVE_A_STREAM_TIMEMOVE_B_S1)
	:- STREAM_TIMEMOVE(3)
	value: INTEGER
		PUSH_ID(w3_out_000[0])
w3_out_006(2/45)	tail=11
	:- PUSH_STREAM(STREAM_HASH_STREAM_HASH_STREAM_TIMEMOVE_A_STREAM_TIMEMOVE_B_S1)
	:- STREAM_TIMEMOVE(3)
	value: INTEGER
		PUSH_ID(w3_out_006[0])
