:SUBSTRAT	memory
:STORAGE	temp/
w5a_007(1/10)	a.txt
	value: INTEGER
w5b_007(1/5)	b.txt
	value: INTEGER
w5_out_007(1/15)	tail=2
	:- PUSH_STREAM(w5a_007)
	:- PUSH_STREAM(w5b_007)
	:- STREAM_HASH
	value: INTEGER
		PUSH_ID(w5_out_007[0])
w5a_001(1/10)	a.txt
	value: INTEGER
w5b_001(1/5)	b.txt
	value: INTEGER
w5_out_001(1/15)	tail=2
	:- PUSH_STREAM(w5a_001)
	:- PUSH_STREAM(w5b_001)
	:- STREAM_HASH
	value: INTEGER
		PUSH_ID(w5_out_001[0])
w5a_006(1/10)	a.txt
	value: INTEGER
w5b_006(1/5)	b.txt
	value: INTEGER
w5_out_006(1/15)	tail=2
	:- PUSH_STREAM(w5a_006)
	:- PUSH_STREAM(w5b_006)
	:- STREAM_HASH
	value: INTEGER
		PUSH_ID(w5_out_006[0])
w5a_002(1/10)	a.txt
	value: INTEGER
w5b_002(1/5)	b.txt
	value: INTEGER
w5_out_002(1/15)	tail=2
	:- PUSH_STREAM(w5a_002)
	:- PUSH_STREAM(w5b_002)
	:- STREAM_HASH
	value: INTEGER
		PUSH_ID(w5_out_002[0])
w5a_005(1/10)	a.txt
	value: INTEGER
w5b_005(1/5)	b.txt
	value: INTEGER
w5_out_005(1/15)	tail=2
	:- PUSH_STREAM(w5a_005)
	:- PUSH_STREAM(w5b_005)
	:- STREAM_HASH
	value: INTEGER
		PUSH_ID(w5_out_005[0])
w5a_003(1/10)	a.txt
	value: INTEGER
w5b_003(1/5)	b.txt
	value: INTEGER
w5_out_003(1/15)	tail=2
	:- PUSH_STREAM(w5a_003)
	:- PUSH_STREAM(w5b_003)
	:- STREAM_HASH
	value: INTEGER
		PUSH_ID(w5_out_003[0])
w5a_004(1/10)	a.txt
	value: INTEGER
w5b_004(1/5)	b.txt
	value: INTEGER
w5_out_004(1/15)	tail=2
	:- PUSH_STREAM(w5a_004)
	:- PUSH_STREAM(w5b_004)
	:- STREAM_HASH
	value: INTEGER
		PUSH_ID(w5_out_004[0])
w5a_000(1/10)	a.txt
	value: INTEGER
w5b_000(1/5)	b.txt
	value: INTEGER
w5_out_000(1/15)	tail=2
	:- PUSH_STREAM(w5a_000)
	:- PUSH_STREAM(w5b_000)
	:- STREAM_HASH
	value: INTEGER
		PUSH_ID(w5_out_000[0])
