:STORAGE	temp/
:SUBSTRAT	memory
w5a_012(1/10)	a.txt
	value: INTEGER
w5b_012(1/5)	b.txt
	value: INTEGER
w5_out_012(1/15)	tail=2
	:- PUSH_STREAM(w5a_012)
	:- PUSH_STREAM(w5b_012)
	:- STREAM_HASH
	value: INTEGER
		PUSH_ID(w5_out_012[0])
w5a_003(1/10)	a.txt
	value: INTEGER
w5b_003(1/5)	b.txt
	value: INTEGER
w5_out_003(1/15)	tail=2
	:- PUSH_STREAM(w5a_003)
	:- PUSH_STREAM(w5b_003)
	:- STREAM_HASH
	value: INTEGER
		PUSH_ID(w5_out_003[0])
w5a_009(1/10)	a.txt
	value: INTEGER
w5b_009(1/5)	b.txt
	value: INTEGER
w5_out_009(1/15)	tail=2
	:- PUSH_STREAM(w5a_009)
	:- PUSH_STREAM(w5b_009)
	:- STREAM_HASH
	value: INTEGER
		PUSH_ID(w5_out_009[0])
w5a_004(1/10)	a.txt
	value: INTEGER
w5b_004(1/5)	b.txt
	value: INTEGER
w5_out_004(1/15)	tail=2
	:- PUSH_STREAM(w5a_004)
	:- PUSH_STREAM(w5b_004)
	:- STREAM_HASH
	value: INTEGER
		PUSH_ID(w5_out_004[0])
w5a_007(1/10)	a.txt
	value: INTEGER
w5b_007(1/5)	b.txt
	value: INTEGER
w5_out_007(1/15)	tail=2
	:- PUSH_STREAM(w5a_007)
	:- PUSH_STREAM(w5b_007)
	:- STREAM_HASH
	value: INTEGER
		PUSH_ID(w5_out_007[0])
w5a_005(1/10)	a.txt
	value: INTEGER
w5b_005(1/5)	b.txt
	value: INTEGER
w5_out_005(1/15)	tail=2
	:- PUSH_STREAM(w5a_005)
	:- PUSH_STREAM(w5b_005)
	:- STREAM_HASH
	value: INTEGER
		PUSH_ID(w5_out_005[0])
w5a_014(1/10)	a.txt
	value: INTEGER
w5b_014(1/5)	b.txt
	value: INTEGER
w5_out_014(1/15)	tail=2
	:- PUSH_STREAM(w5a_014)
	:- PUSH_STREAM(w5b_014)
	:- STREAM_HASH
	value: INTEGER
		PUSH_ID(w5_out_014[0])
w5a_006(1/10)	a.txt
	value: INTEGER
w5b_006(1/5)	b.txt
	value: INTEGER
w5_out_006(1/15)	tail=2
	:- PUSH_STREAM(w5a_006)
	:- PUSH_STREAM(w5b_006)
	:- STREAM_HASH
	value: INTEGER
		PUSH_ID(w5_out_006[0])
w5a_013(1/10)	a.txt
	value: INTEGER
w5b_013(1/5)	b.txt
	value: INTEGER
w5_out_013(1/15)	tail=2
	:- PUSH_STREAM(w5a_013)
	:- PUSH_STREAM(w5b_013)
	:- STREAM_HASH
	value: INTEGER
		PUSH_ID(w5_out_013[0])
w5a_002(1/10)	a.txt
	value: INTEGER
w5b_002(1/5)	b.txt
	value: INTEGER
w5_out_002(1/15)	tail=2
	:- PUSH_STREAM(w5a_002)
	:- PUSH_STREAM(w5b_002)
	:- STREAM_HASH
	value: INTEGER
		PUSH_ID(w5_out_002[0])
w5a_010(1/10)	a.txt
	value: INTEGER
w5b_010(1/5)	b.txt
	value: INTEGER
w5_out_010(1/15)	tail=2
	:- PUSH_STREAM(w5a_010)
	:- PUSH_STREAM(w5b_010)
	:- STREAM_HASH
	value: INTEGER
		PUSH_ID(w5_out_010[0])
w5a_001(1/10)	a.txt
	value: INTEGER
w5b_001(1/5)	b.txt
	value: INTEGER
w5_out_001(1/15)	tail=2
	:- PUSH_STREAM(w5a_001)
	:- PUSH_STREAM(w5b_001)
	:- STREAM_HASH
	value: INTEGER
		PUSH_ID(w5_out_001[0])
w5a_000(1/10)	a.txt
	value: INTEGER
w5b_000(1/5)	b.txt
	value: INTEGER
w5_out_000(1/15)	tail=2
	:- PUSH_STREAM(w5a_000)
	:- PUSH_STREAM(w5b_000)
	:- STREAM_HASH
	value: INTEGER
		PUSH_ID(w5_out_000[0])
w5a_015(1/10)	a.txt
	value: INTEGER
w5b_015(1/5)	b.txt
	value: INTEGER
w5_out_015(1/15)	tail=2
	:- PUSH_STREAM(w5a_015)
	:- PUSH_STREAM(w5b_015)
	:- STREAM_HASH
	value: INTEGER
		PUSH_ID(w5_out_015[0])
w5a_011(1/10)	a.txt
	value: INTEGER
w5b_011(1/5)	b.txt
	value: INTEGER
w5_out_011(1/15)	tail=2
	:- PUSH_STREAM(w5a_011)
	:- PUSH_STREAM(w5b_011)
	:- STREAM_HASH
	value: INTEGER
		PUSH_ID(w5_out_011[0])
w5a_008(1/10)	a.txt
	value: INTEGER
w5b_008(1/5)	b.txt
	value: INTEGER
w5_out_008(1/15)	tail=2
	:- PUSH_STREAM(w5a_008)
	:- PUSH_STREAM(w5b_008)
	:- STREAM_HASH
	value: INTEGER
		PUSH_ID(w5_out_008[0])
