:SUBSTRAT	memory
:STORAGE	temp/
A(1/10)	a.txt
	value: INTEGER
STREAM_TIMEMOVE_A(1/10)	tail=2
	:- PUSH_STREAM(A)
	:- STREAM_TIMEMOVE(2)
	value: INTEGER
		PUSH_ID(STREAM_TIMEMOVE_A[0])
B(1/5)	b.txt
	value: INTEGER
STREAM_TIMEMOVE_B(1/5)	tail=1
	:- PUSH_STREAM(B)
	:- STREAM_TIMEMOVE(1)
	value: INTEGER
		PUSH_ID(STREAM_TIMEMOVE_B[0])
w4_out_010(1/15)	tail=5
	:- PUSH_STREAM(STREAM_TIMEMOVE_A)
	:- PUSH_STREAM(STREAM_TIMEMOVE_B)
	:- STREAM_HASH
	w4_out_010_0: INTEGER
		PUSH_ID(w4_out_010[0])
		PUSH_ID(w4_out_010[0])
		MULTIPLY
		PUSH_ID(w4_out_010[0])
		ADD
		PUSH_ID(w4_out_010[0])
		PUSH_ID(w4_out_010[0])
		MULTIPLY
		PUSH_ID(w4_out_010[0])
		ADD
		MULTIPLY
		PUSH_VAL(1000)
		DIVIDE
	w4_out_010_1: INTEGER
		PUSH_ID(w4_out_010[0])
		PUSH_ID(w4_out_010[0])
		ADD
		PUSH_ID(w4_out_010[0])
		PUSH_ID(w4_out_010[0])
		SUBTRACT
		MULTIPLY
w4_out_020(1/15)	tail=5
	:- PUSH_STREAM(STREAM_TIMEMOVE_A)
	:- PUSH_STREAM(STREAM_TIMEMOVE_B)
	:- STREAM_HASH
	w4_out_020_0: INTEGER
		PUSH_ID(w4_out_020[0])
		PUSH_ID(w4_out_020[0])
		MULTIPLY
		PUSH_ID(w4_out_020[0])
		ADD
		PUSH_ID(w4_out_020[0])
		PUSH_ID(w4_out_020[0])
		MULTIPLY
		PUSH_ID(w4_out_020[0])
		ADD
		MULTIPLY
		PUSH_VAL(1000)
		DIVIDE
	w4_out_020_1: INTEGER
		PUSH_ID(w4_out_020[0])
		PUSH_ID(w4_out_020[0])
		ADD
		PUSH_ID(w4_out_020[0])
		PUSH_ID(w4_out_020[0])
		SUBTRACT
		MULTIPLY
w4_out_029(1/15)	tail=5
	:- PUSH_STREAM(STREAM_TIMEMOVE_A)
	:- PUSH_STREAM(STREAM_TIMEMOVE_B)
	:- STREAM_HASH
	w4_out_029_0: INTEGER
		PUSH_ID(w4_out_029[0])
		PUSH_ID(w4_out_029[0])
		MULTIPLY
		PUSH_ID(w4_out_029[0])
		ADD
		PUSH_ID(w4_out_029[0])
		PUSH_ID(w4_out_029[0])
		MULTIPLY
		PUSH_ID(w4_out_029[0])
		ADD
		MULTIPLY
		PUSH_VAL(1000)
		DIVIDE
	w4_out_029_1: INTEGER
		PUSH_ID(w4_out_029[0])
		PUSH_ID(w4_out_029[0])
		ADD
		PUSH_ID(w4_out_029[0])
		PUSH_ID(w4_out_029[0])
		SUBTRACT
		MULTIPLY
w4_out_031(1/15)	tail=5
	:- PUSH_STREAM(STREAM_TIMEMOVE_A)
	:- PUSH_STREAM(STREAM_TIMEMOVE_B)
	:- STREAM_HASH
	w4_out_031_0: INTEGER
		PUSH_ID(w4_out_031[0])
		PUSH_ID(w4_out_031[0])
		MULTIPLY
		PUSH_ID(w4_out_031[0])
		ADD
		PUSH_ID(w4_out_031[0])
		PUSH_ID(w4_out_031[0])
		MULTIPLY
		PUSH_ID(w4_out_031[0])
		ADD
		MULTIPLY
		PUSH_VAL(1000)
		DIVIDE
	w4_out_031_1: INTEGER
		PUSH_ID(w4_out_031[0])
		PUSH_ID(w4_out_031[0])
		ADD
		PUSH_ID(w4_out_031[0])
		PUSH_ID(w4_out_031[0])
		SUBTRACT
		MULTIPLY
w4_out_005(1/15)	tail=5
	:- PUSH_STREAM(STREAM_TIMEMOVE_A)
	:- PUSH_STREAM(STREAM_TIMEMOVE_B)
	:- STREAM_HASH
	w4_out_005_0: INTEGER
		PUSH_ID(w4_out_005[0])
		PUSH_ID(w4_out_005[0])
		MULTIPLY
		PUSH_ID(w4_out_005[0])
		ADD
		PUSH_ID(w4_out_005[0])
		PUSH_ID(w4_out_005[0])
		MULTIPLY
		PUSH_ID(w4_out_005[0])
		ADD
		MULTIPLY
		PUSH_VAL(1000)
		DIVIDE
	w4_out_005_1: INTEGER
		PUSH_ID(w4_out_005[0])
		PUSH_ID(w4_out_005[0])
		ADD
		PUSH_ID(w4_out_005[0])
		PUSH_ID(w4_out_005[0])
		SUBTRACT
		MULTIPLY
w4_out_000(1/15)	tail=5
	:- PUSH_STREAM(STREAM_TIMEMOVE_A)
	:- PUSH_STREAM(STREAM_TIMEMOVE_B)
	:- STREAM_HASH
	w4_out_000_0: INTEGER
		PUSH_ID(w4_out_000[0])
		PUSH_ID(w4_out_000[0])
		MULTIPLY
		PUSH_ID(w4_out_000[0])
		ADD
		PUSH_ID(w4_out_000[0])
		PUSH_ID(w4_out_000[0])
		MULTIPLY
		PUSH_ID(w4_out_000[0])
		ADD
		MULTIPLY
		PUSH_VAL(1000)
		DIVIDE
	w4_out_000_1: INTEGER
		PUSH_ID(w4_out_000[0])
		PUSH_ID(w4_out_000[0])
		ADD
		PUSH_ID(w4_out_000[0])
		PUSH_ID(w4_out_000[0])
		SUBTRACT
		MULTIPLY
w4_out_001(1/15)	tail=5
	:- PUSH_STREAM(STREAM_TIMEMOVE_A)
	:- PUSH_STREAM(STREAM_TIMEMOVE_B)
	:- STREAM_HASH
	w4_out_001_0: INTEGER
		PUSH_ID(w4_out_001[0])
		PUSH_ID(w4_out_001[0])
		MULTIPLY
		PUSH_ID(w4_out_001[0])
		ADD
		PUSH_ID(w4_out_001[0])
		PUSH_ID(w4_out_001[0])
		MULTIPLY
		PUSH_ID(w4_out_001[0])
		ADD
		MULTIPLY
		PUSH_VAL(1000)
		DIVIDE
	w4_out_001_1: INTEGER
		PUSH_ID(w4_out_001[0])
		PUSH_ID(w4_out_001[0])
		ADD
		PUSH_ID(w4_out_001[0])
		PUSH_ID(w4_out_001[0])
		SUBTRACT
		MULTIPLY
w4_out_002(1/15)	tail=5
	:- PUSH_STREAM(STREAM_TIMEMOVE_A)
	:- PUSH_STREAM(STREAM_TIMEMOVE_B)
	:- STREAM_HASH
	w4_out_002_0: INTEGER
		PUSH_ID(w4_out_002[0])
		PUSH_ID(w4_out_002[0])
		MULTIPLY
		PUSH_ID(w4_out_002[0])
		ADD
		PUSH_ID(w4_out_002[0])
		PUSH_ID(w4_out_002[0])
		MULTIPLY
		PUSH_ID(w4_out_002[0])
		ADD
		MULTIPLY
		PUSH_VAL(1000)
		DIVIDE
	w4_out_002_1: INTEGER
		PUSH_ID(w4_out_002[0])
		PUSH_ID(w4_out_002[0])
		ADD
		PUSH_ID(w4_out_002[0])
		PUSH_ID(w4_out_002[0])
		SUBTRACT
		MULTIPLY
w4_out_003(1/15)	tail=5
	:- PUSH_STREAM(STREAM_TIMEMOVE_A)
	:- PUSH_STREAM(STREAM_TIMEMOVE_B)
	:- STREAM_HASH
	w4_out_003_0: INTEGER
		PUSH_ID(w4_out_003[0])
		PUSH_ID(w4_out_003[0])
		MULTIPLY
		PUSH_ID(w4_out_003[0])
		ADD
		PUSH_ID(w4_out_003[0])
		PUSH_ID(w4_out_003[0])
		MULTIPLY
		PUSH_ID(w4_out_003[0])
		ADD
		MULTIPLY
		PUSH_VAL(1000)
		DIVIDE
	w4_out_003_1: INTEGER
		PUSH_ID(w4_out_003[0])
		PUSH_ID(w4_out_003[0])
		ADD
		PUSH_ID(w4_out_003[0])
		PUSH_ID(w4_out_003[0])
		SUBTRACT
		MULTIPLY
w4_out_004(1/15)	tail=5
	:- PUSH_STREAM(STREAM_TIMEMOVE_A)
	:- PUSH_STREAM(STREAM_TIMEMOVE_B)
	:- STREAM_HASH
	w4_out_004_0: INTEGER
		PUSH_ID(w4_out_004[0])
		PUSH_ID(w4_out_004[0])
		MULTIPLY
		PUSH_ID(w4_out_004[0])
		ADD
		PUSH_ID(w4_out_004[0])
		PUSH_ID(w4_out_004[0])
		MULTIPLY
		PUSH_ID(w4_out_004[0])
		ADD
		MULTIPLY
		PUSH_VAL(1000)
		DIVIDE
	w4_out_004_1: INTEGER
		PUSH_ID(w4_out_004[0])
		PUSH_ID(w4_out_004[0])
		ADD
		PUSH_ID(w4_out_004[0])
		PUSH_ID(w4_out_004[0])
		SUBTRACT
		MULTIPLY
w4_out_023(1/15)	tail=5
	:- PUSH_STREAM(STREAM_TIMEMOVE_A)
	:- PUSH_STREAM(STREAM_TIMEMOVE_B)
	:- STREAM_HASH
	w4_out_023_0: INTEGER
		PUSH_ID(w4_out_023[0])
		PUSH_ID(w4_out_023[0])
		MULTIPLY
		PUSH_ID(w4_out_023[0])
		ADD
		PUSH_ID(w4_out_023[0])
		PUSH_ID(w4_out_023[0])
		MULTIPLY
		PUSH_ID(w4_out_023[0])
		ADD
		MULTIPLY
		PUSH_VAL(1000)
		DIVIDE
	w4_out_023_1: INTEGER
		PUSH_ID(w4_out_023[0])
		PUSH_ID(w4_out_023[0])
		ADD
		PUSH_ID(w4_out_023[0])
		PUSH_ID(w4_out_023[0])
		SUBTRACT
		MULTIPLY
w4_out_006(1/15)	tail=5
	:- PUSH_STREAM(STREAM_TIMEMOVE_A)
	:- PUSH_STREAM(STREAM_TIMEMOVE_B)
	:- STREAM_HASH
	w4_out_006_0: INTEGER
		PUSH_ID(w4_out_006[0])
		PUSH_ID(w4_out_006[0])
		MULTIPLY
		PUSH_ID(w4_out_006[0])
		ADD
		PUSH_ID(w4_out_006[0])
		PUSH_ID(w4_out_006[0])
		MULTIPLY
		PUSH_ID(w4_out_006[0])
		ADD
		MULTIPLY
		PUSH_VAL(1000)
		DIVIDE
	w4_out_006_1: INTEGER
		PUSH_ID(w4_out_006[0])
		PUSH_ID(w4_out_006[0])
		ADD
		PUSH_ID(w4_out_006[0])
		PUSH_ID(w4_out_006[0])
		SUBTRACT
		MULTIPLY
w4_out_007(1/15)	tail=5
	:- PUSH_STREAM(STREAM_TIMEMOVE_A)
	:- PUSH_STREAM(STREAM_TIMEMOVE_B)
	:- STREAM_HASH
	w4_out_007_0: INTEGER
		PUSH_ID(w4_out_007[0])
		PUSH_ID(w4_out_007[0])
		MULTIPLY
		PUSH_ID(w4_out_007[0])
		ADD
		PUSH_ID(w4_out_007[0])
		PUSH_ID(w4_out_007[0])
		MULTIPLY
		PUSH_ID(w4_out_007[0])
		ADD
		MULTIPLY
		PUSH_VAL(1000)
		DIVIDE
	w4_out_007_1: INTEGER
		PUSH_ID(w4_out_007[0])
		PUSH_ID(w4_out_007[0])
		ADD
		PUSH_ID(w4_out_007[0])
		PUSH_ID(w4_out_007[0])
		SUBTRACT
		MULTIPLY
w4_out_008(1/15)	tail=5
	:- PUSH_STREAM(STREAM_TIMEMOVE_A)
	:- PUSH_STREAM(STREAM_TIMEMOVE_B)
	:- STREAM_HASH
	w4_out_008_0: INTEGER
		PUSH_ID(w4_out_008[0])
		PUSH_ID(w4_out_008[0])
		MULTIPLY
		PUSH_ID(w4_out_008[0])
		ADD
		PUSH_ID(w4_out_008[0])
		PUSH_ID(w4_out_008[0])
		MULTIPLY
		PUSH_ID(w4_out_008[0])
		ADD
		MULTIPLY
		PUSH_VAL(1000)
		DIVIDE
	w4_out_008_1: INTEGER
		PUSH_ID(w4_out_008[0])
		PUSH_ID(w4_out_008[0])
		ADD
		PUSH_ID(w4_out_008[0])
		PUSH_ID(w4_out_008[0])
		SUBTRACT
		MULTIPLY
w4_out_009(1/15)	tail=5
	:- PUSH_STREAM(STREAM_TIMEMOVE_A)
	:- PUSH_STREAM(STREAM_TIMEMOVE_B)
	:- STREAM_HASH
	w4_out_009_0: INTEGER
		PUSH_ID(w4_out_009[0])
		PUSH_ID(w4_out_009[0])
		MULTIPLY
		PUSH_ID(w4_out_009[0])
		ADD
		PUSH_ID(w4_out_009[0])
		PUSH_ID(w4_out_009[0])
		MULTIPLY
		PUSH_ID(w4_out_009[0])
		ADD
		MULTIPLY
		PUSH_VAL(1000)
		DIVIDE
	w4_out_009_1: INTEGER
		PUSH_ID(w4_out_009[0])
		PUSH_ID(w4_out_009[0])
		ADD
		PUSH_ID(w4_out_009[0])
		PUSH_ID(w4_out_009[0])
		SUBTRACT
		MULTIPLY
w4_out_011(1/15)	tail=5
	:- PUSH_STREAM(STREAM_TIMEMOVE_A)
	:- PUSH_STREAM(STREAM_TIMEMOVE_B)
	:- STREAM_HASH
	w4_out_011_0: INTEGER
		PUSH_ID(w4_out_011[0])
		PUSH_ID(w4_out_011[0])
		MULTIPLY
		PUSH_ID(w4_out_011[0])
		ADD
		PUSH_ID(w4_out_011[0])
		PUSH_ID(w4_out_011[0])
		MULTIPLY
		PUSH_ID(w4_out_011[0])
		ADD
		MULTIPLY
		PUSH_VAL(1000)
		DIVIDE
	w4_out_011_1: INTEGER
		PUSH_ID(w4_out_011[0])
		PUSH_ID(w4_out_011[0])
		ADD
		PUSH_ID(w4_out_011[0])
		PUSH_ID(w4_out_011[0])
		SUBTRACT
		MULTIPLY
w4_out_012(1/15)	tail=5
	:- PUSH_STREAM(STREAM_TIMEMOVE_A)
	:- PUSH_STREAM(STREAM_TIMEMOVE_B)
	:- STREAM_HASH
	w4_out_012_0: INTEGER
		PUSH_ID(w4_out_012[0])
		PUSH_ID(w4_out_012[0])
		MULTIPLY
		PUSH_ID(w4_out_012[0])
		ADD
		PUSH_ID(w4_out_012[0])
		PUSH_ID(w4_out_012[0])
		MULTIPLY
		PUSH_ID(w4_out_012[0])
		ADD
		MULTIPLY
		PUSH_VAL(1000)
		DIVIDE
	w4_out_012_1: INTEGER
		PUSH_ID(w4_out_012[0])
		PUSH_ID(w4_out_012[0])
		ADD
		PUSH_ID(w4_out_012[0])
		PUSH_ID(w4_out_012[0])
		SUBTRACT
		MULTIPLY
w4_out_019(1/15)	tail=5
	:- PUSH_STREAM(STREAM_TIMEMOVE_A)
	:- PUSH_STREAM(STREAM_TIMEMOVE_B)
	:- STREAM_HASH
	w4_out_019_0: INTEGER
		PUSH_ID(w4_out_019[0])
		PUSH_ID(w4_out_019[0])
		MULTIPLY
		PUSH_ID(w4_out_019[0])
		ADD
		PUSH_ID(w4_out_019[0])
		PUSH_ID(w4_out_019[0])
		MULTIPLY
		PUSH_ID(w4_out_019[0])
		ADD
		MULTIPLY
		PUSH_VAL(1000)
		DIVIDE
	w4_out_019_1: INTEGER
		PUSH_ID(w4_out_019[0])
		PUSH_ID(w4_out_019[0])
		ADD
		PUSH_ID(w4_out_019[0])
		PUSH_ID(w4_out_019[0])
		SUBTRACT
		MULTIPLY
w4_out_028(1/15)	tail=5
	:- PUSH_STREAM(STREAM_TIMEMOVE_A)
	:- PUSH_STREAM(STREAM_TIMEMOVE_B)
	:- STREAM_HASH
	w4_out_028_0: INTEGER
		PUSH_ID(w4_out_028[0])
		PUSH_ID(w4_out_028[0])
		MULTIPLY
		PUSH_ID(w4_out_028[0])
		ADD
		PUSH_ID(w4_out_028[0])
		PUSH_ID(w4_out_028[0])
		MULTIPLY
		PUSH_ID(w4_out_028[0])
		ADD
		MULTIPLY
		PUSH_VAL(1000)
		DIVIDE
	w4_out_028_1: INTEGER
		PUSH_ID(w4_out_028[0])
		PUSH_ID(w4_out_028[0])
		ADD
		PUSH_ID(w4_out_028[0])
		PUSH_ID(w4_out_028[0])
		SUBTRACT
		MULTIPLY
w4_out_027(1/15)	tail=5
	:- PUSH_STREAM(STREAM_TIMEMOVE_A)
	:- PUSH_STREAM(STREAM_TIMEMOVE_B)
	:- STREAM_HASH
	w4_out_027_0: INTEGER
		PUSH_ID(w4_out_027[0])
		PUSH_ID(w4_out_027[0])
		MULTIPLY
		PUSH_ID(w4_out_027[0])
		ADD
		PUSH_ID(w4_out_027[0])
		PUSH_ID(w4_out_027[0])
		MULTIPLY
		PUSH_ID(w4_out_027[0])
		ADD
		MULTIPLY
		PUSH_VAL(1000)
		DIVIDE
	w4_out_027_1: INTEGER
		PUSH_ID(w4_out_027[0])
		PUSH_ID(w4_out_027[0])
		ADD
		PUSH_ID(w4_out_027[0])
		PUSH_ID(w4_out_027[0])
		SUBTRACT
		MULTIPLY
w4_out_026(1/15)	tail=5
	:- PUSH_STREAM(STREAM_TIMEMOVE_A)
	:- PUSH_STREAM(STREAM_TIMEMOVE_B)
	:- STREAM_HASH
	w4_out_026_0: INTEGER
		PUSH_ID(w4_out_026[0])
		PUSH_ID(w4_out_026[0])
		MULTIPLY
		PUSH_ID(w4_out_026[0])
		ADD
		PUSH_ID(w4_out_026[0])
		PUSH_ID(w4_out_026[0])
		MULTIPLY
		PUSH_ID(w4_out_026[0])
		ADD
		MULTIPLY
		PUSH_VAL(1000)
		DIVIDE
	w4_out_026_1: INTEGER
		PUSH_ID(w4_out_026[0])
		PUSH_ID(w4_out_026[0])
		ADD
		PUSH_ID(w4_out_026[0])
		PUSH_ID(w4_out_026[0])
		SUBTRACT
		MULTIPLY
w4_out_025(1/15)	tail=5
	:- PUSH_STREAM(STREAM_TIMEMOVE_A)
	:- PUSH_STREAM(STREAM_TIMEMOVE_B)
	:- STREAM_HASH
	w4_out_025_0: INTEGER
		PUSH_ID(w4_out_025[0])
		PUSH_ID(w4_out_025[0])
		MULTIPLY
		PUSH_ID(w4_out_025[0])
		ADD
		PUSH_ID(w4_out_025[0])
		PUSH_ID(w4_out_025[0])
		MULTIPLY
		PUSH_ID(w4_out_025[0])
		ADD
		MULTIPLY
		PUSH_VAL(1000)
		DIVIDE
	w4_out_025_1: INTEGER
		PUSH_ID(w4_out_025[0])
		PUSH_ID(w4_out_025[0])
		ADD
		PUSH_ID(w4_out_025[0])
		PUSH_ID(w4_out_025[0])
		SUBTRACT
		MULTIPLY
w4_out_024(1/15)	tail=5
	:- PUSH_STREAM(STREAM_TIMEMOVE_A)
	:- PUSH_STREAM(STREAM_TIMEMOVE_B)
	:- STREAM_HASH
	w4_out_024_0: INTEGER
		PUSH_ID(w4_out_024[0])
		PUSH_ID(w4_out_024[0])
		MULTIPLY
		PUSH_ID(w4_out_024[0])
		ADD
		PUSH_ID(w4_out_024[0])
		PUSH_ID(w4_out_024[0])
		MULTIPLY
		PUSH_ID(w4_out_024[0])
		ADD
		MULTIPLY
		PUSH_VAL(1000)
		DIVIDE
	w4_out_024_1: INTEGER
		PUSH_ID(w4_out_024[0])
		PUSH_ID(w4_out_024[0])
		ADD
		PUSH_ID(w4_out_024[0])
		PUSH_ID(w4_out_024[0])
		SUBTRACT
		MULTIPLY
w4_out_014(1/15)	tail=5
	:- PUSH_STREAM(STREAM_TIMEMOVE_A)
	:- PUSH_STREAM(STREAM_TIMEMOVE_B)
	:- STREAM_HASH
	w4_out_014_0: INTEGER
		PUSH_ID(w4_out_014[0])
		PUSH_ID(w4_out_014[0])
		MULTIPLY
		PUSH_ID(w4_out_014[0])
		ADD
		PUSH_ID(w4_out_014[0])
		PUSH_ID(w4_out_014[0])
		MULTIPLY
		PUSH_ID(w4_out_014[0])
		ADD
		MULTIPLY
		PUSH_VAL(1000)
		DIVIDE
	w4_out_014_1: INTEGER
		PUSH_ID(w4_out_014[0])
		PUSH_ID(w4_out_014[0])
		ADD
		PUSH_ID(w4_out_014[0])
		PUSH_ID(w4_out_014[0])
		SUBTRACT
		MULTIPLY
w4_out_022(1/15)	tail=5
	:- PUSH_STREAM(STREAM_TIMEMOVE_A)
	:- PUSH_STREAM(STREAM_TIMEMOVE_B)
	:- STREAM_HASH
	w4_out_022_0: INTEGER
		PUSH_ID(w4_out_022[0])
		PUSH_ID(w4_out_022[0])
		MULTIPLY
		PUSH_ID(w4_out_022[0])
		ADD
		PUSH_ID(w4_out_022[0])
		PUSH_ID(w4_out_022[0])
		MULTIPLY
		PUSH_ID(w4_out_022[0])
		ADD
		MULTIPLY
		PUSH_VAL(1000)
		DIVIDE
	w4_out_022_1: INTEGER
		PUSH_ID(w4_out_022[0])
		PUSH_ID(w4_out_022[0])
		ADD
		PUSH_ID(w4_out_022[0])
		PUSH_ID(w4_out_022[0])
		SUBTRACT
		MULTIPLY
w4_out_021(1/15)	tail=5
	:- PUSH_STREAM(STREAM_TIMEMOVE_A)
	:- PUSH_STREAM(STREAM_TIMEMOVE_B)
	:- STREAM_HASH
	w4_out_021_0: INTEGER
		PUSH_ID(w4_out_021[0])
		PUSH_ID(w4_out_021[0])
		MULTIPLY
		PUSH_ID(w4_out_021[0])
		ADD
		PUSH_ID(w4_out_021[0])
		PUSH_ID(w4_out_021[0])
		MULTIPLY
		PUSH_ID(w4_out_021[0])
		ADD
		MULTIPLY
		PUSH_VAL(1000)
		DIVIDE
	w4_out_021_1: INTEGER
		PUSH_ID(w4_out_021[0])
		PUSH_ID(w4_out_021[0])
		ADD
		PUSH_ID(w4_out_021[0])
		PUSH_ID(w4_out_021[0])
		SUBTRACT
		MULTIPLY
w4_out_030(1/15)	tail=5
	:- PUSH_STREAM(STREAM_TIMEMOVE_A)
	:- PUSH_STREAM(STREAM_TIMEMOVE_B)
	:- STREAM_HASH
	w4_out_030_0: INTEGER
		PUSH_ID(w4_out_030[0])
		PUSH_ID(w4_out_030[0])
		MULTIPLY
		PUSH_ID(w4_out_030[0])
		ADD
		PUSH_ID(w4_out_030[0])
		PUSH_ID(w4_out_030[0])
		MULTIPLY
		PUSH_ID(w4_out_030[0])
		ADD
		MULTIPLY
		PUSH_VAL(1000)
		DIVIDE
	w4_out_030_1: INTEGER
		PUSH_ID(w4_out_030[0])
		PUSH_ID(w4_out_030[0])
		ADD
		PUSH_ID(w4_out_030[0])
		PUSH_ID(w4_out_030[0])
		SUBTRACT
		MULTIPLY
w4_out_018(1/15)	tail=5
	:- PUSH_STREAM(STREAM_TIMEMOVE_A)
	:- PUSH_STREAM(STREAM_TIMEMOVE_B)
	:- STREAM_HASH
	w4_out_018_0: INTEGER
		PUSH_ID(w4_out_018[0])
		PUSH_ID(w4_out_018[0])
		MULTIPLY
		PUSH_ID(w4_out_018[0])
		ADD
		PUSH_ID(w4_out_018[0])
		PUSH_ID(w4_out_018[0])
		MULTIPLY
		PUSH_ID(w4_out_018[0])
		ADD
		MULTIPLY
		PUSH_VAL(1000)
		DIVIDE
	w4_out_018_1: INTEGER
		PUSH_ID(w4_out_018[0])
		PUSH_ID(w4_out_018[0])
		ADD
		PUSH_ID(w4_out_018[0])
		PUSH_ID(w4_out_018[0])
		SUBTRACT
		MULTIPLY
w4_out_017(1/15)	tail=5
	:- PUSH_STREAM(STREAM_TIMEMOVE_A)
	:- PUSH_STREAM(STREAM_TIMEMOVE_B)
	:- STREAM_HASH
	w4_out_017_0: INTEGER
		PUSH_ID(w4_out_017[0])
		PUSH_ID(w4_out_017[0])
		MULTIPLY
		PUSH_ID(w4_out_017[0])
		ADD
		PUSH_ID(w4_out_017[0])
		PUSH_ID(w4_out_017[0])
		MULTIPLY
		PUSH_ID(w4_out_017[0])
		ADD
		MULTIPLY
		PUSH_VAL(1000)
		DIVIDE
	w4_out_017_1: INTEGER
		PUSH_ID(w4_out_017[0])
		PUSH_ID(w4_out_017[0])
		ADD
		PUSH_ID(w4_out_017[0])
		PUSH_ID(w4_out_017[0])
		SUBTRACT
		MULTIPLY
w4_out_016(1/15)	tail=5
	:- PUSH_STREAM(STREAM_TIMEMOVE_A)
	:- PUSH_STREAM(STREAM_TIMEMOVE_B)
	:- STREAM_HASH
	w4_out_016_0: INTEGER
		PUSH_ID(w4_out_016[0])
		PUSH_ID(w4_out_016[0])
		MULTIPLY
		PUSH_ID(w4_out_016[0])
		ADD
		PUSH_ID(w4_out_016[0])
		PUSH_ID(w4_out_016[0])
		MULTIPLY
		PUSH_ID(w4_out_016[0])
		ADD
		MULTIPLY
		PUSH_VAL(1000)
		DIVIDE
	w4_out_016_1: INTEGER
		PUSH_ID(w4_out_016[0])
		PUSH_ID(w4_out_016[0])
		ADD
		PUSH_ID(w4_out_016[0])
		PUSH_ID(w4_out_016[0])
		SUBTRACT
		MULTIPLY
w4_out_015(1/15)	tail=5
	:- PUSH_STREAM(STREAM_TIMEMOVE_A)
	:- PUSH_STREAM(STREAM_TIMEMOVE_B)
	:- STREAM_HASH
	w4_out_015_0: INTEGER
		PUSH_ID(w4_out_015[0])
		PUSH_ID(w4_out_015[0])
		MULTIPLY
		PUSH_ID(w4_out_015[0])
		ADD
		PUSH_ID(w4_out_015[0])
		PUSH_ID(w4_out_015[0])
		MULTIPLY
		PUSH_ID(w4_out_015[0])
		ADD
		MULTIPLY
		PUSH_VAL(1000)
		DIVIDE
	w4_out_015_1: INTEGER
		PUSH_ID(w4_out_015[0])
		PUSH_ID(w4_out_015[0])
		ADD
		PUSH_ID(w4_out_015[0])
		PUSH_ID(w4_out_015[0])
		SUBTRACT
		MULTIPLY
w4_out_013(1/15)	tail=5
	:- PUSH_STREAM(STREAM_TIMEMOVE_A)
	:- PUSH_STREAM(STREAM_TIMEMOVE_B)
	:- STREAM_HASH
	w4_out_013_0: INTEGER
		PUSH_ID(w4_out_013[0])
		PUSH_ID(w4_out_013[0])
		MULTIPLY
		PUSH_ID(w4_out_013[0])
		ADD
		PUSH_ID(w4_out_013[0])
		PUSH_ID(w4_out_013[0])
		MULTIPLY
		PUSH_ID(w4_out_013[0])
		ADD
		MULTIPLY
		PUSH_VAL(1000)
		DIVIDE
	w4_out_013_1: INTEGER
		PUSH_ID(w4_out_013[0])
		PUSH_ID(w4_out_013[0])
		ADD
		PUSH_ID(w4_out_013[0])
		PUSH_ID(w4_out_013[0])
		SUBTRACT
		MULTIPLY
