:SUBSTRAT	memory
:STORAGE	temp/
A(1/10)	a.txt
	value: INTEGER
STREAM_TIMEMOVE_A(1/10)	tail=2
	:- PUSH_STREAM(A)
	:- STREAM_TIMEMOVE(2)
	value: INTEGER
		PUSH_ID(STREAM_TIMEMOVE_A[0])
B(1/5)	b.txt
	value: INTEGER
STREAM_TIMEMOVE_B(1/5)	tail=1
	:- PUSH_STREAM(B)
	:- STREAM_TIMEMOVE(1)
	value: INTEGER
		PUSH_ID(STREAM_TIMEMOVE_B[0])
w4_out_028(1/15)	tail=5
	:- PUSH_STREAM(STREAM_TIMEMOVE_A)
	:- PUSH_STREAM(STREAM_TIMEMOVE_B)
	:- STREAM_HASH
	value: INTEGER
		PUSH_ID(w4_out_028[0])
w4_p_028(1/15)	tail=5
	:- PUSH_STREAM(w4_out_028)
	w4_p_028_0: INTEGER
		PUSH_ID(w4_p_028[0])
w4_win_028(1/15)	tail=35
	:- PUSH_STREAM(w4_p_028)
	:- STREAM_AGSE(1,30)
	w4_p_028_0: INTEGER
		PUSH_ID(w4_win_028[0])
	w4_p_028_1: INTEGER
		PUSH_ID(w4_win_028[1])
	w4_p_028_2: INTEGER
		PUSH_ID(w4_win_028[2])
	w4_p_028_3: INTEGER
		PUSH_ID(w4_win_028[3])
	w4_p_028_4: INTEGER
		PUSH_ID(w4_win_028[4])
	w4_p_028_5: INTEGER
		PUSH_ID(w4_win_028[5])
	w4_p_028_6: INTEGER
		PUSH_ID(w4_win_028[6])
	w4_p_028_7: INTEGER
		PUSH_ID(w4_win_028[7])
	w4_p_028_8: INTEGER
		PUSH_ID(w4_win_028[8])
	w4_p_028_9: INTEGER
		PUSH_ID(w4_win_028[9])
	w4_p_028_10: INTEGER
		PUSH_ID(w4_win_028[10])
	w4_p_028_11: INTEGER
		PUSH_ID(w4_win_028[11])
	w4_p_028_12: INTEGER
		PUSH_ID(w4_win_028[12])
	w4_p_028_13: INTEGER
		PUSH_ID(w4_win_028[13])
	w4_p_028_14: INTEGER
		PUSH_ID(w4_win_028[14])
	w4_p_028_15: INTEGER
		PUSH_ID(w4_win_028[15])
	w4_p_028_16: INTEGER
		PUSH_ID(w4_win_028[16])
	w4_p_028_17: INTEGER
		PUSH_ID(w4_win_028[17])
	w4_p_028_18: INTEGER
		PUSH_ID(w4_win_028[18])
	w4_p_028_19: INTEGER
		PUSH_ID(w4_win_028[19])
	w4_p_028_20: INTEGER
		PUSH_ID(w4_win_028[20])
	w4_p_028_21: INTEGER
		PUSH_ID(w4_win_028[21])
	w4_p_028_22: INTEGER
		PUSH_ID(w4_win_028[22])
	w4_p_028_23: INTEGER
		PUSH_ID(w4_win_028[23])
	w4_p_028_24: INTEGER
		PUSH_ID(w4_win_028[24])
	w4_p_028_25: INTEGER
		PUSH_ID(w4_win_028[25])
	w4_p_028_26: INTEGER
		PUSH_ID(w4_win_028[26])
	w4_p_028_27: INTEGER
		PUSH_ID(w4_win_028[27])
	w4_p_028_28: INTEGER
		PUSH_ID(w4_win_028[28])
	w4_p_028_29: INTEGER
		PUSH_ID(w4_win_028[29])
w4_avg_028(1/15)	tail=35
	:- PUSH_STREAM(w4_win_028)
	:- STREAM_AVG
	w4_avg_028_0: INTEGER
		PUSH_ID(w4_avg_028[0])
w4_out_014(1/15)	tail=5
	:- PUSH_STREAM(STREAM_TIMEMOVE_A)
	:- PUSH_STREAM(STREAM_TIMEMOVE_B)
	:- STREAM_HASH
	value: INTEGER
		PUSH_ID(w4_out_014[0])
w4_out_025(1/15)	tail=5
	:- PUSH_STREAM(STREAM_TIMEMOVE_A)
	:- PUSH_STREAM(STREAM_TIMEMOVE_B)
	:- STREAM_HASH
	value: INTEGER
		PUSH_ID(w4_out_025[0])
w4_out_031(1/15)	tail=5
	:- PUSH_STREAM(STREAM_TIMEMOVE_A)
	:- PUSH_STREAM(STREAM_TIMEMOVE_B)
	:- STREAM_HASH
	value: INTEGER
		PUSH_ID(w4_out_031[0])
w4_p_031(1/15)	tail=5
	:- PUSH_STREAM(w4_out_031)
	w4_p_031_0: INTEGER
		PUSH_ID(w4_p_031[0])
w4_win_031(1/15)	tail=35
	:- PUSH_STREAM(w4_p_031)
	:- STREAM_AGSE(1,30)
	w4_p_031_0: INTEGER
		PUSH_ID(w4_win_031[0])
	w4_p_031_1: INTEGER
		PUSH_ID(w4_win_031[1])
	w4_p_031_2: INTEGER
		PUSH_ID(w4_win_031[2])
	w4_p_031_3: INTEGER
		PUSH_ID(w4_win_031[3])
	w4_p_031_4: INTEGER
		PUSH_ID(w4_win_031[4])
	w4_p_031_5: INTEGER
		PUSH_ID(w4_win_031[5])
	w4_p_031_6: INTEGER
		PUSH_ID(w4_win_031[6])
	w4_p_031_7: INTEGER
		PUSH_ID(w4_win_031[7])
	w4_p_031_8: INTEGER
		PUSH_ID(w4_win_031[8])
	w4_p_031_9: INTEGER
		PUSH_ID(w4_win_031[9])
	w4_p_031_10: INTEGER
		PUSH_ID(w4_win_031[10])
	w4_p_031_11: INTEGER
		PUSH_ID(w4_win_031[11])
	w4_p_031_12: INTEGER
		PUSH_ID(w4_win_031[12])
	w4_p_031_13: INTEGER
		PUSH_ID(w4_win_031[13])
	w4_p_031_14: INTEGER
		PUSH_ID(w4_win_031[14])
	w4_p_031_15: INTEGER
		PUSH_ID(w4_win_031[15])
	w4_p_031_16: INTEGER
		PUSH_ID(w4_win_031[16])
	w4_p_031_17: INTEGER
		PUSH_ID(w4_win_031[17])
	w4_p_031_18: INTEGER
		PUSH_ID(w4_win_031[18])
	w4_p_031_19: INTEGER
		PUSH_ID(w4_win_031[19])
	w4_p_031_20: INTEGER
		PUSH_ID(w4_win_031[20])
	w4_p_031_21: INTEGER
		PUSH_ID(w4_win_031[21])
	w4_p_031_22: INTEGER
		PUSH_ID(w4_win_031[22])
	w4_p_031_23: INTEGER
		PUSH_ID(w4_win_031[23])
	w4_p_031_24: INTEGER
		PUSH_ID(w4_win_031[24])
	w4_p_031_25: INTEGER
		PUSH_ID(w4_win_031[25])
	w4_p_031_26: INTEGER
		PUSH_ID(w4_win_031[26])
	w4_p_031_27: INTEGER
		PUSH_ID(w4_win_031[27])
	w4_p_031_28: INTEGER
		PUSH_ID(w4_win_031[28])
	w4_p_031_29: INTEGER
		PUSH_ID(w4_win_031[29])
w4_avg_031(1/15)	tail=35
	:- PUSH_STREAM(w4_win_031)
	:- STREAM_AVG
	w4_avg_031_0: INTEGER
		PUSH_ID(w4_avg_031[0])
w4_out_026(1/15)	tail=5
	:- PUSH_STREAM(STREAM_TIMEMOVE_A)
	:- PUSH_STREAM(STREAM_TIMEMOVE_B)
	:- STREAM_HASH
	value: INTEGER
		PUSH_ID(w4_out_026[0])
w4_p_026(1/15)	tail=5
	:- PUSH_STREAM(w4_out_026)
	w4_p_026_0: INTEGER
		PUSH_ID(w4_p_026[0])
w4_out_007(1/15)	tail=5
	:- PUSH_STREAM(STREAM_TIMEMOVE_A)
	:- PUSH_STREAM(STREAM_TIMEMOVE_B)
	:- STREAM_HASH
	value: INTEGER
		PUSH_ID(w4_out_007[0])
w4_p_007(1/15)	tail=5
	:- PUSH_STREAM(w4_out_007)
	w4_p_007_0: INTEGER
		PUSH_ID(w4_p_007[0])
w4_win_007(1/15)	tail=35
	:- PUSH_STREAM(w4_p_007)
	:- STREAM_AGSE(1,30)
	w4_p_007_0: INTEGER
		PUSH_ID(w4_win_007[0])
	w4_p_007_1: INTEGER
		PUSH_ID(w4_win_007[1])
	w4_p_007_2: INTEGER
		PUSH_ID(w4_win_007[2])
	w4_p_007_3: INTEGER
		PUSH_ID(w4_win_007[3])
	w4_p_007_4: INTEGER
		PUSH_ID(w4_win_007[4])
	w4_p_007_5: INTEGER
		PUSH_ID(w4_win_007[5])
	w4_p_007_6: INTEGER
		PUSH_ID(w4_win_007[6])
	w4_p_007_7: INTEGER
		PUSH_ID(w4_win_007[7])
	w4_p_007_8: INTEGER
		PUSH_ID(w4_win_007[8])
	w4_p_007_9: INTEGER
		PUSH_ID(w4_win_007[9])
	w4_p_007_10: INTEGER
		PUSH_ID(w4_win_007[10])
	w4_p_007_11: INTEGER
		PUSH_ID(w4_win_007[11])
	w4_p_007_12: INTEGER
		PUSH_ID(w4_win_007[12])
	w4_p_007_13: INTEGER
		PUSH_ID(w4_win_007[13])
	w4_p_007_14: INTEGER
		PUSH_ID(w4_win_007[14])
	w4_p_007_15: INTEGER
		PUSH_ID(w4_win_007[15])
	w4_p_007_16: INTEGER
		PUSH_ID(w4_win_007[16])
	w4_p_007_17: INTEGER
		PUSH_ID(w4_win_007[17])
	w4_p_007_18: INTEGER
		PUSH_ID(w4_win_007[18])
	w4_p_007_19: INTEGER
		PUSH_ID(w4_win_007[19])
	w4_p_007_20: INTEGER
		PUSH_ID(w4_win_007[20])
	w4_p_007_21: INTEGER
		PUSH_ID(w4_win_007[21])
	w4_p_007_22: INTEGER
		PUSH_ID(w4_win_007[22])
	w4_p_007_23: INTEGER
		PUSH_ID(w4_win_007[23])
	w4_p_007_24: INTEGER
		PUSH_ID(w4_win_007[24])
	w4_p_007_25: INTEGER
		PUSH_ID(w4_win_007[25])
	w4_p_007_26: INTEGER
		PUSH_ID(w4_win_007[26])
	w4_p_007_27: INTEGER
		PUSH_ID(w4_win_007[27])
	w4_p_007_28: INTEGER
		PUSH_ID(w4_win_007[28])
	w4_p_007_29: INTEGER
		PUSH_ID(w4_win_007[29])
w4_avg_007(1/15)	tail=35
	:- PUSH_STREAM(w4_win_007)
	:- STREAM_AVG
	w4_avg_007_0: INTEGER
		PUSH_ID(w4_avg_007[0])
w4_out_003(1/15)	tail=5
	:- PUSH_STREAM(STREAM_TIMEMOVE_A)
	:- PUSH_STREAM(STREAM_TIMEMOVE_B)
	:- STREAM_HASH
	value: INTEGER
		PUSH_ID(w4_out_003[0])
w4_p_025(1/15)	tail=5
	:- PUSH_STREAM(w4_out_025)
	w4_p_025_0: INTEGER
		PUSH_ID(w4_p_025[0])
w4_win_025(1/15)	tail=35
	:- PUSH_STREAM(w4_p_025)
	:- STREAM_AGSE(1,30)
	w4_p_025_0: INTEGER
		PUSH_ID(w4_win_025[0])
	w4_p_025_1: INTEGER
		PUSH_ID(w4_win_025[1])
	w4_p_025_2: INTEGER
		PUSH_ID(w4_win_025[2])
	w4_p_025_3: INTEGER
		PUSH_ID(w4_win_025[3])
	w4_p_025_4: INTEGER
		PUSH_ID(w4_win_025[4])
	w4_p_025_5: INTEGER
		PUSH_ID(w4_win_025[5])
	w4_p_025_6: INTEGER
		PUSH_ID(w4_win_025[6])
	w4_p_025_7: INTEGER
		PUSH_ID(w4_win_025[7])
	w4_p_025_8: INTEGER
		PUSH_ID(w4_win_025[8])
	w4_p_025_9: INTEGER
		PUSH_ID(w4_win_025[9])
	w4_p_025_10: INTEGER
		PUSH_ID(w4_win_025[10])
	w4_p_025_11: INTEGER
		PUSH_ID(w4_win_025[11])
	w4_p_025_12: INTEGER
		PUSH_ID(w4_win_025[12])
	w4_p_025_13: INTEGER
		PUSH_ID(w4_win_025[13])
	w4_p_025_14: INTEGER
		PUSH_ID(w4_win_025[14])
	w4_p_025_15: INTEGER
		PUSH_ID(w4_win_025[15])
	w4_p_025_16: INTEGER
		PUSH_ID(w4_win_025[16])
	w4_p_025_17: INTEGER
		PUSH_ID(w4_win_025[17])
	w4_p_025_18: INTEGER
		PUSH_ID(w4_win_025[18])
	w4_p_025_19: INTEGER
		PUSH_ID(w4_win_025[19])
	w4_p_025_20: INTEGER
		PUSH_ID(w4_win_025[20])
	w4_p_025_21: INTEGER
		PUSH_ID(w4_win_025[21])
	w4_p_025_22: INTEGER
		PUSH_ID(w4_win_025[22])
	w4_p_025_23: INTEGER
		PUSH_ID(w4_win_025[23])
	w4_p_025_24: INTEGER
		PUSH_ID(w4_win_025[24])
	w4_p_025_25: INTEGER
		PUSH_ID(w4_win_025[25])
	w4_p_025_26: INTEGER
		PUSH_ID(w4_win_025[26])
	w4_p_025_27: INTEGER
		PUSH_ID(w4_win_025[27])
	w4_p_025_28: INTEGER
		PUSH_ID(w4_win_025[28])
	w4_p_025_29: INTEGER
		PUSH_ID(w4_win_025[29])
w4_out_005(1/15)	tail=5
	:- PUSH_STREAM(STREAM_TIMEMOVE_A)
	:- PUSH_STREAM(STREAM_TIMEMOVE_B)
	:- STREAM_HASH
	value: INTEGER
		PUSH_ID(w4_out_005[0])
w4_p_005(1/15)	tail=5
	:- PUSH_STREAM(w4_out_005)
	w4_p_005_0: INTEGER
		PUSH_ID(w4_p_005[0])
w4_win_026(1/15)	tail=35
	:- PUSH_STREAM(w4_p_026)
	:- STREAM_AGSE(1,30)
	w4_p_026_0: INTEGER
		PUSH_ID(w4_win_026[0])
	w4_p_026_1: INTEGER
		PUSH_ID(w4_win_026[1])
	w4_p_026_2: INTEGER
		PUSH_ID(w4_win_026[2])
	w4_p_026_3: INTEGER
		PUSH_ID(w4_win_026[3])
	w4_p_026_4: INTEGER
		PUSH_ID(w4_win_026[4])
	w4_p_026_5: INTEGER
		PUSH_ID(w4_win_026[5])
	w4_p_026_6: INTEGER
		PUSH_ID(w4_win_026[6])
	w4_p_026_7: INTEGER
		PUSH_ID(w4_win_026[7])
	w4_p_026_8: INTEGER
		PUSH_ID(w4_win_026[8])
	w4_p_026_9: INTEGER
		PUSH_ID(w4_win_026[9])
	w4_p_026_10: INTEGER
		PUSH_ID(w4_win_026[10])
	w4_p_026_11: INTEGER
		PUSH_ID(w4_win_026[11])
	w4_p_026_12: INTEGER
		PUSH_ID(w4_win_026[12])
	w4_p_026_13: INTEGER
		PUSH_ID(w4_win_026[13])
	w4_p_026_14: INTEGER
		PUSH_ID(w4_win_026[14])
	w4_p_026_15: INTEGER
		PUSH_ID(w4_win_026[15])
	w4_p_026_16: INTEGER
		PUSH_ID(w4_win_026[16])
	w4_p_026_17: INTEGER
		PUSH_ID(w4_win_026[17])
	w4_p_026_18: INTEGER
		PUSH_ID(w4_win_026[18])
	w4_p_026_19: INTEGER
		PUSH_ID(w4_win_026[19])
	w4_p_026_20: INTEGER
		PUSH_ID(w4_win_026[20])
	w4_p_026_21: INTEGER
		PUSH_ID(w4_win_026[21])
	w4_p_026_22: INTEGER
		PUSH_ID(w4_win_026[22])
	w4_p_026_23: INTEGER
		PUSH_ID(w4_win_026[23])
	w4_p_026_24: INTEGER
		PUSH_ID(w4_win_026[24])
	w4_p_026_25: INTEGER
		PUSH_ID(w4_win_026[25])
	w4_p_026_26: INTEGER
		PUSH_ID(w4_win_026[26])
	w4_p_026_27: INTEGER
		PUSH_ID(w4_win_026[27])
	w4_p_026_28: INTEGER
		PUSH_ID(w4_win_026[28])
	w4_p_026_29: INTEGER
		PUSH_ID(w4_win_026[29])
w4_out_024(1/15)	tail=5
	:- PUSH_STREAM(STREAM_TIMEMOVE_A)
	:- PUSH_STREAM(STREAM_TIMEMOVE_B)
	:- STREAM_HASH
	value: INTEGER
		PUSH_ID(w4_out_024[0])
w4_p_024(1/15)	tail=5
	:- PUSH_STREAM(w4_out_024)
	w4_p_024_0: INTEGER
		PUSH_ID(w4_p_024[0])
w4_win_024(1/15)	tail=35
	:- PUSH_STREAM(w4_p_024)
	:- STREAM_AGSE(1,30)
	w4_p_024_0: INTEGER
		PUSH_ID(w4_win_024[0])
	w4_p_024_1: INTEGER
		PUSH_ID(w4_win_024[1])
	w4_p_024_2: INTEGER
		PUSH_ID(w4_win_024[2])
	w4_p_024_3: INTEGER
		PUSH_ID(w4_win_024[3])
	w4_p_024_4: INTEGER
		PUSH_ID(w4_win_024[4])
	w4_p_024_5: INTEGER
		PUSH_ID(w4_win_024[5])
	w4_p_024_6: INTEGER
		PUSH_ID(w4_win_024[6])
	w4_p_024_7: INTEGER
		PUSH_ID(w4_win_024[7])
	w4_p_024_8: INTEGER
		PUSH_ID(w4_win_024[8])
	w4_p_024_9: INTEGER
		PUSH_ID(w4_win_024[9])
	w4_p_024_10: INTEGER
		PUSH_ID(w4_win_024[10])
	w4_p_024_11: INTEGER
		PUSH_ID(w4_win_024[11])
	w4_p_024_12: INTEGER
		PUSH_ID(w4_win_024[12])
	w4_p_024_13: INTEGER
		PUSH_ID(w4_win_024[13])
	w4_p_024_14: INTEGER
		PUSH_ID(w4_win_024[14])
	w4_p_024_15: INTEGER
		PUSH_ID(w4_win_024[15])
	w4_p_024_16: INTEGER
		PUSH_ID(w4_win_024[16])
	w4_p_024_17: INTEGER
		PUSH_ID(w4_win_024[17])
	w4_p_024_18: INTEGER
		PUSH_ID(w4_win_024[18])
	w4_p_024_19: INTEGER
		PUSH_ID(w4_win_024[19])
	w4_p_024_20: INTEGER
		PUSH_ID(w4_win_024[20])
	w4_p_024_21: INTEGER
		PUSH_ID(w4_win_024[21])
	w4_p_024_22: INTEGER
		PUSH_ID(w4_win_024[22])
	w4_p_024_23: INTEGER
		PUSH_ID(w4_win_024[23])
	w4_p_024_24: INTEGER
		PUSH_ID(w4_win_024[24])
	w4_p_024_25: INTEGER
		PUSH_ID(w4_win_024[25])
	w4_p_024_26: INTEGER
		PUSH_ID(w4_win_024[26])
	w4_p_024_27: INTEGER
		PUSH_ID(w4_win_024[27])
	w4_p_024_28: INTEGER
		PUSH_ID(w4_win_024[28])
	w4_p_024_29: INTEGER
		PUSH_ID(w4_win_024[29])
w4_avg_024(1/15)	tail=35
	:- PUSH_STREAM(w4_win_024)
	:- STREAM_AVG
	w4_avg_024_0: INTEGER
		PUSH_ID(w4_avg_024[0])
w4_avg_026(1/15)	tail=35
	:- PUSH_STREAM(w4_win_026)
	:- STREAM_AVG
	w4_avg_026_0: INTEGER
		PUSH_ID(w4_avg_026[0])
w4_out_008(1/15)	tail=5
	:- PUSH_STREAM(STREAM_TIMEMOVE_A)
	:- PUSH_STREAM(STREAM_TIMEMOVE_B)
	:- STREAM_HASH
	value: INTEGER
		PUSH_ID(w4_out_008[0])
w4_p_008(1/15)	tail=5
	:- PUSH_STREAM(w4_out_008)
	w4_p_008_0: INTEGER
		PUSH_ID(w4_p_008[0])
w4_out_006(1/15)	tail=5
	:- PUSH_STREAM(STREAM_TIMEMOVE_A)
	:- PUSH_STREAM(STREAM_TIMEMOVE_B)
	:- STREAM_HASH
	value: INTEGER
		PUSH_ID(w4_out_006[0])
w4_p_006(1/15)	tail=5
	:- PUSH_STREAM(w4_out_006)
	w4_p_006_0: INTEGER
		PUSH_ID(w4_p_006[0])
w4_out_029(1/15)	tail=5
	:- PUSH_STREAM(STREAM_TIMEMOVE_A)
	:- PUSH_STREAM(STREAM_TIMEMOVE_B)
	:- STREAM_HASH
	value: INTEGER
		PUSH_ID(w4_out_029[0])
w4_p_029(1/15)	tail=5
	:- PUSH_STREAM(w4_out_029)
	w4_p_029_0: INTEGER
		PUSH_ID(w4_p_029[0])
w4_win_029(1/15)	tail=35
	:- PUSH_STREAM(w4_p_029)
	:- STREAM_AGSE(1,30)
	w4_p_029_0: INTEGER
		PUSH_ID(w4_win_029[0])
	w4_p_029_1: INTEGER
		PUSH_ID(w4_win_029[1])
	w4_p_029_2: INTEGER
		PUSH_ID(w4_win_029[2])
	w4_p_029_3: INTEGER
		PUSH_ID(w4_win_029[3])
	w4_p_029_4: INTEGER
		PUSH_ID(w4_win_029[4])
	w4_p_029_5: INTEGER
		PUSH_ID(w4_win_029[5])
	w4_p_029_6: INTEGER
		PUSH_ID(w4_win_029[6])
	w4_p_029_7: INTEGER
		PUSH_ID(w4_win_029[7])
	w4_p_029_8: INTEGER
		PUSH_ID(w4_win_029[8])
	w4_p_029_9: INTEGER
		PUSH_ID(w4_win_029[9])
	w4_p_029_10: INTEGER
		PUSH_ID(w4_win_029[10])
	w4_p_029_11: INTEGER
		PUSH_ID(w4_win_029[11])
	w4_p_029_12: INTEGER
		PUSH_ID(w4_win_029[12])
	w4_p_029_13: INTEGER
		PUSH_ID(w4_win_029[13])
	w4_p_029_14: INTEGER
		PUSH_ID(w4_win_029[14])
	w4_p_029_15: INTEGER
		PUSH_ID(w4_win_029[15])
	w4_p_029_16: INTEGER
		PUSH_ID(w4_win_029[16])
	w4_p_029_17: INTEGER
		PUSH_ID(w4_win_029[17])
	w4_p_029_18: INTEGER
		PUSH_ID(w4_win_029[18])
	w4_p_029_19: INTEGER
		PUSH_ID(w4_win_029[19])
	w4_p_029_20: INTEGER
		PUSH_ID(w4_win_029[20])
	w4_p_029_21: INTEGER
		PUSH_ID(w4_win_029[21])
	w4_p_029_22: INTEGER
		PUSH_ID(w4_win_029[22])
	w4_p_029_23: INTEGER
		PUSH_ID(w4_win_029[23])
	w4_p_029_24: INTEGER
		PUSH_ID(w4_win_029[24])
	w4_p_029_25: INTEGER
		PUSH_ID(w4_win_029[25])
	w4_p_029_26: INTEGER
		PUSH_ID(w4_win_029[26])
	w4_p_029_27: INTEGER
		PUSH_ID(w4_win_029[27])
	w4_p_029_28: INTEGER
		PUSH_ID(w4_win_029[28])
	w4_p_029_29: INTEGER
		PUSH_ID(w4_win_029[29])
w4_avg_029(1/15)	tail=35
	:- PUSH_STREAM(w4_win_029)
	:- STREAM_AVG
	w4_avg_029_0: INTEGER
		PUSH_ID(w4_avg_029[0])
w4_out_027(1/15)	tail=5
	:- PUSH_STREAM(STREAM_TIMEMOVE_A)
	:- PUSH_STREAM(STREAM_TIMEMOVE_B)
	:- STREAM_HASH
	value: INTEGER
		PUSH_ID(w4_out_027[0])
w4_p_003(1/15)	tail=5
	:- PUSH_STREAM(w4_out_003)
	w4_p_003_0: INTEGER
		PUSH_ID(w4_p_003[0])
w4_out_013(1/15)	tail=5
	:- PUSH_STREAM(STREAM_TIMEMOVE_A)
	:- PUSH_STREAM(STREAM_TIMEMOVE_B)
	:- STREAM_HASH
	value: INTEGER
		PUSH_ID(w4_out_013[0])
w4_p_013(1/15)	tail=5
	:- PUSH_STREAM(w4_out_013)
	w4_p_013_0: INTEGER
		PUSH_ID(w4_p_013[0])
w4_out_015(1/15)	tail=5
	:- PUSH_STREAM(STREAM_TIMEMOVE_A)
	:- PUSH_STREAM(STREAM_TIMEMOVE_B)
	:- STREAM_HASH
	value: INTEGER
		PUSH_ID(w4_out_015[0])
w4_p_015(1/15)	tail=5
	:- PUSH_STREAM(w4_out_015)
	w4_p_015_0: INTEGER
		PUSH_ID(w4_p_015[0])
w4_win_015(1/15)	tail=35
	:- PUSH_STREAM(w4_p_015)
	:- STREAM_AGSE(1,30)
	w4_p_015_0: INTEGER
		PUSH_ID(w4_win_015[0])
	w4_p_015_1: INTEGER
		PUSH_ID(w4_win_015[1])
	w4_p_015_2: INTEGER
		PUSH_ID(w4_win_015[2])
	w4_p_015_3: INTEGER
		PUSH_ID(w4_win_015[3])
	w4_p_015_4: INTEGER
		PUSH_ID(w4_win_015[4])
	w4_p_015_5: INTEGER
		PUSH_ID(w4_win_015[5])
	w4_p_015_6: INTEGER
		PUSH_ID(w4_win_015[6])
	w4_p_015_7: INTEGER
		PUSH_ID(w4_win_015[7])
	w4_p_015_8: INTEGER
		PUSH_ID(w4_win_015[8])
	w4_p_015_9: INTEGER
		PUSH_ID(w4_win_015[9])
	w4_p_015_10: INTEGER
		PUSH_ID(w4_win_015[10])
	w4_p_015_11: INTEGER
		PUSH_ID(w4_win_015[11])
	w4_p_015_12: INTEGER
		PUSH_ID(w4_win_015[12])
	w4_p_015_13: INTEGER
		PUSH_ID(w4_win_015[13])
	w4_p_015_14: INTEGER
		PUSH_ID(w4_win_015[14])
	w4_p_015_15: INTEGER
		PUSH_ID(w4_win_015[15])
	w4_p_015_16: INTEGER
		PUSH_ID(w4_win_015[16])
	w4_p_015_17: INTEGER
		PUSH_ID(w4_win_015[17])
	w4_p_015_18: INTEGER
		PUSH_ID(w4_win_015[18])
	w4_p_015_19: INTEGER
		PUSH_ID(w4_win_015[19])
	w4_p_015_20: INTEGER
		PUSH_ID(w4_win_015[20])
	w4_p_015_21: INTEGER
		PUSH_ID(w4_win_015[21])
	w4_p_015_22: INTEGER
		PUSH_ID(w4_win_015[22])
	w4_p_015_23: INTEGER
		PUSH_ID(w4_win_015[23])
	w4_p_015_24: INTEGER
		PUSH_ID(w4_win_015[24])
	w4_p_015_25: INTEGER
		PUSH_ID(w4_win_015[25])
	w4_p_015_26: INTEGER
		PUSH_ID(w4_win_015[26])
	w4_p_015_27: INTEGER
		PUSH_ID(w4_win_015[27])
	w4_p_015_28: INTEGER
		PUSH_ID(w4_win_015[28])
	w4_p_015_29: INTEGER
		PUSH_ID(w4_win_015[29])
w4_avg_015(1/15)	tail=35
	:- PUSH_STREAM(w4_win_015)
	:- STREAM_AVG
	w4_avg_015_0: INTEGER
		PUSH_ID(w4_avg_015[0])
w4_out_023(1/15)	tail=5
	:- PUSH_STREAM(STREAM_TIMEMOVE_A)
	:- PUSH_STREAM(STREAM_TIMEMOVE_B)
	:- STREAM_HASH
	value: INTEGER
		PUSH_ID(w4_out_023[0])
w4_out_018(1/15)	tail=5
	:- PUSH_STREAM(STREAM_TIMEMOVE_A)
	:- PUSH_STREAM(STREAM_TIMEMOVE_B)
	:- STREAM_HASH
	value: INTEGER
		PUSH_ID(w4_out_018[0])
w4_out_017(1/15)	tail=5
	:- PUSH_STREAM(STREAM_TIMEMOVE_A)
	:- PUSH_STREAM(STREAM_TIMEMOVE_B)
	:- STREAM_HASH
	value: INTEGER
		PUSH_ID(w4_out_017[0])
w4_out_019(1/15)	tail=5
	:- PUSH_STREAM(STREAM_TIMEMOVE_A)
	:- PUSH_STREAM(STREAM_TIMEMOVE_B)
	:- STREAM_HASH
	value: INTEGER
		PUSH_ID(w4_out_019[0])
w4_p_019(1/15)	tail=5
	:- PUSH_STREAM(w4_out_019)
	w4_p_019_0: INTEGER
		PUSH_ID(w4_p_019[0])
w4_win_019(1/15)	tail=35
	:- PUSH_STREAM(w4_p_019)
	:- STREAM_AGSE(1,30)
	w4_p_019_0: INTEGER
		PUSH_ID(w4_win_019[0])
	w4_p_019_1: INTEGER
		PUSH_ID(w4_win_019[1])
	w4_p_019_2: INTEGER
		PUSH_ID(w4_win_019[2])
	w4_p_019_3: INTEGER
		PUSH_ID(w4_win_019[3])
	w4_p_019_4: INTEGER
		PUSH_ID(w4_win_019[4])
	w4_p_019_5: INTEGER
		PUSH_ID(w4_win_019[5])
	w4_p_019_6: INTEGER
		PUSH_ID(w4_win_019[6])
	w4_p_019_7: INTEGER
		PUSH_ID(w4_win_019[7])
	w4_p_019_8: INTEGER
		PUSH_ID(w4_win_019[8])
	w4_p_019_9: INTEGER
		PUSH_ID(w4_win_019[9])
	w4_p_019_10: INTEGER
		PUSH_ID(w4_win_019[10])
	w4_p_019_11: INTEGER
		PUSH_ID(w4_win_019[11])
	w4_p_019_12: INTEGER
		PUSH_ID(w4_win_019[12])
	w4_p_019_13: INTEGER
		PUSH_ID(w4_win_019[13])
	w4_p_019_14: INTEGER
		PUSH_ID(w4_win_019[14])
	w4_p_019_15: INTEGER
		PUSH_ID(w4_win_019[15])
	w4_p_019_16: INTEGER
		PUSH_ID(w4_win_019[16])
	w4_p_019_17: INTEGER
		PUSH_ID(w4_win_019[17])
	w4_p_019_18: INTEGER
		PUSH_ID(w4_win_019[18])
	w4_p_019_19: INTEGER
		PUSH_ID(w4_win_019[19])
	w4_p_019_20: INTEGER
		PUSH_ID(w4_win_019[20])
	w4_p_019_21: INTEGER
		PUSH_ID(w4_win_019[21])
	w4_p_019_22: INTEGER
		PUSH_ID(w4_win_019[22])
	w4_p_019_23: INTEGER
		PUSH_ID(w4_win_019[23])
	w4_p_019_24: INTEGER
		PUSH_ID(w4_win_019[24])
	w4_p_019_25: INTEGER
		PUSH_ID(w4_win_019[25])
	w4_p_019_26: INTEGER
		PUSH_ID(w4_win_019[26])
	w4_p_019_27: INTEGER
		PUSH_ID(w4_win_019[27])
	w4_p_019_28: INTEGER
		PUSH_ID(w4_win_019[28])
	w4_p_019_29: INTEGER
		PUSH_ID(w4_win_019[29])
w4_avg_019(1/15)	tail=35
	:- PUSH_STREAM(w4_win_019)
	:- STREAM_AVG
	w4_avg_019_0: INTEGER
		PUSH_ID(w4_avg_019[0])
w4_out_004(1/15)	tail=5
	:- PUSH_STREAM(STREAM_TIMEMOVE_A)
	:- PUSH_STREAM(STREAM_TIMEMOVE_B)
	:- STREAM_HASH
	value: INTEGER
		PUSH_ID(w4_out_004[0])
w4_out_030(1/15)	tail=5
	:- PUSH_STREAM(STREAM_TIMEMOVE_A)
	:- PUSH_STREAM(STREAM_TIMEMOVE_B)
	:- STREAM_HASH
	value: INTEGER
		PUSH_ID(w4_out_030[0])
w4_p_030(1/15)	tail=5
	:- PUSH_STREAM(w4_out_030)
	w4_p_030_0: INTEGER
		PUSH_ID(w4_p_030[0])
w4_win_030(1/15)	tail=35
	:- PUSH_STREAM(w4_p_030)
	:- STREAM_AGSE(1,30)
	w4_p_030_0: INTEGER
		PUSH_ID(w4_win_030[0])
	w4_p_030_1: INTEGER
		PUSH_ID(w4_win_030[1])
	w4_p_030_2: INTEGER
		PUSH_ID(w4_win_030[2])
	w4_p_030_3: INTEGER
		PUSH_ID(w4_win_030[3])
	w4_p_030_4: INTEGER
		PUSH_ID(w4_win_030[4])
	w4_p_030_5: INTEGER
		PUSH_ID(w4_win_030[5])
	w4_p_030_6: INTEGER
		PUSH_ID(w4_win_030[6])
	w4_p_030_7: INTEGER
		PUSH_ID(w4_win_030[7])
	w4_p_030_8: INTEGER
		PUSH_ID(w4_win_030[8])
	w4_p_030_9: INTEGER
		PUSH_ID(w4_win_030[9])
	w4_p_030_10: INTEGER
		PUSH_ID(w4_win_030[10])
	w4_p_030_11: INTEGER
		PUSH_ID(w4_win_030[11])
	w4_p_030_12: INTEGER
		PUSH_ID(w4_win_030[12])
	w4_p_030_13: INTEGER
		PUSH_ID(w4_win_030[13])
	w4_p_030_14: INTEGER
		PUSH_ID(w4_win_030[14])
	w4_p_030_15: INTEGER
		PUSH_ID(w4_win_030[15])
	w4_p_030_16: INTEGER
		PUSH_ID(w4_win_030[16])
	w4_p_030_17: INTEGER
		PUSH_ID(w4_win_030[17])
	w4_p_030_18: INTEGER
		PUSH_ID(w4_win_030[18])
	w4_p_030_19: INTEGER
		PUSH_ID(w4_win_030[19])
	w4_p_030_20: INTEGER
		PUSH_ID(w4_win_030[20])
	w4_p_030_21: INTEGER
		PUSH_ID(w4_win_030[21])
	w4_p_030_22: INTEGER
		PUSH_ID(w4_win_030[22])
	w4_p_030_23: INTEGER
		PUSH_ID(w4_win_030[23])
	w4_p_030_24: INTEGER
		PUSH_ID(w4_win_030[24])
	w4_p_030_25: INTEGER
		PUSH_ID(w4_win_030[25])
	w4_p_030_26: INTEGER
		PUSH_ID(w4_win_030[26])
	w4_p_030_27: INTEGER
		PUSH_ID(w4_win_030[27])
	w4_p_030_28: INTEGER
		PUSH_ID(w4_win_030[28])
	w4_p_030_29: INTEGER
		PUSH_ID(w4_win_030[29])
w4_avg_030(1/15)	tail=35
	:- PUSH_STREAM(w4_win_030)
	:- STREAM_AVG
	w4_avg_030_0: INTEGER
		PUSH_ID(w4_avg_030[0])
w4_out_010(1/15)	tail=5
	:- PUSH_STREAM(STREAM_TIMEMOVE_A)
	:- PUSH_STREAM(STREAM_TIMEMOVE_B)
	:- STREAM_HASH
	value: INTEGER
		PUSH_ID(w4_out_010[0])
w4_out_012(1/15)	tail=5
	:- PUSH_STREAM(STREAM_TIMEMOVE_A)
	:- PUSH_STREAM(STREAM_TIMEMOVE_B)
	:- STREAM_HASH
	value: INTEGER
		PUSH_ID(w4_out_012[0])
w4_out_011(1/15)	tail=5
	:- PUSH_STREAM(STREAM_TIMEMOVE_A)
	:- PUSH_STREAM(STREAM_TIMEMOVE_B)
	:- STREAM_HASH
	value: INTEGER
		PUSH_ID(w4_out_011[0])
w4_p_004(1/15)	tail=5
	:- PUSH_STREAM(w4_out_004)
	w4_p_004_0: INTEGER
		PUSH_ID(w4_p_004[0])
w4_out_000(1/15)	tail=5
	:- PUSH_STREAM(STREAM_TIMEMOVE_A)
	:- PUSH_STREAM(STREAM_TIMEMOVE_B)
	:- STREAM_HASH
	value: INTEGER
		PUSH_ID(w4_out_000[0])
w4_p_012(1/15)	tail=5
	:- PUSH_STREAM(w4_out_012)
	w4_p_012_0: INTEGER
		PUSH_ID(w4_p_012[0])
w4_win_003(1/15)	tail=35
	:- PUSH_STREAM(w4_p_003)
	:- STREAM_AGSE(1,30)
	w4_p_003_0: INTEGER
		PUSH_ID(w4_win_003[0])
	w4_p_003_1: INTEGER
		PUSH_ID(w4_win_003[1])
	w4_p_003_2: INTEGER
		PUSH_ID(w4_win_003[2])
	w4_p_003_3: INTEGER
		PUSH_ID(w4_win_003[3])
	w4_p_003_4: INTEGER
		PUSH_ID(w4_win_003[4])
	w4_p_003_5: INTEGER
		PUSH_ID(w4_win_003[5])
	w4_p_003_6: INTEGER
		PUSH_ID(w4_win_003[6])
	w4_p_003_7: INTEGER
		PUSH_ID(w4_win_003[7])
	w4_p_003_8: INTEGER
		PUSH_ID(w4_win_003[8])
	w4_p_003_9: INTEGER
		PUSH_ID(w4_win_003[9])
	w4_p_003_10: INTEGER
		PUSH_ID(w4_win_003[10])
	w4_p_003_11: INTEGER
		PUSH_ID(w4_win_003[11])
	w4_p_003_12: INTEGER
		PUSH_ID(w4_win_003[12])
	w4_p_003_13: INTEGER
		PUSH_ID(w4_win_003[13])
	w4_p_003_14: INTEGER
		PUSH_ID(w4_win_003[14])
	w4_p_003_15: INTEGER
		PUSH_ID(w4_win_003[15])
	w4_p_003_16: INTEGER
		PUSH_ID(w4_win_003[16])
	w4_p_003_17: INTEGER
		PUSH_ID(w4_win_003[17])
	w4_p_003_18: INTEGER
		PUSH_ID(w4_win_003[18])
	w4_p_003_19: INTEGER
		PUSH_ID(w4_win_003[19])
	w4_p_003_20: INTEGER
		PUSH_ID(w4_win_003[20])
	w4_p_003_21: INTEGER
		PUSH_ID(w4_win_003[21])
	w4_p_003_22: INTEGER
		PUSH_ID(w4_win_003[22])
	w4_p_003_23: INTEGER
		PUSH_ID(w4_win_003[23])
	w4_p_003_24: INTEGER
		PUSH_ID(w4_win_003[24])
	w4_p_003_25: INTEGER
		PUSH_ID(w4_win_003[25])
	w4_p_003_26: INTEGER
		PUSH_ID(w4_win_003[26])
	w4_p_003_27: INTEGER
		PUSH_ID(w4_win_003[27])
	w4_p_003_28: INTEGER
		PUSH_ID(w4_win_003[28])
	w4_p_003_29: INTEGER
		PUSH_ID(w4_win_003[29])
w4_avg_003(1/15)	tail=35
	:- PUSH_STREAM(w4_win_003)
	:- STREAM_AVG
	w4_avg_003_0: INTEGER
		PUSH_ID(w4_avg_003[0])
w4_avg_025(1/15)	tail=35
	:- PUSH_STREAM(w4_win_025)
	:- STREAM_AVG
	w4_avg_025_0: INTEGER
		PUSH_ID(w4_avg_025[0])
w4_out_009(1/15)	tail=5
	:- PUSH_STREAM(STREAM_TIMEMOVE_A)
	:- PUSH_STREAM(STREAM_TIMEMOVE_B)
	:- STREAM_HASH
	value: INTEGER
		PUSH_ID(w4_out_009[0])
w4_p_009(1/15)	tail=5
	:- PUSH_STREAM(w4_out_009)
	w4_p_009_0: INTEGER
		PUSH_ID(w4_p_009[0])
w4_win_009(1/15)	tail=35
	:- PUSH_STREAM(w4_p_009)
	:- STREAM_AGSE(1,30)
	w4_p_009_0: INTEGER
		PUSH_ID(w4_win_009[0])
	w4_p_009_1: INTEGER
		PUSH_ID(w4_win_009[1])
	w4_p_009_2: INTEGER
		PUSH_ID(w4_win_009[2])
	w4_p_009_3: INTEGER
		PUSH_ID(w4_win_009[3])
	w4_p_009_4: INTEGER
		PUSH_ID(w4_win_009[4])
	w4_p_009_5: INTEGER
		PUSH_ID(w4_win_009[5])
	w4_p_009_6: INTEGER
		PUSH_ID(w4_win_009[6])
	w4_p_009_7: INTEGER
		PUSH_ID(w4_win_009[7])
	w4_p_009_8: INTEGER
		PUSH_ID(w4_win_009[8])
	w4_p_009_9: INTEGER
		PUSH_ID(w4_win_009[9])
	w4_p_009_10: INTEGER
		PUSH_ID(w4_win_009[10])
	w4_p_009_11: INTEGER
		PUSH_ID(w4_win_009[11])
	w4_p_009_12: INTEGER
		PUSH_ID(w4_win_009[12])
	w4_p_009_13: INTEGER
		PUSH_ID(w4_win_009[13])
	w4_p_009_14: INTEGER
		PUSH_ID(w4_win_009[14])
	w4_p_009_15: INTEGER
		PUSH_ID(w4_win_009[15])
	w4_p_009_16: INTEGER
		PUSH_ID(w4_win_009[16])
	w4_p_009_17: INTEGER
		PUSH_ID(w4_win_009[17])
	w4_p_009_18: INTEGER
		PUSH_ID(w4_win_009[18])
	w4_p_009_19: INTEGER
		PUSH_ID(w4_win_009[19])
	w4_p_009_20: INTEGER
		PUSH_ID(w4_win_009[20])
	w4_p_009_21: INTEGER
		PUSH_ID(w4_win_009[21])
	w4_p_009_22: INTEGER
		PUSH_ID(w4_win_009[22])
	w4_p_009_23: INTEGER
		PUSH_ID(w4_win_009[23])
	w4_p_009_24: INTEGER
		PUSH_ID(w4_win_009[24])
	w4_p_009_25: INTEGER
		PUSH_ID(w4_win_009[25])
	w4_p_009_26: INTEGER
		PUSH_ID(w4_win_009[26])
	w4_p_009_27: INTEGER
		PUSH_ID(w4_win_009[27])
	w4_p_009_28: INTEGER
		PUSH_ID(w4_win_009[28])
	w4_p_009_29: INTEGER
		PUSH_ID(w4_win_009[29])
w4_avg_009(1/15)	tail=35
	:- PUSH_STREAM(w4_win_009)
	:- STREAM_AVG
	w4_avg_009_0: INTEGER
		PUSH_ID(w4_avg_009[0])
w4_out_020(1/15)	tail=5
	:- PUSH_STREAM(STREAM_TIMEMOVE_A)
	:- PUSH_STREAM(STREAM_TIMEMOVE_B)
	:- STREAM_HASH
	value: INTEGER
		PUSH_ID(w4_out_020[0])
w4_out_002(1/15)	tail=5
	:- PUSH_STREAM(STREAM_TIMEMOVE_A)
	:- PUSH_STREAM(STREAM_TIMEMOVE_B)
	:- STREAM_HASH
	value: INTEGER
		PUSH_ID(w4_out_002[0])
w4_out_001(1/15)	tail=5
	:- PUSH_STREAM(STREAM_TIMEMOVE_A)
	:- PUSH_STREAM(STREAM_TIMEMOVE_B)
	:- STREAM_HASH
	value: INTEGER
		PUSH_ID(w4_out_001[0])
w4_win_005(1/15)	tail=35
	:- PUSH_STREAM(w4_p_005)
	:- STREAM_AGSE(1,30)
	w4_p_005_0: INTEGER
		PUSH_ID(w4_win_005[0])
	w4_p_005_1: INTEGER
		PUSH_ID(w4_win_005[1])
	w4_p_005_2: INTEGER
		PUSH_ID(w4_win_005[2])
	w4_p_005_3: INTEGER
		PUSH_ID(w4_win_005[3])
	w4_p_005_4: INTEGER
		PUSH_ID(w4_win_005[4])
	w4_p_005_5: INTEGER
		PUSH_ID(w4_win_005[5])
	w4_p_005_6: INTEGER
		PUSH_ID(w4_win_005[6])
	w4_p_005_7: INTEGER
		PUSH_ID(w4_win_005[7])
	w4_p_005_8: INTEGER
		PUSH_ID(w4_win_005[8])
	w4_p_005_9: INTEGER
		PUSH_ID(w4_win_005[9])
	w4_p_005_10: INTEGER
		PUSH_ID(w4_win_005[10])
	w4_p_005_11: INTEGER
		PUSH_ID(w4_win_005[11])
	w4_p_005_12: INTEGER
		PUSH_ID(w4_win_005[12])
	w4_p_005_13: INTEGER
		PUSH_ID(w4_win_005[13])
	w4_p_005_14: INTEGER
		PUSH_ID(w4_win_005[14])
	w4_p_005_15: INTEGER
		PUSH_ID(w4_win_005[15])
	w4_p_005_16: INTEGER
		PUSH_ID(w4_win_005[16])
	w4_p_005_17: INTEGER
		PUSH_ID(w4_win_005[17])
	w4_p_005_18: INTEGER
		PUSH_ID(w4_win_005[18])
	w4_p_005_19: INTEGER
		PUSH_ID(w4_win_005[19])
	w4_p_005_20: INTEGER
		PUSH_ID(w4_win_005[20])
	w4_p_005_21: INTEGER
		PUSH_ID(w4_win_005[21])
	w4_p_005_22: INTEGER
		PUSH_ID(w4_win_005[22])
	w4_p_005_23: INTEGER
		PUSH_ID(w4_win_005[23])
	w4_p_005_24: INTEGER
		PUSH_ID(w4_win_005[24])
	w4_p_005_25: INTEGER
		PUSH_ID(w4_win_005[25])
	w4_p_005_26: INTEGER
		PUSH_ID(w4_win_005[26])
	w4_p_005_27: INTEGER
		PUSH_ID(w4_win_005[27])
	w4_p_005_28: INTEGER
		PUSH_ID(w4_win_005[28])
	w4_p_005_29: INTEGER
		PUSH_ID(w4_win_005[29])
w4_out_022(1/15)	tail=5
	:- PUSH_STREAM(STREAM_TIMEMOVE_A)
	:- PUSH_STREAM(STREAM_TIMEMOVE_B)
	:- STREAM_HASH
	value: INTEGER
		PUSH_ID(w4_out_022[0])
w4_p_022(1/15)	tail=5
	:- PUSH_STREAM(w4_out_022)
	w4_p_022_0: INTEGER
		PUSH_ID(w4_p_022[0])
w4_p_020(1/15)	tail=5
	:- PUSH_STREAM(w4_out_020)
	w4_p_020_0: INTEGER
		PUSH_ID(w4_p_020[0])
w4_win_020(1/15)	tail=35
	:- PUSH_STREAM(w4_p_020)
	:- STREAM_AGSE(1,30)
	w4_p_020_0: INTEGER
		PUSH_ID(w4_win_020[0])
	w4_p_020_1: INTEGER
		PUSH_ID(w4_win_020[1])
	w4_p_020_2: INTEGER
		PUSH_ID(w4_win_020[2])
	w4_p_020_3: INTEGER
		PUSH_ID(w4_win_020[3])
	w4_p_020_4: INTEGER
		PUSH_ID(w4_win_020[4])
	w4_p_020_5: INTEGER
		PUSH_ID(w4_win_020[5])
	w4_p_020_6: INTEGER
		PUSH_ID(w4_win_020[6])
	w4_p_020_7: INTEGER
		PUSH_ID(w4_win_020[7])
	w4_p_020_8: INTEGER
		PUSH_ID(w4_win_020[8])
	w4_p_020_9: INTEGER
		PUSH_ID(w4_win_020[9])
	w4_p_020_10: INTEGER
		PUSH_ID(w4_win_020[10])
	w4_p_020_11: INTEGER
		PUSH_ID(w4_win_020[11])
	w4_p_020_12: INTEGER
		PUSH_ID(w4_win_020[12])
	w4_p_020_13: INTEGER
		PUSH_ID(w4_win_020[13])
	w4_p_020_14: INTEGER
		PUSH_ID(w4_win_020[14])
	w4_p_020_15: INTEGER
		PUSH_ID(w4_win_020[15])
	w4_p_020_16: INTEGER
		PUSH_ID(w4_win_020[16])
	w4_p_020_17: INTEGER
		PUSH_ID(w4_win_020[17])
	w4_p_020_18: INTEGER
		PUSH_ID(w4_win_020[18])
	w4_p_020_19: INTEGER
		PUSH_ID(w4_win_020[19])
	w4_p_020_20: INTEGER
		PUSH_ID(w4_win_020[20])
	w4_p_020_21: INTEGER
		PUSH_ID(w4_win_020[21])
	w4_p_020_22: INTEGER
		PUSH_ID(w4_win_020[22])
	w4_p_020_23: INTEGER
		PUSH_ID(w4_win_020[23])
	w4_p_020_24: INTEGER
		PUSH_ID(w4_win_020[24])
	w4_p_020_25: INTEGER
		PUSH_ID(w4_win_020[25])
	w4_p_020_26: INTEGER
		PUSH_ID(w4_win_020[26])
	w4_p_020_27: INTEGER
		PUSH_ID(w4_win_020[27])
	w4_p_020_28: INTEGER
		PUSH_ID(w4_win_020[28])
	w4_p_020_29: INTEGER
		PUSH_ID(w4_win_020[29])
w4_avg_020(1/15)	tail=35
	:- PUSH_STREAM(w4_win_020)
	:- STREAM_AVG
	w4_avg_020_0: INTEGER
		PUSH_ID(w4_avg_020[0])
w4_out_016(1/15)	tail=5
	:- PUSH_STREAM(STREAM_TIMEMOVE_A)
	:- PUSH_STREAM(STREAM_TIMEMOVE_B)
	:- STREAM_HASH
	value: INTEGER
		PUSH_ID(w4_out_016[0])
w4_p_016(1/15)	tail=5
	:- PUSH_STREAM(w4_out_016)
	w4_p_016_0: INTEGER
		PUSH_ID(w4_p_016[0])
w4_p_027(1/15)	tail=5
	:- PUSH_STREAM(w4_out_027)
	w4_p_027_0: INTEGER
		PUSH_ID(w4_p_027[0])
w4_win_016(1/15)	tail=35
	:- PUSH_STREAM(w4_p_016)
	:- STREAM_AGSE(1,30)
	w4_p_016_0: INTEGER
		PUSH_ID(w4_win_016[0])
	w4_p_016_1: INTEGER
		PUSH_ID(w4_win_016[1])
	w4_p_016_2: INTEGER
		PUSH_ID(w4_win_016[2])
	w4_p_016_3: INTEGER
		PUSH_ID(w4_win_016[3])
	w4_p_016_4: INTEGER
		PUSH_ID(w4_win_016[4])
	w4_p_016_5: INTEGER
		PUSH_ID(w4_win_016[5])
	w4_p_016_6: INTEGER
		PUSH_ID(w4_win_016[6])
	w4_p_016_7: INTEGER
		PUSH_ID(w4_win_016[7])
	w4_p_016_8: INTEGER
		PUSH_ID(w4_win_016[8])
	w4_p_016_9: INTEGER
		PUSH_ID(w4_win_016[9])
	w4_p_016_10: INTEGER
		PUSH_ID(w4_win_016[10])
	w4_p_016_11: INTEGER
		PUSH_ID(w4_win_016[11])
	w4_p_016_12: INTEGER
		PUSH_ID(w4_win_016[12])
	w4_p_016_13: INTEGER
		PUSH_ID(w4_win_016[13])
	w4_p_016_14: INTEGER
		PUSH_ID(w4_win_016[14])
	w4_p_016_15: INTEGER
		PUSH_ID(w4_win_016[15])
	w4_p_016_16: INTEGER
		PUSH_ID(w4_win_016[16])
	w4_p_016_17: INTEGER
		PUSH_ID(w4_win_016[17])
	w4_p_016_18: INTEGER
		PUSH_ID(w4_win_016[18])
	w4_p_016_19: INTEGER
		PUSH_ID(w4_win_016[19])
	w4_p_016_20: INTEGER
		PUSH_ID(w4_win_016[20])
	w4_p_016_21: INTEGER
		PUSH_ID(w4_win_016[21])
	w4_p_016_22: INTEGER
		PUSH_ID(w4_win_016[22])
	w4_p_016_23: INTEGER
		PUSH_ID(w4_win_016[23])
	w4_p_016_24: INTEGER
		PUSH_ID(w4_win_016[24])
	w4_p_016_25: INTEGER
		PUSH_ID(w4_win_016[25])
	w4_p_016_26: INTEGER
		PUSH_ID(w4_win_016[26])
	w4_p_016_27: INTEGER
		PUSH_ID(w4_win_016[27])
	w4_p_016_28: INTEGER
		PUSH_ID(w4_win_016[28])
	w4_p_016_29: INTEGER
		PUSH_ID(w4_win_016[29])
w4_avg_016(1/15)	tail=35
	:- PUSH_STREAM(w4_win_016)
	:- STREAM_AVG
	w4_avg_016_0: INTEGER
		PUSH_ID(w4_avg_016[0])
w4_p_000(1/15)	tail=5
	:- PUSH_STREAM(w4_out_000)
	w4_p_000_0: INTEGER
		PUSH_ID(w4_p_000[0])
w4_win_000(1/15)	tail=35
	:- PUSH_STREAM(w4_p_000)
	:- STREAM_AGSE(1,30)
	w4_p_000_0: INTEGER
		PUSH_ID(w4_win_000[0])
	w4_p_000_1: INTEGER
		PUSH_ID(w4_win_000[1])
	w4_p_000_2: INTEGER
		PUSH_ID(w4_win_000[2])
	w4_p_000_3: INTEGER
		PUSH_ID(w4_win_000[3])
	w4_p_000_4: INTEGER
		PUSH_ID(w4_win_000[4])
	w4_p_000_5: INTEGER
		PUSH_ID(w4_win_000[5])
	w4_p_000_6: INTEGER
		PUSH_ID(w4_win_000[6])
	w4_p_000_7: INTEGER
		PUSH_ID(w4_win_000[7])
	w4_p_000_8: INTEGER
		PUSH_ID(w4_win_000[8])
	w4_p_000_9: INTEGER
		PUSH_ID(w4_win_000[9])
	w4_p_000_10: INTEGER
		PUSH_ID(w4_win_000[10])
	w4_p_000_11: INTEGER
		PUSH_ID(w4_win_000[11])
	w4_p_000_12: INTEGER
		PUSH_ID(w4_win_000[12])
	w4_p_000_13: INTEGER
		PUSH_ID(w4_win_000[13])
	w4_p_000_14: INTEGER
		PUSH_ID(w4_win_000[14])
	w4_p_000_15: INTEGER
		PUSH_ID(w4_win_000[15])
	w4_p_000_16: INTEGER
		PUSH_ID(w4_win_000[16])
	w4_p_000_17: INTEGER
		PUSH_ID(w4_win_000[17])
	w4_p_000_18: INTEGER
		PUSH_ID(w4_win_000[18])
	w4_p_000_19: INTEGER
		PUSH_ID(w4_win_000[19])
	w4_p_000_20: INTEGER
		PUSH_ID(w4_win_000[20])
	w4_p_000_21: INTEGER
		PUSH_ID(w4_win_000[21])
	w4_p_000_22: INTEGER
		PUSH_ID(w4_win_000[22])
	w4_p_000_23: INTEGER
		PUSH_ID(w4_win_000[23])
	w4_p_000_24: INTEGER
		PUSH_ID(w4_win_000[24])
	w4_p_000_25: INTEGER
		PUSH_ID(w4_win_000[25])
	w4_p_000_26: INTEGER
		PUSH_ID(w4_win_000[26])
	w4_p_000_27: INTEGER
		PUSH_ID(w4_win_000[27])
	w4_p_000_28: INTEGER
		PUSH_ID(w4_win_000[28])
	w4_p_000_29: INTEGER
		PUSH_ID(w4_win_000[29])
w4_avg_000(1/15)	tail=35
	:- PUSH_STREAM(w4_win_000)
	:- STREAM_AVG
	w4_avg_000_0: INTEGER
		PUSH_ID(w4_avg_000[0])
w4_win_012(1/15)	tail=35
	:- PUSH_STREAM(w4_p_012)
	:- STREAM_AGSE(1,30)
	w4_p_012_0: INTEGER
		PUSH_ID(w4_win_012[0])
	w4_p_012_1: INTEGER
		PUSH_ID(w4_win_012[1])
	w4_p_012_2: INTEGER
		PUSH_ID(w4_win_012[2])
	w4_p_012_3: INTEGER
		PUSH_ID(w4_win_012[3])
	w4_p_012_4: INTEGER
		PUSH_ID(w4_win_012[4])
	w4_p_012_5: INTEGER
		PUSH_ID(w4_win_012[5])
	w4_p_012_6: INTEGER
		PUSH_ID(w4_win_012[6])
	w4_p_012_7: INTEGER
		PUSH_ID(w4_win_012[7])
	w4_p_012_8: INTEGER
		PUSH_ID(w4_win_012[8])
	w4_p_012_9: INTEGER
		PUSH_ID(w4_win_012[9])
	w4_p_012_10: INTEGER
		PUSH_ID(w4_win_012[10])
	w4_p_012_11: INTEGER
		PUSH_ID(w4_win_012[11])
	w4_p_012_12: INTEGER
		PUSH_ID(w4_win_012[12])
	w4_p_012_13: INTEGER
		PUSH_ID(w4_win_012[13])
	w4_p_012_14: INTEGER
		PUSH_ID(w4_win_012[14])
	w4_p_012_15: INTEGER
		PUSH_ID(w4_win_012[15])
	w4_p_012_16: INTEGER
		PUSH_ID(w4_win_012[16])
	w4_p_012_17: INTEGER
		PUSH_ID(w4_win_012[17])
	w4_p_012_18: INTEGER
		PUSH_ID(w4_win_012[18])
	w4_p_012_19: INTEGER
		PUSH_ID(w4_win_012[19])
	w4_p_012_20: INTEGER
		PUSH_ID(w4_win_012[20])
	w4_p_012_21: INTEGER
		PUSH_ID(w4_win_012[21])
	w4_p_012_22: INTEGER
		PUSH_ID(w4_win_012[22])
	w4_p_012_23: INTEGER
		PUSH_ID(w4_win_012[23])
	w4_p_012_24: INTEGER
		PUSH_ID(w4_win_012[24])
	w4_p_012_25: INTEGER
		PUSH_ID(w4_win_012[25])
	w4_p_012_26: INTEGER
		PUSH_ID(w4_win_012[26])
	w4_p_012_27: INTEGER
		PUSH_ID(w4_win_012[27])
	w4_p_012_28: INTEGER
		PUSH_ID(w4_win_012[28])
	w4_p_012_29: INTEGER
		PUSH_ID(w4_win_012[29])
w4_avg_012(1/15)	tail=35
	:- PUSH_STREAM(w4_win_012)
	:- STREAM_AVG
	w4_avg_012_0: INTEGER
		PUSH_ID(w4_avg_012[0])
w4_p_001(1/15)	tail=5
	:- PUSH_STREAM(w4_out_001)
	w4_p_001_0: INTEGER
		PUSH_ID(w4_p_001[0])
w4_win_001(1/15)	tail=35
	:- PUSH_STREAM(w4_p_001)
	:- STREAM_AGSE(1,30)
	w4_p_001_0: INTEGER
		PUSH_ID(w4_win_001[0])
	w4_p_001_1: INTEGER
		PUSH_ID(w4_win_001[1])
	w4_p_001_2: INTEGER
		PUSH_ID(w4_win_001[2])
	w4_p_001_3: INTEGER
		PUSH_ID(w4_win_001[3])
	w4_p_001_4: INTEGER
		PUSH_ID(w4_win_001[4])
	w4_p_001_5: INTEGER
		PUSH_ID(w4_win_001[5])
	w4_p_001_6: INTEGER
		PUSH_ID(w4_win_001[6])
	w4_p_001_7: INTEGER
		PUSH_ID(w4_win_001[7])
	w4_p_001_8: INTEGER
		PUSH_ID(w4_win_001[8])
	w4_p_001_9: INTEGER
		PUSH_ID(w4_win_001[9])
	w4_p_001_10: INTEGER
		PUSH_ID(w4_win_001[10])
	w4_p_001_11: INTEGER
		PUSH_ID(w4_win_001[11])
	w4_p_001_12: INTEGER
		PUSH_ID(w4_win_001[12])
	w4_p_001_13: INTEGER
		PUSH_ID(w4_win_001[13])
	w4_p_001_14: INTEGER
		PUSH_ID(w4_win_001[14])
	w4_p_001_15: INTEGER
		PUSH_ID(w4_win_001[15])
	w4_p_001_16: INTEGER
		PUSH_ID(w4_win_001[16])
	w4_p_001_17: INTEGER
		PUSH_ID(w4_win_001[17])
	w4_p_001_18: INTEGER
		PUSH_ID(w4_win_001[18])
	w4_p_001_19: INTEGER
		PUSH_ID(w4_win_001[19])
	w4_p_001_20: INTEGER
		PUSH_ID(w4_win_001[20])
	w4_p_001_21: INTEGER
		PUSH_ID(w4_win_001[21])
	w4_p_001_22: INTEGER
		PUSH_ID(w4_win_001[22])
	w4_p_001_23: INTEGER
		PUSH_ID(w4_win_001[23])
	w4_p_001_24: INTEGER
		PUSH_ID(w4_win_001[24])
	w4_p_001_25: INTEGER
		PUSH_ID(w4_win_001[25])
	w4_p_001_26: INTEGER
		PUSH_ID(w4_win_001[26])
	w4_p_001_27: INTEGER
		PUSH_ID(w4_win_001[27])
	w4_p_001_28: INTEGER
		PUSH_ID(w4_win_001[28])
	w4_p_001_29: INTEGER
		PUSH_ID(w4_win_001[29])
w4_avg_001(1/15)	tail=35
	:- PUSH_STREAM(w4_win_001)
	:- STREAM_AVG
	w4_avg_001_0: INTEGER
		PUSH_ID(w4_avg_001[0])
w4_p_018(1/15)	tail=5
	:- PUSH_STREAM(w4_out_018)
	w4_p_018_0: INTEGER
		PUSH_ID(w4_p_018[0])
w4_win_018(1/15)	tail=35
	:- PUSH_STREAM(w4_p_018)
	:- STREAM_AGSE(1,30)
	w4_p_018_0: INTEGER
		PUSH_ID(w4_win_018[0])
	w4_p_018_1: INTEGER
		PUSH_ID(w4_win_018[1])
	w4_p_018_2: INTEGER
		PUSH_ID(w4_win_018[2])
	w4_p_018_3: INTEGER
		PUSH_ID(w4_win_018[3])
	w4_p_018_4: INTEGER
		PUSH_ID(w4_win_018[4])
	w4_p_018_5: INTEGER
		PUSH_ID(w4_win_018[5])
	w4_p_018_6: INTEGER
		PUSH_ID(w4_win_018[6])
	w4_p_018_7: INTEGER
		PUSH_ID(w4_win_018[7])
	w4_p_018_8: INTEGER
		PUSH_ID(w4_win_018[8])
	w4_p_018_9: INTEGER
		PUSH_ID(w4_win_018[9])
	w4_p_018_10: INTEGER
		PUSH_ID(w4_win_018[10])
	w4_p_018_11: INTEGER
		PUSH_ID(w4_win_018[11])
	w4_p_018_12: INTEGER
		PUSH_ID(w4_win_018[12])
	w4_p_018_13: INTEGER
		PUSH_ID(w4_win_018[13])
	w4_p_018_14: INTEGER
		PUSH_ID(w4_win_018[14])
	w4_p_018_15: INTEGER
		PUSH_ID(w4_win_018[15])
	w4_p_018_16: INTEGER
		PUSH_ID(w4_win_018[16])
	w4_p_018_17: INTEGER
		PUSH_ID(w4_win_018[17])
	w4_p_018_18: INTEGER
		PUSH_ID(w4_win_018[18])
	w4_p_018_19: INTEGER
		PUSH_ID(w4_win_018[19])
	w4_p_018_20: INTEGER
		PUSH_ID(w4_win_018[20])
	w4_p_018_21: INTEGER
		PUSH_ID(w4_win_018[21])
	w4_p_018_22: INTEGER
		PUSH_ID(w4_win_018[22])
	w4_p_018_23: INTEGER
		PUSH_ID(w4_win_018[23])
	w4_p_018_24: INTEGER
		PUSH_ID(w4_win_018[24])
	w4_p_018_25: INTEGER
		PUSH_ID(w4_win_018[25])
	w4_p_018_26: INTEGER
		PUSH_ID(w4_win_018[26])
	w4_p_018_27: INTEGER
		PUSH_ID(w4_win_018[27])
	w4_p_018_28: INTEGER
		PUSH_ID(w4_win_018[28])
	w4_p_018_29: INTEGER
		PUSH_ID(w4_win_018[29])
w4_avg_018(1/15)	tail=35
	:- PUSH_STREAM(w4_win_018)
	:- STREAM_AVG
	w4_avg_018_0: INTEGER
		PUSH_ID(w4_avg_018[0])
w4_win_006(1/15)	tail=35
	:- PUSH_STREAM(w4_p_006)
	:- STREAM_AGSE(1,30)
	w4_p_006_0: INTEGER
		PUSH_ID(w4_win_006[0])
	w4_p_006_1: INTEGER
		PUSH_ID(w4_win_006[1])
	w4_p_006_2: INTEGER
		PUSH_ID(w4_win_006[2])
	w4_p_006_3: INTEGER
		PUSH_ID(w4_win_006[3])
	w4_p_006_4: INTEGER
		PUSH_ID(w4_win_006[4])
	w4_p_006_5: INTEGER
		PUSH_ID(w4_win_006[5])
	w4_p_006_6: INTEGER
		PUSH_ID(w4_win_006[6])
	w4_p_006_7: INTEGER
		PUSH_ID(w4_win_006[7])
	w4_p_006_8: INTEGER
		PUSH_ID(w4_win_006[8])
	w4_p_006_9: INTEGER
		PUSH_ID(w4_win_006[9])
	w4_p_006_10: INTEGER
		PUSH_ID(w4_win_006[10])
	w4_p_006_11: INTEGER
		PUSH_ID(w4_win_006[11])
	w4_p_006_12: INTEGER
		PUSH_ID(w4_win_006[12])
	w4_p_006_13: INTEGER
		PUSH_ID(w4_win_006[13])
	w4_p_006_14: INTEGER
		PUSH_ID(w4_win_006[14])
	w4_p_006_15: INTEGER
		PUSH_ID(w4_win_006[15])
	w4_p_006_16: INTEGER
		PUSH_ID(w4_win_006[16])
	w4_p_006_17: INTEGER
		PUSH_ID(w4_win_006[17])
	w4_p_006_18: INTEGER
		PUSH_ID(w4_win_006[18])
	w4_p_006_19: INTEGER
		PUSH_ID(w4_win_006[19])
	w4_p_006_20: INTEGER
		PUSH_ID(w4_win_006[20])
	w4_p_006_21: INTEGER
		PUSH_ID(w4_win_006[21])
	w4_p_006_22: INTEGER
		PUSH_ID(w4_win_006[22])
	w4_p_006_23: INTEGER
		PUSH_ID(w4_win_006[23])
	w4_p_006_24: INTEGER
		PUSH_ID(w4_win_006[24])
	w4_p_006_25: INTEGER
		PUSH_ID(w4_win_006[25])
	w4_p_006_26: INTEGER
		PUSH_ID(w4_win_006[26])
	w4_p_006_27: INTEGER
		PUSH_ID(w4_win_006[27])
	w4_p_006_28: INTEGER
		PUSH_ID(w4_win_006[28])
	w4_p_006_29: INTEGER
		PUSH_ID(w4_win_006[29])
w4_out_021(1/15)	tail=5
	:- PUSH_STREAM(STREAM_TIMEMOVE_A)
	:- PUSH_STREAM(STREAM_TIMEMOVE_B)
	:- STREAM_HASH
	value: INTEGER
		PUSH_ID(w4_out_021[0])
w4_p_021(1/15)	tail=5
	:- PUSH_STREAM(w4_out_021)
	w4_p_021_0: INTEGER
		PUSH_ID(w4_p_021[0])
w4_win_021(1/15)	tail=35
	:- PUSH_STREAM(w4_p_021)
	:- STREAM_AGSE(1,30)
	w4_p_021_0: INTEGER
		PUSH_ID(w4_win_021[0])
	w4_p_021_1: INTEGER
		PUSH_ID(w4_win_021[1])
	w4_p_021_2: INTEGER
		PUSH_ID(w4_win_021[2])
	w4_p_021_3: INTEGER
		PUSH_ID(w4_win_021[3])
	w4_p_021_4: INTEGER
		PUSH_ID(w4_win_021[4])
	w4_p_021_5: INTEGER
		PUSH_ID(w4_win_021[5])
	w4_p_021_6: INTEGER
		PUSH_ID(w4_win_021[6])
	w4_p_021_7: INTEGER
		PUSH_ID(w4_win_021[7])
	w4_p_021_8: INTEGER
		PUSH_ID(w4_win_021[8])
	w4_p_021_9: INTEGER
		PUSH_ID(w4_win_021[9])
	w4_p_021_10: INTEGER
		PUSH_ID(w4_win_021[10])
	w4_p_021_11: INTEGER
		PUSH_ID(w4_win_021[11])
	w4_p_021_12: INTEGER
		PUSH_ID(w4_win_021[12])
	w4_p_021_13: INTEGER
		PUSH_ID(w4_win_021[13])
	w4_p_021_14: INTEGER
		PUSH_ID(w4_win_021[14])
	w4_p_021_15: INTEGER
		PUSH_ID(w4_win_021[15])
	w4_p_021_16: INTEGER
		PUSH_ID(w4_win_021[16])
	w4_p_021_17: INTEGER
		PUSH_ID(w4_win_021[17])
	w4_p_021_18: INTEGER
		PUSH_ID(w4_win_021[18])
	w4_p_021_19: INTEGER
		PUSH_ID(w4_win_021[19])
	w4_p_021_20: INTEGER
		PUSH_ID(w4_win_021[20])
	w4_p_021_21: INTEGER
		PUSH_ID(w4_win_021[21])
	w4_p_021_22: INTEGER
		PUSH_ID(w4_win_021[22])
	w4_p_021_23: INTEGER
		PUSH_ID(w4_win_021[23])
	w4_p_021_24: INTEGER
		PUSH_ID(w4_win_021[24])
	w4_p_021_25: INTEGER
		PUSH_ID(w4_win_021[25])
	w4_p_021_26: INTEGER
		PUSH_ID(w4_win_021[26])
	w4_p_021_27: INTEGER
		PUSH_ID(w4_win_021[27])
	w4_p_021_28: INTEGER
		PUSH_ID(w4_win_021[28])
	w4_p_021_29: INTEGER
		PUSH_ID(w4_win_021[29])
w4_p_017(1/15)	tail=5
	:- PUSH_STREAM(w4_out_017)
	w4_p_017_0: INTEGER
		PUSH_ID(w4_p_017[0])
w4_win_017(1/15)	tail=35
	:- PUSH_STREAM(w4_p_017)
	:- STREAM_AGSE(1,30)
	w4_p_017_0: INTEGER
		PUSH_ID(w4_win_017[0])
	w4_p_017_1: INTEGER
		PUSH_ID(w4_win_017[1])
	w4_p_017_2: INTEGER
		PUSH_ID(w4_win_017[2])
	w4_p_017_3: INTEGER
		PUSH_ID(w4_win_017[3])
	w4_p_017_4: INTEGER
		PUSH_ID(w4_win_017[4])
	w4_p_017_5: INTEGER
		PUSH_ID(w4_win_017[5])
	w4_p_017_6: INTEGER
		PUSH_ID(w4_win_017[6])
	w4_p_017_7: INTEGER
		PUSH_ID(w4_win_017[7])
	w4_p_017_8: INTEGER
		PUSH_ID(w4_win_017[8])
	w4_p_017_9: INTEGER
		PUSH_ID(w4_win_017[9])
	w4_p_017_10: INTEGER
		PUSH_ID(w4_win_017[10])
	w4_p_017_11: INTEGER
		PUSH_ID(w4_win_017[11])
	w4_p_017_12: INTEGER
		PUSH_ID(w4_win_017[12])
	w4_p_017_13: INTEGER
		PUSH_ID(w4_win_017[13])
	w4_p_017_14: INTEGER
		PUSH_ID(w4_win_017[14])
	w4_p_017_15: INTEGER
		PUSH_ID(w4_win_017[15])
	w4_p_017_16: INTEGER
		PUSH_ID(w4_win_017[16])
	w4_p_017_17: INTEGER
		PUSH_ID(w4_win_017[17])
	w4_p_017_18: INTEGER
		PUSH_ID(w4_win_017[18])
	w4_p_017_19: INTEGER
		PUSH_ID(w4_win_017[19])
	w4_p_017_20: INTEGER
		PUSH_ID(w4_win_017[20])
	w4_p_017_21: INTEGER
		PUSH_ID(w4_win_017[21])
	w4_p_017_22: INTEGER
		PUSH_ID(w4_win_017[22])
	w4_p_017_23: INTEGER
		PUSH_ID(w4_win_017[23])
	w4_p_017_24: INTEGER
		PUSH_ID(w4_win_017[24])
	w4_p_017_25: INTEGER
		PUSH_ID(w4_win_017[25])
	w4_p_017_26: INTEGER
		PUSH_ID(w4_win_017[26])
	w4_p_017_27: INTEGER
		PUSH_ID(w4_win_017[27])
	w4_p_017_28: INTEGER
		PUSH_ID(w4_win_017[28])
	w4_p_017_29: INTEGER
		PUSH_ID(w4_win_017[29])
w4_avg_017(1/15)	tail=35
	:- PUSH_STREAM(w4_win_017)
	:- STREAM_AVG
	w4_avg_017_0: INTEGER
		PUSH_ID(w4_avg_017[0])
w4_p_010(1/15)	tail=5
	:- PUSH_STREAM(w4_out_010)
	w4_p_010_0: INTEGER
		PUSH_ID(w4_p_010[0])
w4_win_010(1/15)	tail=35
	:- PUSH_STREAM(w4_p_010)
	:- STREAM_AGSE(1,30)
	w4_p_010_0: INTEGER
		PUSH_ID(w4_win_010[0])
	w4_p_010_1: INTEGER
		PUSH_ID(w4_win_010[1])
	w4_p_010_2: INTEGER
		PUSH_ID(w4_win_010[2])
	w4_p_010_3: INTEGER
		PUSH_ID(w4_win_010[3])
	w4_p_010_4: INTEGER
		PUSH_ID(w4_win_010[4])
	w4_p_010_5: INTEGER
		PUSH_ID(w4_win_010[5])
	w4_p_010_6: INTEGER
		PUSH_ID(w4_win_010[6])
	w4_p_010_7: INTEGER
		PUSH_ID(w4_win_010[7])
	w4_p_010_8: INTEGER
		PUSH_ID(w4_win_010[8])
	w4_p_010_9: INTEGER
		PUSH_ID(w4_win_010[9])
	w4_p_010_10: INTEGER
		PUSH_ID(w4_win_010[10])
	w4_p_010_11: INTEGER
		PUSH_ID(w4_win_010[11])
	w4_p_010_12: INTEGER
		PUSH_ID(w4_win_010[12])
	w4_p_010_13: INTEGER
		PUSH_ID(w4_win_010[13])
	w4_p_010_14: INTEGER
		PUSH_ID(w4_win_010[14])
	w4_p_010_15: INTEGER
		PUSH_ID(w4_win_010[15])
	w4_p_010_16: INTEGER
		PUSH_ID(w4_win_010[16])
	w4_p_010_17: INTEGER
		PUSH_ID(w4_win_010[17])
	w4_p_010_18: INTEGER
		PUSH_ID(w4_win_010[18])
	w4_p_010_19: INTEGER
		PUSH_ID(w4_win_010[19])
	w4_p_010_20: INTEGER
		PUSH_ID(w4_win_010[20])
	w4_p_010_21: INTEGER
		PUSH_ID(w4_win_010[21])
	w4_p_010_22: INTEGER
		PUSH_ID(w4_win_010[22])
	w4_p_010_23: INTEGER
		PUSH_ID(w4_win_010[23])
	w4_p_010_24: INTEGER
		PUSH_ID(w4_win_010[24])
	w4_p_010_25: INTEGER
		PUSH_ID(w4_win_010[25])
	w4_p_010_26: INTEGER
		PUSH_ID(w4_win_010[26])
	w4_p_010_27: INTEGER
		PUSH_ID(w4_win_010[27])
	w4_p_010_28: INTEGER
		PUSH_ID(w4_win_010[28])
	w4_p_010_29: INTEGER
		PUSH_ID(w4_win_010[29])
w4_win_013(1/15)	tail=35
	:- PUSH_STREAM(w4_p_013)
	:- STREAM_AGSE(1,30)
	w4_p_013_0: INTEGER
		PUSH_ID(w4_win_013[0])
	w4_p_013_1: INTEGER
		PUSH_ID(w4_win_013[1])
	w4_p_013_2: INTEGER
		PUSH_ID(w4_win_013[2])
	w4_p_013_3: INTEGER
		PUSH_ID(w4_win_013[3])
	w4_p_013_4: INTEGER
		PUSH_ID(w4_win_013[4])
	w4_p_013_5: INTEGER
		PUSH_ID(w4_win_013[5])
	w4_p_013_6: INTEGER
		PUSH_ID(w4_win_013[6])
	w4_p_013_7: INTEGER
		PUSH_ID(w4_win_013[7])
	w4_p_013_8: INTEGER
		PUSH_ID(w4_win_013[8])
	w4_p_013_9: INTEGER
		PUSH_ID(w4_win_013[9])
	w4_p_013_10: INTEGER
		PUSH_ID(w4_win_013[10])
	w4_p_013_11: INTEGER
		PUSH_ID(w4_win_013[11])
	w4_p_013_12: INTEGER
		PUSH_ID(w4_win_013[12])
	w4_p_013_13: INTEGER
		PUSH_ID(w4_win_013[13])
	w4_p_013_14: INTEGER
		PUSH_ID(w4_win_013[14])
	w4_p_013_15: INTEGER
		PUSH_ID(w4_win_013[15])
	w4_p_013_16: INTEGER
		PUSH_ID(w4_win_013[16])
	w4_p_013_17: INTEGER
		PUSH_ID(w4_win_013[17])
	w4_p_013_18: INTEGER
		PUSH_ID(w4_win_013[18])
	w4_p_013_19: INTEGER
		PUSH_ID(w4_win_013[19])
	w4_p_013_20: INTEGER
		PUSH_ID(w4_win_013[20])
	w4_p_013_21: INTEGER
		PUSH_ID(w4_win_013[21])
	w4_p_013_22: INTEGER
		PUSH_ID(w4_win_013[22])
	w4_p_013_23: INTEGER
		PUSH_ID(w4_win_013[23])
	w4_p_013_24: INTEGER
		PUSH_ID(w4_win_013[24])
	w4_p_013_25: INTEGER
		PUSH_ID(w4_win_013[25])
	w4_p_013_26: INTEGER
		PUSH_ID(w4_win_013[26])
	w4_p_013_27: INTEGER
		PUSH_ID(w4_win_013[27])
	w4_p_013_28: INTEGER
		PUSH_ID(w4_win_013[28])
	w4_p_013_29: INTEGER
		PUSH_ID(w4_win_013[29])
w4_avg_013(1/15)	tail=35
	:- PUSH_STREAM(w4_win_013)
	:- STREAM_AVG
	w4_avg_013_0: INTEGER
		PUSH_ID(w4_avg_013[0])
w4_avg_010(1/15)	tail=35
	:- PUSH_STREAM(w4_win_010)
	:- STREAM_AVG
	w4_avg_010_0: INTEGER
		PUSH_ID(w4_avg_010[0])
w4_p_002(1/15)	tail=5
	:- PUSH_STREAM(w4_out_002)
	w4_p_002_0: INTEGER
		PUSH_ID(w4_p_002[0])
w4_win_002(1/15)	tail=35
	:- PUSH_STREAM(w4_p_002)
	:- STREAM_AGSE(1,30)
	w4_p_002_0: INTEGER
		PUSH_ID(w4_win_002[0])
	w4_p_002_1: INTEGER
		PUSH_ID(w4_win_002[1])
	w4_p_002_2: INTEGER
		PUSH_ID(w4_win_002[2])
	w4_p_002_3: INTEGER
		PUSH_ID(w4_win_002[3])
	w4_p_002_4: INTEGER
		PUSH_ID(w4_win_002[4])
	w4_p_002_5: INTEGER
		PUSH_ID(w4_win_002[5])
	w4_p_002_6: INTEGER
		PUSH_ID(w4_win_002[6])
	w4_p_002_7: INTEGER
		PUSH_ID(w4_win_002[7])
	w4_p_002_8: INTEGER
		PUSH_ID(w4_win_002[8])
	w4_p_002_9: INTEGER
		PUSH_ID(w4_win_002[9])
	w4_p_002_10: INTEGER
		PUSH_ID(w4_win_002[10])
	w4_p_002_11: INTEGER
		PUSH_ID(w4_win_002[11])
	w4_p_002_12: INTEGER
		PUSH_ID(w4_win_002[12])
	w4_p_002_13: INTEGER
		PUSH_ID(w4_win_002[13])
	w4_p_002_14: INTEGER
		PUSH_ID(w4_win_002[14])
	w4_p_002_15: INTEGER
		PUSH_ID(w4_win_002[15])
	w4_p_002_16: INTEGER
		PUSH_ID(w4_win_002[16])
	w4_p_002_17: INTEGER
		PUSH_ID(w4_win_002[17])
	w4_p_002_18: INTEGER
		PUSH_ID(w4_win_002[18])
	w4_p_002_19: INTEGER
		PUSH_ID(w4_win_002[19])
	w4_p_002_20: INTEGER
		PUSH_ID(w4_win_002[20])
	w4_p_002_21: INTEGER
		PUSH_ID(w4_win_002[21])
	w4_p_002_22: INTEGER
		PUSH_ID(w4_win_002[22])
	w4_p_002_23: INTEGER
		PUSH_ID(w4_win_002[23])
	w4_p_002_24: INTEGER
		PUSH_ID(w4_win_002[24])
	w4_p_002_25: INTEGER
		PUSH_ID(w4_win_002[25])
	w4_p_002_26: INTEGER
		PUSH_ID(w4_win_002[26])
	w4_p_002_27: INTEGER
		PUSH_ID(w4_win_002[27])
	w4_p_002_28: INTEGER
		PUSH_ID(w4_win_002[28])
	w4_p_002_29: INTEGER
		PUSH_ID(w4_win_002[29])
w4_p_014(1/15)	tail=5
	:- PUSH_STREAM(w4_out_014)
	w4_p_014_0: INTEGER
		PUSH_ID(w4_p_014[0])
w4_win_014(1/15)	tail=35
	:- PUSH_STREAM(w4_p_014)
	:- STREAM_AGSE(1,30)
	w4_p_014_0: INTEGER
		PUSH_ID(w4_win_014[0])
	w4_p_014_1: INTEGER
		PUSH_ID(w4_win_014[1])
	w4_p_014_2: INTEGER
		PUSH_ID(w4_win_014[2])
	w4_p_014_3: INTEGER
		PUSH_ID(w4_win_014[3])
	w4_p_014_4: INTEGER
		PUSH_ID(w4_win_014[4])
	w4_p_014_5: INTEGER
		PUSH_ID(w4_win_014[5])
	w4_p_014_6: INTEGER
		PUSH_ID(w4_win_014[6])
	w4_p_014_7: INTEGER
		PUSH_ID(w4_win_014[7])
	w4_p_014_8: INTEGER
		PUSH_ID(w4_win_014[8])
	w4_p_014_9: INTEGER
		PUSH_ID(w4_win_014[9])
	w4_p_014_10: INTEGER
		PUSH_ID(w4_win_014[10])
	w4_p_014_11: INTEGER
		PUSH_ID(w4_win_014[11])
	w4_p_014_12: INTEGER
		PUSH_ID(w4_win_014[12])
	w4_p_014_13: INTEGER
		PUSH_ID(w4_win_014[13])
	w4_p_014_14: INTEGER
		PUSH_ID(w4_win_014[14])
	w4_p_014_15: INTEGER
		PUSH_ID(w4_win_014[15])
	w4_p_014_16: INTEGER
		PUSH_ID(w4_win_014[16])
	w4_p_014_17: INTEGER
		PUSH_ID(w4_win_014[17])
	w4_p_014_18: INTEGER
		PUSH_ID(w4_win_014[18])
	w4_p_014_19: INTEGER
		PUSH_ID(w4_win_014[19])
	w4_p_014_20: INTEGER
		PUSH_ID(w4_win_014[20])
	w4_p_014_21: INTEGER
		PUSH_ID(w4_win_014[21])
	w4_p_014_22: INTEGER
		PUSH_ID(w4_win_014[22])
	w4_p_014_23: INTEGER
		PUSH_ID(w4_win_014[23])
	w4_p_014_24: INTEGER
		PUSH_ID(w4_win_014[24])
	w4_p_014_25: INTEGER
		PUSH_ID(w4_win_014[25])
	w4_p_014_26: INTEGER
		PUSH_ID(w4_win_014[26])
	w4_p_014_27: INTEGER
		PUSH_ID(w4_win_014[27])
	w4_p_014_28: INTEGER
		PUSH_ID(w4_win_014[28])
	w4_p_014_29: INTEGER
		PUSH_ID(w4_win_014[29])
w4_avg_014(1/15)	tail=35
	:- PUSH_STREAM(w4_win_014)
	:- STREAM_AVG
	w4_avg_014_0: INTEGER
		PUSH_ID(w4_avg_014[0])
w4_win_022(1/15)	tail=35
	:- PUSH_STREAM(w4_p_022)
	:- STREAM_AGSE(1,30)
	w4_p_022_0: INTEGER
		PUSH_ID(w4_win_022[0])
	w4_p_022_1: INTEGER
		PUSH_ID(w4_win_022[1])
	w4_p_022_2: INTEGER
		PUSH_ID(w4_win_022[2])
	w4_p_022_3: INTEGER
		PUSH_ID(w4_win_022[3])
	w4_p_022_4: INTEGER
		PUSH_ID(w4_win_022[4])
	w4_p_022_5: INTEGER
		PUSH_ID(w4_win_022[5])
	w4_p_022_6: INTEGER
		PUSH_ID(w4_win_022[6])
	w4_p_022_7: INTEGER
		PUSH_ID(w4_win_022[7])
	w4_p_022_8: INTEGER
		PUSH_ID(w4_win_022[8])
	w4_p_022_9: INTEGER
		PUSH_ID(w4_win_022[9])
	w4_p_022_10: INTEGER
		PUSH_ID(w4_win_022[10])
	w4_p_022_11: INTEGER
		PUSH_ID(w4_win_022[11])
	w4_p_022_12: INTEGER
		PUSH_ID(w4_win_022[12])
	w4_p_022_13: INTEGER
		PUSH_ID(w4_win_022[13])
	w4_p_022_14: INTEGER
		PUSH_ID(w4_win_022[14])
	w4_p_022_15: INTEGER
		PUSH_ID(w4_win_022[15])
	w4_p_022_16: INTEGER
		PUSH_ID(w4_win_022[16])
	w4_p_022_17: INTEGER
		PUSH_ID(w4_win_022[17])
	w4_p_022_18: INTEGER
		PUSH_ID(w4_win_022[18])
	w4_p_022_19: INTEGER
		PUSH_ID(w4_win_022[19])
	w4_p_022_20: INTEGER
		PUSH_ID(w4_win_022[20])
	w4_p_022_21: INTEGER
		PUSH_ID(w4_win_022[21])
	w4_p_022_22: INTEGER
		PUSH_ID(w4_win_022[22])
	w4_p_022_23: INTEGER
		PUSH_ID(w4_win_022[23])
	w4_p_022_24: INTEGER
		PUSH_ID(w4_win_022[24])
	w4_p_022_25: INTEGER
		PUSH_ID(w4_win_022[25])
	w4_p_022_26: INTEGER
		PUSH_ID(w4_win_022[26])
	w4_p_022_27: INTEGER
		PUSH_ID(w4_win_022[27])
	w4_p_022_28: INTEGER
		PUSH_ID(w4_win_022[28])
	w4_p_022_29: INTEGER
		PUSH_ID(w4_win_022[29])
w4_avg_022(1/15)	tail=35
	:- PUSH_STREAM(w4_win_022)
	:- STREAM_AVG
	w4_avg_022_0: INTEGER
		PUSH_ID(w4_avg_022[0])
w4_win_008(1/15)	tail=35
	:- PUSH_STREAM(w4_p_008)
	:- STREAM_AGSE(1,30)
	w4_p_008_0: INTEGER
		PUSH_ID(w4_win_008[0])
	w4_p_008_1: INTEGER
		PUSH_ID(w4_win_008[1])
	w4_p_008_2: INTEGER
		PUSH_ID(w4_win_008[2])
	w4_p_008_3: INTEGER
		PUSH_ID(w4_win_008[3])
	w4_p_008_4: INTEGER
		PUSH_ID(w4_win_008[4])
	w4_p_008_5: INTEGER
		PUSH_ID(w4_win_008[5])
	w4_p_008_6: INTEGER
		PUSH_ID(w4_win_008[6])
	w4_p_008_7: INTEGER
		PUSH_ID(w4_win_008[7])
	w4_p_008_8: INTEGER
		PUSH_ID(w4_win_008[8])
	w4_p_008_9: INTEGER
		PUSH_ID(w4_win_008[9])
	w4_p_008_10: INTEGER
		PUSH_ID(w4_win_008[10])
	w4_p_008_11: INTEGER
		PUSH_ID(w4_win_008[11])
	w4_p_008_12: INTEGER
		PUSH_ID(w4_win_008[12])
	w4_p_008_13: INTEGER
		PUSH_ID(w4_win_008[13])
	w4_p_008_14: INTEGER
		PUSH_ID(w4_win_008[14])
	w4_p_008_15: INTEGER
		PUSH_ID(w4_win_008[15])
	w4_p_008_16: INTEGER
		PUSH_ID(w4_win_008[16])
	w4_p_008_17: INTEGER
		PUSH_ID(w4_win_008[17])
	w4_p_008_18: INTEGER
		PUSH_ID(w4_win_008[18])
	w4_p_008_19: INTEGER
		PUSH_ID(w4_win_008[19])
	w4_p_008_20: INTEGER
		PUSH_ID(w4_win_008[20])
	w4_p_008_21: INTEGER
		PUSH_ID(w4_win_008[21])
	w4_p_008_22: INTEGER
		PUSH_ID(w4_win_008[22])
	w4_p_008_23: INTEGER
		PUSH_ID(w4_win_008[23])
	w4_p_008_24: INTEGER
		PUSH_ID(w4_win_008[24])
	w4_p_008_25: INTEGER
		PUSH_ID(w4_win_008[25])
	w4_p_008_26: INTEGER
		PUSH_ID(w4_win_008[26])
	w4_p_008_27: INTEGER
		PUSH_ID(w4_win_008[27])
	w4_p_008_28: INTEGER
		PUSH_ID(w4_win_008[28])
	w4_p_008_29: INTEGER
		PUSH_ID(w4_win_008[29])
w4_avg_008(1/15)	tail=35
	:- PUSH_STREAM(w4_win_008)
	:- STREAM_AVG
	w4_avg_008_0: INTEGER
		PUSH_ID(w4_avg_008[0])
w4_win_027(1/15)	tail=35
	:- PUSH_STREAM(w4_p_027)
	:- STREAM_AGSE(1,30)
	w4_p_027_0: INTEGER
		PUSH_ID(w4_win_027[0])
	w4_p_027_1: INTEGER
		PUSH_ID(w4_win_027[1])
	w4_p_027_2: INTEGER
		PUSH_ID(w4_win_027[2])
	w4_p_027_3: INTEGER
		PUSH_ID(w4_win_027[3])
	w4_p_027_4: INTEGER
		PUSH_ID(w4_win_027[4])
	w4_p_027_5: INTEGER
		PUSH_ID(w4_win_027[5])
	w4_p_027_6: INTEGER
		PUSH_ID(w4_win_027[6])
	w4_p_027_7: INTEGER
		PUSH_ID(w4_win_027[7])
	w4_p_027_8: INTEGER
		PUSH_ID(w4_win_027[8])
	w4_p_027_9: INTEGER
		PUSH_ID(w4_win_027[9])
	w4_p_027_10: INTEGER
		PUSH_ID(w4_win_027[10])
	w4_p_027_11: INTEGER
		PUSH_ID(w4_win_027[11])
	w4_p_027_12: INTEGER
		PUSH_ID(w4_win_027[12])
	w4_p_027_13: INTEGER
		PUSH_ID(w4_win_027[13])
	w4_p_027_14: INTEGER
		PUSH_ID(w4_win_027[14])
	w4_p_027_15: INTEGER
		PUSH_ID(w4_win_027[15])
	w4_p_027_16: INTEGER
		PUSH_ID(w4_win_027[16])
	w4_p_027_17: INTEGER
		PUSH_ID(w4_win_027[17])
	w4_p_027_18: INTEGER
		PUSH_ID(w4_win_027[18])
	w4_p_027_19: INTEGER
		PUSH_ID(w4_win_027[19])
	w4_p_027_20: INTEGER
		PUSH_ID(w4_win_027[20])
	w4_p_027_21: INTEGER
		PUSH_ID(w4_win_027[21])
	w4_p_027_22: INTEGER
		PUSH_ID(w4_win_027[22])
	w4_p_027_23: INTEGER
		PUSH_ID(w4_win_027[23])
	w4_p_027_24: INTEGER
		PUSH_ID(w4_win_027[24])
	w4_p_027_25: INTEGER
		PUSH_ID(w4_win_027[25])
	w4_p_027_26: INTEGER
		PUSH_ID(w4_win_027[26])
	w4_p_027_27: INTEGER
		PUSH_ID(w4_win_027[27])
	w4_p_027_28: INTEGER
		PUSH_ID(w4_win_027[28])
	w4_p_027_29: INTEGER
		PUSH_ID(w4_win_027[29])
w4_avg_027(1/15)	tail=35
	:- PUSH_STREAM(w4_win_027)
	:- STREAM_AVG
	w4_avg_027_0: INTEGER
		PUSH_ID(w4_avg_027[0])
w4_avg_021(1/15)	tail=35
	:- PUSH_STREAM(w4_win_021)
	:- STREAM_AVG
	w4_avg_021_0: INTEGER
		PUSH_ID(w4_avg_021[0])
w4_avg_002(1/15)	tail=35
	:- PUSH_STREAM(w4_win_002)
	:- STREAM_AVG
	w4_avg_002_0: INTEGER
		PUSH_ID(w4_avg_002[0])
w4_avg_005(1/15)	tail=35
	:- PUSH_STREAM(w4_win_005)
	:- STREAM_AVG
	w4_avg_005_0: INTEGER
		PUSH_ID(w4_avg_005[0])
w4_win_004(1/15)	tail=35
	:- PUSH_STREAM(w4_p_004)
	:- STREAM_AGSE(1,30)
	w4_p_004_0: INTEGER
		PUSH_ID(w4_win_004[0])
	w4_p_004_1: INTEGER
		PUSH_ID(w4_win_004[1])
	w4_p_004_2: INTEGER
		PUSH_ID(w4_win_004[2])
	w4_p_004_3: INTEGER
		PUSH_ID(w4_win_004[3])
	w4_p_004_4: INTEGER
		PUSH_ID(w4_win_004[4])
	w4_p_004_5: INTEGER
		PUSH_ID(w4_win_004[5])
	w4_p_004_6: INTEGER
		PUSH_ID(w4_win_004[6])
	w4_p_004_7: INTEGER
		PUSH_ID(w4_win_004[7])
	w4_p_004_8: INTEGER
		PUSH_ID(w4_win_004[8])
	w4_p_004_9: INTEGER
		PUSH_ID(w4_win_004[9])
	w4_p_004_10: INTEGER
		PUSH_ID(w4_win_004[10])
	w4_p_004_11: INTEGER
		PUSH_ID(w4_win_004[11])
	w4_p_004_12: INTEGER
		PUSH_ID(w4_win_004[12])
	w4_p_004_13: INTEGER
		PUSH_ID(w4_win_004[13])
	w4_p_004_14: INTEGER
		PUSH_ID(w4_win_004[14])
	w4_p_004_15: INTEGER
		PUSH_ID(w4_win_004[15])
	w4_p_004_16: INTEGER
		PUSH_ID(w4_win_004[16])
	w4_p_004_17: INTEGER
		PUSH_ID(w4_win_004[17])
	w4_p_004_18: INTEGER
		PUSH_ID(w4_win_004[18])
	w4_p_004_19: INTEGER
		PUSH_ID(w4_win_004[19])
	w4_p_004_20: INTEGER
		PUSH_ID(w4_win_004[20])
	w4_p_004_21: INTEGER
		PUSH_ID(w4_win_004[21])
	w4_p_004_22: INTEGER
		PUSH_ID(w4_win_004[22])
	w4_p_004_23: INTEGER
		PUSH_ID(w4_win_004[23])
	w4_p_004_24: INTEGER
		PUSH_ID(w4_win_004[24])
	w4_p_004_25: INTEGER
		PUSH_ID(w4_win_004[25])
	w4_p_004_26: INTEGER
		PUSH_ID(w4_win_004[26])
	w4_p_004_27: INTEGER
		PUSH_ID(w4_win_004[27])
	w4_p_004_28: INTEGER
		PUSH_ID(w4_win_004[28])
	w4_p_004_29: INTEGER
		PUSH_ID(w4_win_004[29])
w4_avg_004(1/15)	tail=35
	:- PUSH_STREAM(w4_win_004)
	:- STREAM_AVG
	w4_avg_004_0: INTEGER
		PUSH_ID(w4_avg_004[0])
w4_avg_006(1/15)	tail=35
	:- PUSH_STREAM(w4_win_006)
	:- STREAM_AVG
	w4_avg_006_0: INTEGER
		PUSH_ID(w4_avg_006[0])
w4_p_011(1/15)	tail=5
	:- PUSH_STREAM(w4_out_011)
	w4_p_011_0: INTEGER
		PUSH_ID(w4_p_011[0])
w4_win_011(1/15)	tail=35
	:- PUSH_STREAM(w4_p_011)
	:- STREAM_AGSE(1,30)
	w4_p_011_0: INTEGER
		PUSH_ID(w4_win_011[0])
	w4_p_011_1: INTEGER
		PUSH_ID(w4_win_011[1])
	w4_p_011_2: INTEGER
		PUSH_ID(w4_win_011[2])
	w4_p_011_3: INTEGER
		PUSH_ID(w4_win_011[3])
	w4_p_011_4: INTEGER
		PUSH_ID(w4_win_011[4])
	w4_p_011_5: INTEGER
		PUSH_ID(w4_win_011[5])
	w4_p_011_6: INTEGER
		PUSH_ID(w4_win_011[6])
	w4_p_011_7: INTEGER
		PUSH_ID(w4_win_011[7])
	w4_p_011_8: INTEGER
		PUSH_ID(w4_win_011[8])
	w4_p_011_9: INTEGER
		PUSH_ID(w4_win_011[9])
	w4_p_011_10: INTEGER
		PUSH_ID(w4_win_011[10])
	w4_p_011_11: INTEGER
		PUSH_ID(w4_win_011[11])
	w4_p_011_12: INTEGER
		PUSH_ID(w4_win_011[12])
	w4_p_011_13: INTEGER
		PUSH_ID(w4_win_011[13])
	w4_p_011_14: INTEGER
		PUSH_ID(w4_win_011[14])
	w4_p_011_15: INTEGER
		PUSH_ID(w4_win_011[15])
	w4_p_011_16: INTEGER
		PUSH_ID(w4_win_011[16])
	w4_p_011_17: INTEGER
		PUSH_ID(w4_win_011[17])
	w4_p_011_18: INTEGER
		PUSH_ID(w4_win_011[18])
	w4_p_011_19: INTEGER
		PUSH_ID(w4_win_011[19])
	w4_p_011_20: INTEGER
		PUSH_ID(w4_win_011[20])
	w4_p_011_21: INTEGER
		PUSH_ID(w4_win_011[21])
	w4_p_011_22: INTEGER
		PUSH_ID(w4_win_011[22])
	w4_p_011_23: INTEGER
		PUSH_ID(w4_win_011[23])
	w4_p_011_24: INTEGER
		PUSH_ID(w4_win_011[24])
	w4_p_011_25: INTEGER
		PUSH_ID(w4_win_011[25])
	w4_p_011_26: INTEGER
		PUSH_ID(w4_win_011[26])
	w4_p_011_27: INTEGER
		PUSH_ID(w4_win_011[27])
	w4_p_011_28: INTEGER
		PUSH_ID(w4_win_011[28])
	w4_p_011_29: INTEGER
		PUSH_ID(w4_win_011[29])
w4_avg_011(1/15)	tail=35
	:- PUSH_STREAM(w4_win_011)
	:- STREAM_AVG
	w4_avg_011_0: INTEGER
		PUSH_ID(w4_avg_011[0])
w4_p_023(1/15)	tail=5
	:- PUSH_STREAM(w4_out_023)
	w4_p_023_0: INTEGER
		PUSH_ID(w4_p_023[0])
w4_win_023(1/15)	tail=35
	:- PUSH_STREAM(w4_p_023)
	:- STREAM_AGSE(1,30)
	w4_p_023_0: INTEGER
		PUSH_ID(w4_win_023[0])
	w4_p_023_1: INTEGER
		PUSH_ID(w4_win_023[1])
	w4_p_023_2: INTEGER
		PUSH_ID(w4_win_023[2])
	w4_p_023_3: INTEGER
		PUSH_ID(w4_win_023[3])
	w4_p_023_4: INTEGER
		PUSH_ID(w4_win_023[4])
	w4_p_023_5: INTEGER
		PUSH_ID(w4_win_023[5])
	w4_p_023_6: INTEGER
		PUSH_ID(w4_win_023[6])
	w4_p_023_7: INTEGER
		PUSH_ID(w4_win_023[7])
	w4_p_023_8: INTEGER
		PUSH_ID(w4_win_023[8])
	w4_p_023_9: INTEGER
		PUSH_ID(w4_win_023[9])
	w4_p_023_10: INTEGER
		PUSH_ID(w4_win_023[10])
	w4_p_023_11: INTEGER
		PUSH_ID(w4_win_023[11])
	w4_p_023_12: INTEGER
		PUSH_ID(w4_win_023[12])
	w4_p_023_13: INTEGER
		PUSH_ID(w4_win_023[13])
	w4_p_023_14: INTEGER
		PUSH_ID(w4_win_023[14])
	w4_p_023_15: INTEGER
		PUSH_ID(w4_win_023[15])
	w4_p_023_16: INTEGER
		PUSH_ID(w4_win_023[16])
	w4_p_023_17: INTEGER
		PUSH_ID(w4_win_023[17])
	w4_p_023_18: INTEGER
		PUSH_ID(w4_win_023[18])
	w4_p_023_19: INTEGER
		PUSH_ID(w4_win_023[19])
	w4_p_023_20: INTEGER
		PUSH_ID(w4_win_023[20])
	w4_p_023_21: INTEGER
		PUSH_ID(w4_win_023[21])
	w4_p_023_22: INTEGER
		PUSH_ID(w4_win_023[22])
	w4_p_023_23: INTEGER
		PUSH_ID(w4_win_023[23])
	w4_p_023_24: INTEGER
		PUSH_ID(w4_win_023[24])
	w4_p_023_25: INTEGER
		PUSH_ID(w4_win_023[25])
	w4_p_023_26: INTEGER
		PUSH_ID(w4_win_023[26])
	w4_p_023_27: INTEGER
		PUSH_ID(w4_win_023[27])
	w4_p_023_28: INTEGER
		PUSH_ID(w4_win_023[28])
	w4_p_023_29: INTEGER
		PUSH_ID(w4_win_023[29])
w4_avg_023(1/15)	tail=35
	:- PUSH_STREAM(w4_win_023)
	:- STREAM_AVG
	w4_avg_023_0: INTEGER
		PUSH_ID(w4_avg_023[0])
