Profile zbudowane i zweryfikowane.
OK: 40 przypadków w /home/michal/github/rdb-experiment/results_20260729_K5/results/workloads
OK: 5 profili x 40 przypadków; wykluczone: 0
W1: identyczne=False ["różny zestaw artefaktów: tylko STRUCT=['STREAM_TIMEMOVE_A.desc', 'STREAM_TIMEMOVE_A.meta', 'STREAM_TIMEMOVE_B.desc', 'STREAM_TIMEMOVE_B.meta'] tylko ALGSTRUCT=['STREAM_HASH_A_B.desc', 'STREAM_HASH_A_B.meta']"]
W2_Q01: identyczne=False ["różny zestaw artefaktów: tylko STRUCT=['STREAM_TIMEMOVE_A.desc', 'STREAM_TIMEMOVE_A.meta', 'STREAM_TIMEMOVE_B.desc', 'STREAM_TIMEMOVE_B.meta'] tylko ALGSTRUCT=['STREAM_HASH_A_B.desc', 'STREAM_HASH_A_B.meta']"]
W2_Q02: identyczne=False ["różny zestaw artefaktów: tylko STRUCT=['STREAM_TIMEMOVE_A.desc', 'STREAM_TIMEMOVE_A.meta', 'STREAM_TIMEMOVE_B.desc', 'STREAM_TIMEMOVE_B.meta'] tylko ALGSTRUCT=['STREAM_HASH_A_B.desc', 'STREAM_HASH_A_B.meta']"]
W2_Q04: identyczne=False ["różny zestaw artefaktów: tylko STRUCT=['STREAM_TIMEMOVE_A.desc', 'STREAM_TIMEMOVE_A.meta', 'STREAM_TIMEMOVE_B.desc', 'STREAM_TIMEMOVE_B.meta'] tylko ALGSTRUCT=['STREAM_HASH_A_B.desc', 'STREAM_HASH_A_B.meta']"]
W2_Q08: identyczne=False ["różny zestaw artefaktów: tylko STRUCT=['STREAM_TIMEMOVE_A.desc', 'STREAM_TIMEMOVE_A.meta', 'STREAM_TIMEMOVE_B.desc', 'STREAM_TIMEMOVE_B.meta'] tylko ALGSTRUCT=['STREAM_HASH_A_B.desc', 'STREAM_HASH_A_B.meta']"]
W2_Q16: identyczne=False ["różny zestaw artefaktów: tylko STRUCT=['STREAM_TIMEMOVE_A.desc', 'STREAM_TIMEMOVE_A.meta', 'STREAM_TIMEMOVE_B.desc', 'STREAM_TIMEMOVE_B.meta'] tylko ALGSTRUCT=['STREAM_HASH_A_B.desc', 'STREAM_HASH_A_B.meta']"]
W2_Q32: identyczne=False ["różny zestaw artefaktów: tylko STRUCT=['STREAM_TIMEMOVE_A.desc', 'STREAM_TIMEMOVE_A.meta', 'STREAM_TIMEMOVE_B.desc', 'STREAM_TIMEMOVE_B.meta'] tylko ALGSTRUCT=['STREAM_HASH_A_B.desc', 'STREAM_HASH_A_B.meta']"]
W3_d1: identyczne=False ["różny zestaw artefaktów: tylko STRUCT=['STREAM_TIMEMOVE_A.desc', 'STREAM_TIMEMOVE_A.meta', 'STREAM_TIMEMOVE_B.desc', 'STREAM_TIMEMOVE_B.meta'] tylko ALGSTRUCT=['STREAM_HASH_A_B.desc', 'STREAM_HASH_A_B.meta']"]
W3_d2: identyczne=False ["różny zestaw artefaktów: tylko STRUCT=['STREAM_TIMEMOVE_A.desc', 'STREAM_TIMEMOVE_A.meta', 'STREAM_TIMEMOVE_B.desc', 'STREAM_TIMEMOVE_B.meta', 'STREAM_TIMEMOVE_S1.desc', 'STREAM_TIMEMOVE_S1.meta', 'STREAM_TIMEMOVE_STREAM_HASH_STREAM_TIMEMOVE_A_STREAM_TIMEMOVE_B.desc', 'STREAM_TIMEMOVE_STREAM_HASH_STREAM_TIMEMOVE_A_STREAM_TIMEMOVE_B.meta'] tylko ALGSTRUCT=['STREAM_HASH_A_B.desc', 'STREAM_HASH_A_B.meta', 'STREAM_HASH_STREAM_HASH_STREAM_TIMEMOVE_A_STREAM_TIMEMOVE_B_S1.desc', 'STREAM_HASH_STREAM_HASH_STREAM_TIMEMOVE_A_STREAM_TIMEMOVE_B_S1.meta']"]
W3_d3: identyczne=False ["różny zestaw artefaktów: tylko STRUCT=['STREAM_TIMEMOVE_A.desc', 'STREAM_TIMEMOVE_A.meta', 'STREAM_TIMEMOVE_B.desc', 'STREAM_TIMEMOVE_B.meta', 'STREAM_TIMEMOVE_S1.desc', 'STREAM_TIMEMOVE_S1.meta', 'STREAM_TIMEMOVE_S2.desc', 'STREAM_TIMEMOVE_S2.meta', 'STREAM_TIMEMOVE_STREAM_HASH_STREAM_TIMEMOVE_A_STREAM_TIMEMOVE_B.desc', 'STREAM_TIMEMOVE_STREAM_HASH_STREAM_TIMEMOVE_A_STREAM_TIMEMOVE_B.meta', 'STREAM_TIMEMOVE_STREAM_HASH_STREAM_TIMEMOVE_STREAM_HASH_STREAM_TIMEMOVE_A_STREAM_TIMEMOVE_B_STREAM_TIMEMOVE_S1.desc', 'STREAM_TIMEMOVE_STREAM_HASH_STREAM_TIMEMOVE_STREAM_HASH_STREAM_TIMEMOVE_A_STREAM_TIMEMOVE_B_STREAM_TIMEMOVE_S1.meta'] tylko ALGSTRUCT=['STREAM_HASH_A_B.desc', 'STREAM_HASH_A_B.meta', 'STREAM_HASH_STREAM_HASH_STREAM_TIMEMOVE_A_STREAM_TIMEMOVE_B_S1.desc', 'STREAM_HASH_STREAM_HASH_STREAM_TIMEMOVE_A_STREAM_TIMEMOVE_B_S1.meta', 'STREAM_HASH_STREAM_HASH_STREAM_TIMEMOVE_STREAM_HASH_STREAM_TIMEMOVE_A_STREAM_TIMEMOVE_B_STREAM_TIMEMOVE_S1_S2.desc', 'STREAM_HASH_STREAM_HASH_STREAM_TIMEMOVE_STREAM_HASH_STREAM_TIMEMOVE_A_STREAM_TIMEMOVE_B_STREAM_TIMEMOVE_S1_S2.meta']"]
W4_Q01: identyczne=False ["różny zestaw artefaktów: tylko STRUCT=['STREAM_TIMEMOVE_A.desc', 'STREAM_TIMEMOVE_A.meta', 'STREAM_TIMEMOVE_B.desc', 'STREAM_TIMEMOVE_B.meta'] tylko ALGSTRUCT=['STREAM_HASH_A_B.desc', 'STREAM_HASH_A_B.meta']"]
W4_Q02: identyczne=False ["różny zestaw artefaktów: tylko STRUCT=['STREAM_TIMEMOVE_A.desc', 'STREAM_TIMEMOVE_A.meta', 'STREAM_TIMEMOVE_B.desc', 'STREAM_TIMEMOVE_B.meta'] tylko ALGSTRUCT=['STREAM_HASH_A_B.desc', 'STREAM_HASH_A_B.meta']"]
W4_Q04: identyczne=False ["różny zestaw artefaktów: tylko STRUCT=['STREAM_TIMEMOVE_A.desc', 'STREAM_TIMEMOVE_A.meta', 'STREAM_TIMEMOVE_B.desc', 'STREAM_TIMEMOVE_B.meta'] tylko ALGSTRUCT=['STREAM_HASH_A_B.desc', 'STREAM_HASH_A_B.meta']"]
W4_Q08: identyczne=False ["różny zestaw artefaktów: tylko STRUCT=['STREAM_TIMEMOVE_A.desc', 'STREAM_TIMEMOVE_A.meta', 'STREAM_TIMEMOVE_B.desc', 'STREAM_TIMEMOVE_B.meta'] tylko ALGSTRUCT=['STREAM_HASH_A_B.desc', 'STREAM_HASH_A_B.meta']"]
W4_Q16: identyczne=False ["różny zestaw artefaktów: tylko STRUCT=['STREAM_TIMEMOVE_A.desc', 'STREAM_TIMEMOVE_A.meta', 'STREAM_TIMEMOVE_B.desc', 'STREAM_TIMEMOVE_B.meta'] tylko ALGSTRUCT=['STREAM_HASH_A_B.desc', 'STREAM_HASH_A_B.meta']"]
W4_Q32: identyczne=False ["różny zestaw artefaktów: tylko STRUCT=['STREAM_TIMEMOVE_A.desc', 'STREAM_TIMEMOVE_A.meta', 'STREAM_TIMEMOVE_B.desc', 'STREAM_TIMEMOVE_B.meta'] tylko ALGSTRUCT=['STREAM_HASH_A_B.desc', 'STREAM_HASH_A_B.meta']"]
W8_Q01: identyczne=False ["różny zestaw artefaktów: tylko STRUCT=['STREAM_TIMEMOVE_mlii.desc', 'STREAM_TIMEMOVE_mlii.meta', 'STREAM_TIMEMOVE_mwi.desc', 'STREAM_TIMEMOVE_mwi.meta'] tylko ALGSTRUCT=['STREAM_HASH_mlii_mwi.desc', 'STREAM_HASH_mlii_mwi.meta']"]
W8_Q02: identyczne=False ["różny zestaw artefaktów: tylko STRUCT=['STREAM_TIMEMOVE_mlii.desc', 'STREAM_TIMEMOVE_mlii.meta', 'STREAM_TIMEMOVE_mwi.desc', 'STREAM_TIMEMOVE_mwi.meta'] tylko ALGSTRUCT=['STREAM_HASH_mlii_mwi.desc', 'STREAM_HASH_mlii_mwi.meta']"]
W8_Q04: identyczne=False ["różny zestaw artefaktów: tylko STRUCT=['STREAM_TIMEMOVE_mlii.desc', 'STREAM_TIMEMOVE_mlii.meta', 'STREAM_TIMEMOVE_mwi.desc', 'STREAM_TIMEMOVE_mwi.meta'] tylko ALGSTRUCT=['STREAM_HASH_mlii_mwi.desc', 'STREAM_HASH_mlii_mwi.meta']"]
W8_Q08: identyczne=False ["różny zestaw artefaktów: tylko STRUCT=['STREAM_TIMEMOVE_mlii.desc', 'STREAM_TIMEMOVE_mlii.meta', 'STREAM_TIMEMOVE_mwi.desc', 'STREAM_TIMEMOVE_mwi.meta'] tylko ALGSTRUCT=['STREAM_HASH_mlii_mwi.desc', 'STREAM_HASH_mlii_mwi.meta']"]
W8_Q16: identyczne=False ["różny zestaw artefaktów: tylko STRUCT=['STREAM_TIMEMOVE_mlii.desc', 'STREAM_TIMEMOVE_mlii.meta', 'STREAM_TIMEMOVE_mwi.desc', 'STREAM_TIMEMOVE_mwi.meta'] tylko ALGSTRUCT=['STREAM_HASH_mlii_mwi.desc', 'STREAM_HASH_mlii_mwi.meta']"]
W8_Q32: identyczne=False ["różny zestaw artefaktów: tylko STRUCT=['STREAM_TIMEMOVE_mlii.desc', 'STREAM_TIMEMOVE_mlii.meta', 'STREAM_TIMEMOVE_mwi.desc', 'STREAM_TIMEMOVE_mwi.meta'] tylko ALGSTRUCT=['STREAM_HASH_mlii_mwi.desc', 'STREAM_HASH_mlii_mwi.meta']"]
W5_Q01: identyczne=True 
W6_Q01: identyczne=True 
W7_Q01: identyczne=True 
Werdykt: NO-GO
K5 zakończone; werdykt: /home/michal/github/rdb-experiment/results_20260729_K5/results/summary.md
