:STORAGE	temp/
src(1/1000)	f1_source.txt
	x: INTEGER
win(1/1000)	tail=45
	:- PUSH_STREAM(src)
	:- STREAM_AGSE(1,45)
	src_0: INTEGER
		PUSH_ID(win[0])
	src_1: INTEGER
		PUSH_ID(win[1])
	src_2: INTEGER
		PUSH_ID(win[2])
	src_3: INTEGER
		PUSH_ID(win[3])
	src_4: INTEGER
		PUSH_ID(win[4])
	src_5: INTEGER
		PUSH_ID(win[5])
	src_6: INTEGER
		PUSH_ID(win[6])
	src_7: INTEGER
		PUSH_ID(win[7])
	src_8: INTEGER
		PUSH_ID(win[8])
	src_9: INTEGER
		PUSH_ID(win[9])
	src_10: INTEGER
		PUSH_ID(win[10])
	src_11: INTEGER
		PUSH_ID(win[11])
	src_12: INTEGER
		PUSH_ID(win[12])
	src_13: INTEGER
		PUSH_ID(win[13])
	src_14: INTEGER
		PUSH_ID(win[14])
	src_15: INTEGER
		PUSH_ID(win[15])
	src_16: INTEGER
		PUSH_ID(win[16])
	src_17: INTEGER
		PUSH_ID(win[17])
	src_18: INTEGER
		PUSH_ID(win[18])
	src_19: INTEGER
		PUSH_ID(win[19])
	src_20: INTEGER
		PUSH_ID(win[20])
	src_21: INTEGER
		PUSH_ID(win[21])
	src_22: INTEGER
		PUSH_ID(win[22])
	src_23: INTEGER
		PUSH_ID(win[23])
	src_24: INTEGER
		PUSH_ID(win[24])
	src_25: INTEGER
		PUSH_ID(win[25])
	src_26: INTEGER
		PUSH_ID(win[26])
	src_27: INTEGER
		PUSH_ID(win[27])
	src_28: INTEGER
		PUSH_ID(win[28])
	src_29: INTEGER
		PUSH_ID(win[29])
	src_30: INTEGER
		PUSH_ID(win[30])
	src_31: INTEGER
		PUSH_ID(win[31])
	src_32: INTEGER
		PUSH_ID(win[32])
	src_33: INTEGER
		PUSH_ID(win[33])
	src_34: INTEGER
		PUSH_ID(win[34])
	src_35: INTEGER
		PUSH_ID(win[35])
	src_36: INTEGER
		PUSH_ID(win[36])
	src_37: INTEGER
		PUSH_ID(win[37])
	src_38: INTEGER
		PUSH_ID(win[38])
	src_39: INTEGER
		PUSH_ID(win[39])
	src_40: INTEGER
		PUSH_ID(win[40])
	src_41: INTEGER
		PUSH_ID(win[41])
	src_42: INTEGER
		PUSH_ID(win[42])
	src_43: INTEGER
		PUSH_ID(win[43])
	src_44: INTEGER
		PUSH_ID(win[44])
coef(1/1)	f1_coef.txt
	c: INTEGER
acc(1/1000)	tail=45
	:- PUSH_STREAM(win)
	:- PUSH_STREAM(coef)
	:- STREAM_ADD
	acc_0: INTEGER
		PUSH_ID(acc[0])
		PUSH_ID(acc[45])
		MULTIPLY
	acc_1: INTEGER
		PUSH_ID(acc[1])
		PUSH_ID(acc[46])
		MULTIPLY
	acc_2: INTEGER
		PUSH_ID(acc[2])
		PUSH_ID(acc[47])
		MULTIPLY
	acc_3: INTEGER
		PUSH_ID(acc[3])
		PUSH_ID(acc[48])
		MULTIPLY
	acc_4: INTEGER
		PUSH_ID(acc[4])
		PUSH_ID(acc[49])
		MULTIPLY
	acc_5: INTEGER
		PUSH_ID(acc[5])
		PUSH_ID(acc[50])
		MULTIPLY
	acc_6: INTEGER
		PUSH_ID(acc[6])
		PUSH_ID(acc[51])
		MULTIPLY
	acc_7: INTEGER
		PUSH_ID(acc[7])
		PUSH_ID(acc[52])
		MULTIPLY
	acc_8: INTEGER
		PUSH_ID(acc[8])
		PUSH_ID(acc[53])
		MULTIPLY
	acc_9: INTEGER
		PUSH_ID(acc[9])
		PUSH_ID(acc[54])
		MULTIPLY
	acc_10: INTEGER
		PUSH_ID(acc[10])
		PUSH_ID(acc[55])
		MULTIPLY
	acc_11: INTEGER
		PUSH_ID(acc[11])
		PUSH_ID(acc[56])
		MULTIPLY
	acc_12: INTEGER
		PUSH_ID(acc[12])
		PUSH_ID(acc[57])
		MULTIPLY
	acc_13: INTEGER
		PUSH_ID(acc[13])
		PUSH_ID(acc[58])
		MULTIPLY
	acc_14: INTEGER
		PUSH_ID(acc[14])
		PUSH_ID(acc[59])
		MULTIPLY
	acc_15: INTEGER
		PUSH_ID(acc[15])
		PUSH_ID(acc[60])
		MULTIPLY
	acc_16: INTEGER
		PUSH_ID(acc[16])
		PUSH_ID(acc[61])
		MULTIPLY
	acc_17: INTEGER
		PUSH_ID(acc[17])
		PUSH_ID(acc[62])
		MULTIPLY
	acc_18: INTEGER
		PUSH_ID(acc[18])
		PUSH_ID(acc[63])
		MULTIPLY
	acc_19: INTEGER
		PUSH_ID(acc[19])
		PUSH_ID(acc[64])
		MULTIPLY
	acc_20: INTEGER
		PUSH_ID(acc[20])
		PUSH_ID(acc[65])
		MULTIPLY
	acc_21: INTEGER
		PUSH_ID(acc[21])
		PUSH_ID(acc[66])
		MULTIPLY
	acc_22: INTEGER
		PUSH_ID(acc[22])
		PUSH_ID(acc[67])
		MULTIPLY
	acc_23: INTEGER
		PUSH_ID(acc[23])
		PUSH_ID(acc[68])
		MULTIPLY
	acc_24: INTEGER
		PUSH_ID(acc[24])
		PUSH_ID(acc[69])
		MULTIPLY
	acc_25: INTEGER
		PUSH_ID(acc[25])
		PUSH_ID(acc[70])
		MULTIPLY
	acc_26: INTEGER
		PUSH_ID(acc[26])
		PUSH_ID(acc[71])
		MULTIPLY
	acc_27: INTEGER
		PUSH_ID(acc[27])
		PUSH_ID(acc[72])
		MULTIPLY
	acc_28: INTEGER
		PUSH_ID(acc[28])
		PUSH_ID(acc[73])
		MULTIPLY
	acc_29: INTEGER
		PUSH_ID(acc[29])
		PUSH_ID(acc[74])
		MULTIPLY
	acc_30: INTEGER
		PUSH_ID(acc[30])
		PUSH_ID(acc[75])
		MULTIPLY
	acc_31: INTEGER
		PUSH_ID(acc[31])
		PUSH_ID(acc[76])
		MULTIPLY
	acc_32: INTEGER
		PUSH_ID(acc[32])
		PUSH_ID(acc[77])
		MULTIPLY
	acc_33: INTEGER
		PUSH_ID(acc[33])
		PUSH_ID(acc[78])
		MULTIPLY
	acc_34: INTEGER
		PUSH_ID(acc[34])
		PUSH_ID(acc[79])
		MULTIPLY
	acc_35: INTEGER
		PUSH_ID(acc[35])
		PUSH_ID(acc[80])
		MULTIPLY
	acc_36: INTEGER
		PUSH_ID(acc[36])
		PUSH_ID(acc[81])
		MULTIPLY
	acc_37: INTEGER
		PUSH_ID(acc[37])
		PUSH_ID(acc[82])
		MULTIPLY
	acc_38: INTEGER
		PUSH_ID(acc[38])
		PUSH_ID(acc[83])
		MULTIPLY
	acc_39: INTEGER
		PUSH_ID(acc[39])
		PUSH_ID(acc[84])
		MULTIPLY
	acc_40: INTEGER
		PUSH_ID(acc[40])
		PUSH_ID(acc[85])
		MULTIPLY
	acc_41: INTEGER
		PUSH_ID(acc[41])
		PUSH_ID(acc[86])
		MULTIPLY
	acc_42: INTEGER
		PUSH_ID(acc[42])
		PUSH_ID(acc[87])
		MULTIPLY
	acc_43: INTEGER
		PUSH_ID(acc[43])
		PUSH_ID(acc[88])
		MULTIPLY
	acc_44: INTEGER
		PUSH_ID(acc[44])
		PUSH_ID(acc[89])
		MULTIPLY
f1_out(1/1000)	tail=45
	:- PUSH_STREAM(acc)
	:- STREAM_SUM
	f1_out_0: INTEGER
		PUSH_ID(f1_out[0])
		PUSH_VAL(45)
		DIVIDE
		PUSH_VAL(1000)
		DIVIDE
