=== podejscie 1, 2026-08-14 17:29:52 CEST ===
[001/480] F9-R2 b=1 q=1 NO_R2_CANON p99=288515 ns
[002/480] F9-R2 b=1 q=1 NO_R1_FACTOR p99=257738 ns
[003/480] F9-R2 b=1 q=1 NO_R1_NO_R2 p99=168016 ns
[004/480] F9-R2 b=1 q=1 DEFAULT p99=166017 ns
[005/480] F9-R2 b=1 q=2 NO_R1_FACTOR p99=370738 ns
[006/480] F9-R2 b=1 q=2 NO_R1_NO_R2 p99=356200 ns
[007/480] F9-R2 b=1 q=2 DEFAULT p99=329757 ns
[008/480] F9-R2 b=1 q=2 NO_R2_CANON p99=316775 ns
[009/480] F9-R2 b=1 q=4 NO_R2_CANON p99=634549 ns
[010/480] F9-R2 b=1 q=4 NO_R1_FACTOR p99=542402 ns
[011/480] F9-R2 b=1 q=4 NO_R1_NO_R2 p99=621419 ns
[012/480] F9-R2 b=1 q=4 DEFAULT p99=547272 ns
[013/480] F9-R2 b=1 q=8 NO_R1_NO_R2 p99=1050749 ns
[014/480] F9-R2 b=1 q=8 NO_R2_CANON p99=1053044 ns
[015/480] F9-R2 b=1 q=8 NO_R1_FACTOR p99=982304 ns
[016/480] F9-R2 b=1 q=8 DEFAULT p99=972009 ns
[017/480] F9-R2 b=1 q=16 NO_R1_FACTOR p99=2005868 ns
[018/480] F9-R2 b=1 q=16 NO_R1_NO_R2 p99=1823222 ns
[019/480] F9-R2 b=1 q=16 DEFAULT p99=1801907 ns
[020/480] F9-R2 b=1 q=16 NO_R2_CANON p99=1871961 ns
[021/480] F9-R2 b=1 q=32 NO_R1_NO_R2 p99=3644594 ns
[022/480] F9-R2 b=1 q=32 DEFAULT p99=3471083 ns
[023/480] F9-R2 b=1 q=32 NO_R2_CANON p99=3533972 ns
[024/480] F9-R2 b=1 q=32 NO_R1_FACTOR p99=3397827 ns
[025/480] F9-R2 b=2 q=1 NO_R1_NO_R2 p99=166646 ns
[026/480] F9-R2 b=2 q=1 NO_R1_FACTOR p99=160999 ns
[027/480] F9-R2 b=2 q=1 DEFAULT p99=173202 ns
[028/480] F9-R2 b=2 q=1 NO_R2_CANON p99=163702 ns
[029/480] F9-R2 b=2 q=2 NO_R1_NO_R2 p99=325496 ns
[030/480] F9-R2 b=2 q=2 NO_R2_CANON p99=360515 ns
[031/480] F9-R2 b=2 q=2 DEFAULT p99=434995 ns
[032/480] F9-R2 b=2 q=2 NO_R1_FACTOR p99=327034 ns
[033/480] F9-R2 b=2 q=4 NO_R2_CANON p99=634381 ns
[034/480] F9-R2 b=2 q=4 NO_R1_NO_R2 p99=639141 ns
[035/480] F9-R2 b=2 q=4 NO_R1_FACTOR p99=584160 ns
[036/480] F9-R2 b=2 q=4 DEFAULT p99=545198 ns
[037/480] F9-R2 b=2 q=8 NO_R2_CANON p99=1076859 ns
[038/480] F9-R2 b=2 q=8 NO_R1_NO_R2 p99=1047731 ns
[039/480] F9-R2 b=2 q=8 DEFAULT p99=1172249 ns
[040/480] F9-R2 b=2 q=8 NO_R1_FACTOR p99=964268 ns
[041/480] F9-R2 b=2 q=16 NO_R1_NO_R2 p99=1831778 ns
[042/480] F9-R2 b=2 q=16 NO_R1_FACTOR p99=1830500 ns
[043/480] F9-R2 b=2 q=16 NO_R2_CANON p99=2329253 ns
[044/480] F9-R2 b=2 q=16 DEFAULT p99=1741130 ns
[045/480] F9-R2 b=2 q=32 NO_R1_FACTOR p99=3387353 ns
[046/480] F9-R2 b=2 q=32 DEFAULT p99=3750145 ns
[047/480] F9-R2 b=2 q=32 NO_R2_CANON p99=3587109 ns
[048/480] F9-R2 b=2 q=32 NO_R1_NO_R2 p99=3486629 ns
[049/480] F9-R2 b=3 q=1 NO_R1_NO_R2 p99=271831 ns
[050/480] F9-R2 b=3 q=1 NO_R2_CANON p99=171609 ns
[051/480] F9-R2 b=3 q=1 DEFAULT p99=168146 ns
[052/480] F9-R2 b=3 q=1 NO_R1_FACTOR p99=168480 ns
[053/480] F9-R2 b=3 q=2 DEFAULT p99=337756 ns
[054/480] F9-R2 b=3 q=2 NO_R1_FACTOR p99=355922 ns
[055/480] F9-R2 b=3 q=2 NO_R2_CANON p99=326973 ns
[056/480] F9-R2 b=3 q=2 NO_R1_NO_R2 p99=322826 ns
[057/480] F9-R2 b=3 q=4 NO_R1_FACTOR p99=558376 ns
[058/480] F9-R2 b=3 q=4 NO_R2_CANON p99=652135 ns
[059/480] F9-R2 b=3 q=4 NO_R1_NO_R2 p99=639933 ns
[060/480] F9-R2 b=3 q=4 DEFAULT p99=514232 ns
[061/480] F9-R2 b=3 q=8 NO_R1_NO_R2 p99=1160147 ns
[062/480] F9-R2 b=3 q=8 DEFAULT p99=932689 ns
[063/480] F9-R2 b=3 q=8 NO_R2_CANON p99=1037743 ns
[064/480] F9-R2 b=3 q=8 NO_R1_FACTOR p99=964800 ns
[065/480] F9-R2 b=3 q=16 NO_R2_CANON p99=1894565 ns
[066/480] F9-R2 b=3 q=16 DEFAULT p99=1792900 ns
[067/480] F9-R2 b=3 q=16 NO_R1_NO_R2 p99=1886491 ns
[068/480] F9-R2 b=3 q=16 NO_R1_FACTOR p99=1779826 ns
[069/480] F9-R2 b=3 q=32 NO_R1_NO_R2 p99=3518246 ns
[070/480] F9-R2 b=3 q=32 DEFAULT p99=3414951 ns
[071/480] F9-R2 b=3 q=32 NO_R1_FACTOR p99=3538025 ns
[072/480] F9-R2 b=3 q=32 NO_R2_CANON p99=3502276 ns
[073/480] F9-R2 b=4 q=1 NO_R1_FACTOR p99=250332 ns
[074/480] F9-R2 b=4 q=1 NO_R1_NO_R2 p99=167888 ns
[075/480] F9-R2 b=4 q=1 NO_R2_CANON p99=161073 ns
[076/480] F9-R2 b=4 q=1 DEFAULT p99=157517 ns
[077/480] F9-R2 b=4 q=2 DEFAULT p99=315331 ns
[078/480] F9-R2 b=4 q=2 NO_R1_NO_R2 p99=391034 ns
[079/480] F9-R2 b=4 q=2 NO_R2_CANON p99=372885 ns
[080/480] F9-R2 b=4 q=2 NO_R1_FACTOR p99=337737 ns
[081/480] F9-R2 b=4 q=4 NO_R1_FACTOR p99=592920 ns
[082/480] F9-R2 b=4 q=4 NO_R2_CANON p99=648789 ns
[083/480] F9-R2 b=4 q=4 NO_R1_NO_R2 p99=617216 ns
[084/480] F9-R2 b=4 q=4 DEFAULT p99=530253 ns
[085/480] F9-R2 b=4 q=8 DEFAULT p99=970618 ns
[086/480] F9-R2 b=4 q=8 NO_R1_FACTOR p99=987137 ns
[087/480] F9-R2 b=4 q=8 NO_R2_CANON p99=1053007 ns
[088/480] F9-R2 b=4 q=8 NO_R1_NO_R2 p99=1051136 ns
[089/480] F9-R2 b=4 q=16 NO_R1_FACTOR p99=1812211 ns
[090/480] F9-R2 b=4 q=16 NO_R1_NO_R2 p99=1839620 ns
[091/480] F9-R2 b=4 q=16 DEFAULT p99=1805714 ns
[092/480] F9-R2 b=4 q=16 NO_R2_CANON p99=1886639 ns
[093/480] F9-R2 b=4 q=32 NO_R1_FACTOR p99=3412397 ns
[094/480] F9-R2 b=4 q=32 NO_R2_CANON p99=3577099 ns
[095/480] F9-R2 b=4 q=32 NO_R1_NO_R2 p99=3586822 ns
[096/480] F9-R2 b=4 q=32 DEFAULT p99=3421640 ns
[097/480] F9-R2 b=5 q=1 NO_R1_FACTOR p99=164479 ns
[098/480] F9-R2 b=5 q=1 DEFAULT p99=261311 ns
[099/480] F9-R2 b=5 q=1 NO_R1_NO_R2 p99=164035 ns
[100/480] F9-R2 b=5 q=1 NO_R2_CANON p99=156072 ns
[101/480] F9-R2 b=5 q=2 NO_R1_FACTOR p99=441772 ns
[102/480] F9-R2 b=5 q=2 NO_R2_CANON p99=342107 ns
[103/480] F9-R2 b=5 q=2 NO_R1_NO_R2 p99=393254 ns
[104/480] F9-R2 b=5 q=2 DEFAULT p99=342181 ns
[105/480] F9-R2 b=5 q=4 NO_R1_FACTOR p99=559678 ns
[106/480] F9-R2 b=5 q=4 DEFAULT p99=552235 ns
[107/480] F9-R2 b=5 q=4 NO_R2_CANON p99=619030 ns
[108/480] F9-R2 b=5 q=4 NO_R1_NO_R2 p99=615567 ns
[109/480] F9-R2 b=5 q=8 NO_R2_CANON p99=1032951 ns
[110/480] F9-R2 b=5 q=8 DEFAULT p99=972415 ns
[111/480] F9-R2 b=5 q=8 NO_R1_FACTOR p99=979192 ns
[112/480] F9-R2 b=5 q=8 NO_R1_NO_R2 p99=1010173 ns
[113/480] F9-R2 b=5 q=16 DEFAULT p99=1802645 ns
[114/480] F9-R2 b=5 q=16 NO_R1_FACTOR p99=1750905 ns
[115/480] F9-R2 b=5 q=16 NO_R1_NO_R2 p99=1895736 ns
[116/480] F9-R2 b=5 q=16 NO_R2_CANON p99=1927476 ns
[117/480] F9-R2 b=5 q=32 DEFAULT p99=3482883 ns
[118/480] F9-R2 b=5 q=32 NO_R1_FACTOR p99=3479217 ns
[119/480] F9-R2 b=5 q=32 NO_R1_NO_R2 p99=3464791 ns
[120/480] F9-R2 b=5 q=32 NO_R2_CANON p99=3496975 ns
[121/480] F9-R2 b=6 q=1 NO_R2_CANON p99=172887 ns
[122/480] F9-R2 b=6 q=1 NO_R1_FACTOR p99=169702 ns
[123/480] F9-R2 b=6 q=1 DEFAULT p99=178517 ns
[124/480] F9-R2 b=6 q=1 NO_R1_NO_R2 p99=172647 ns
[125/480] F9-R2 b=6 q=2 NO_R1_FACTOR p99=340477 ns
[126/480] F9-R2 b=6 q=2 NO_R1_NO_R2 p99=338774 ns
[127/480] F9-R2 b=6 q=2 DEFAULT p99=352274 ns
[128/480] F9-R2 b=6 q=2 NO_R2_CANON p99=318904 ns
[129/480] F9-R2 b=6 q=4 NO_R1_NO_R2 p99=646363 ns
[130/480] F9-R2 b=6 q=4 NO_R2_CANON p99=627808 ns
[131/480] F9-R2 b=6 q=4 NO_R1_FACTOR p99=558937 ns
[132/480] F9-R2 b=6 q=4 DEFAULT p99=552345 ns
[133/480] F9-R2 b=6 q=8 NO_R1_FACTOR p99=949822 ns
[134/480] F9-R2 b=6 q=8 NO_R1_NO_R2 p99=1051765 ns
[135/480] F9-R2 b=6 q=8 DEFAULT p99=981674 ns
[136/480] F9-R2 b=6 q=8 NO_R2_CANON p99=1059561 ns
[137/480] F9-R2 b=6 q=16 NO_R2_CANON p99=1818219 ns
[138/480] F9-R2 b=6 q=16 NO_R1_FACTOR p99=1767349 ns
[139/480] F9-R2 b=6 q=16 DEFAULT p99=1818645 ns
[140/480] F9-R2 b=6 q=16 NO_R1_NO_R2 p99=1857327 ns
[141/480] F9-R2 b=6 q=32 NO_R1_NO_R2 p99=3578176 ns
[142/480] F9-R2 b=6 q=32 DEFAULT p99=3433031 ns
[143/480] F9-R2 b=6 q=32 NO_R2_CANON p99=3574289 ns
[144/480] F9-R2 b=6 q=32 NO_R1_FACTOR p99=3452567 ns
[145/480] F9-R2 b=7 q=1 NO_R1_NO_R2 p99=164072 ns
[146/480] F9-R2 b=7 q=1 DEFAULT p99=168053 ns
[147/480] F9-R2 b=7 q=1 NO_R2_CANON p99=166128 ns
[148/480] F9-R2 b=7 q=1 NO_R1_FACTOR p99=171869 ns
[149/480] F9-R2 b=7 q=2 NO_R1_FACTOR p99=360700 ns
[150/480] F9-R2 b=7 q=2 NO_R1_NO_R2 p99=334755 ns
[151/480] F9-R2 b=7 q=2 DEFAULT p99=341533 ns
[152/480] F9-R2 b=7 q=2 NO_R2_CANON p99=335811 ns
[153/480] F9-R2 b=7 q=4 NO_R1_FACTOR p99=595048 ns
[154/480] F9-R2 b=7 q=4 NO_R1_NO_R2 p99=649178 ns
[155/480] F9-R2 b=7 q=4 NO_R2_CANON p99=659122 ns
[156/480] F9-R2 b=7 q=4 DEFAULT p99=564345 ns
[157/480] F9-R2 b=7 q=8 DEFAULT p99=986600 ns
[158/480] F9-R2 b=7 q=8 NO_R2_CANON p99=1042114 ns
[159/480] F9-R2 b=7 q=8 NO_R1_FACTOR p99=971134 ns
[160/480] F9-R2 b=7 q=8 NO_R1_NO_R2 p99=1064411 ns
[161/480] F9-R2 b=7 q=16 NO_R1_NO_R2 p99=1890956 ns
[162/480] F9-R2 b=7 q=16 NO_R2_CANON p99=1898864 ns
[163/480] F9-R2 b=7 q=16 DEFAULT p99=1777125 ns
[164/480] F9-R2 b=7 q=16 NO_R1_FACTOR p99=1780440 ns
[165/480] F9-R2 b=7 q=32 NO_R2_CANON p99=3502010 ns
[166/480] F9-R2 b=7 q=32 DEFAULT p99=3423512 ns
[167/480] F9-R2 b=7 q=32 NO_R1_FACTOR p99=3416679 ns
[168/480] F9-R2 b=7 q=32 NO_R1_NO_R2 p99=3416494 ns
[169/480] F9-R2 b=8 q=1 NO_R1_FACTOR p99=177109 ns
[170/480] F9-R2 b=8 q=1 DEFAULT p99=183201 ns
[171/480] F9-R2 b=8 q=1 NO_R1_NO_R2 p99=177812 ns
[172/480] F9-R2 b=8 q=1 NO_R2_CANON p99=177960 ns
[173/480] F9-R2 b=8 q=2 DEFAULT p99=358125 ns
[174/480] F9-R2 b=8 q=2 NO_R2_CANON p99=338627 ns
[175/480] F9-R2 b=8 q=2 NO_R1_NO_R2 p99=335516 ns
[176/480] F9-R2 b=8 q=2 NO_R1_FACTOR p99=338590 ns
[177/480] F9-R2 b=8 q=4 NO_R2_CANON p99=618031 ns
[178/480] F9-R2 b=8 q=4 NO_R1_NO_R2 p99=647438 ns
[179/480] F9-R2 b=8 q=4 NO_R1_FACTOR p99=565068 ns
[180/480] F9-R2 b=8 q=4 DEFAULT p99=586457 ns
[181/480] F9-R2 b=8 q=8 NO_R1_NO_R2 p99=1050970 ns
[182/480] F9-R2 b=8 q=8 DEFAULT p99=946989 ns
[183/480] F9-R2 b=8 q=8 NO_R1_FACTOR p99=949470 ns
[184/480] F9-R2 b=8 q=8 NO_R2_CANON p99=1039544 ns
[185/480] F9-R2 b=8 q=16 NO_R1_NO_R2 p99=1910404 ns
[186/480] F9-R2 b=8 q=16 NO_R2_CANON p99=1830293 ns
[187/480] F9-R2 b=8 q=16 NO_R1_FACTOR p99=1819349 ns
[188/480] F9-R2 b=8 q=16 DEFAULT p99=1779220 ns
[189/480] F9-R2 b=8 q=32 NO_R2_CANON p99=3486404 ns
[190/480] F9-R2 b=8 q=32 DEFAULT p99=3394553 ns
[191/480] F9-R2 b=8 q=32 NO_R1_NO_R2 p99=3627307 ns
[192/480] F9-R2 b=8 q=32 NO_R1_FACTOR p99=3543254 ns
[193/480] F9-R2 b=9 q=1 DEFAULT p99=169664 ns
[194/480] F9-R2 b=9 q=1 NO_R2_CANON p99=176924 ns
[195/480] F9-R2 b=9 q=1 NO_R1_FACTOR p99=217812 ns
[196/480] F9-R2 b=9 q=1 NO_R1_NO_R2 p99=183035 ns
[197/480] F9-R2 b=9 q=2 DEFAULT p99=356272 ns
[198/480] F9-R2 b=9 q=2 NO_R1_NO_R2 p99=354421 ns
[199/480] F9-R2 b=9 q=2 NO_R2_CANON p99=329051 ns
[200/480] F9-R2 b=9 q=2 NO_R1_FACTOR p99=341736 ns
[201/480] F9-R2 b=9 q=4 NO_R1_NO_R2 p99=627566 ns
[202/480] F9-R2 b=9 q=4 NO_R2_CANON p99=622288 ns
[203/480] F9-R2 b=9 q=4 DEFAULT p99=556696 ns
[204/480] F9-R2 b=9 q=4 NO_R1_FACTOR p99=563123 ns
[205/480] F9-R2 b=9 q=8 NO_R2_CANON p99=1035542 ns
[206/480] F9-R2 b=9 q=8 NO_R1_NO_R2 p99=1032598 ns
[207/480] F9-R2 b=9 q=8 NO_R1_FACTOR p99=952655 ns
[208/480] F9-R2 b=9 q=8 DEFAULT p99=961122 ns
[209/480] F9-R2 b=9 q=16 NO_R1_FACTOR p99=1807539 ns
[210/480] F9-R2 b=9 q=16 NO_R2_CANON p99=1894148 ns
[211/480] F9-R2 b=9 q=16 DEFAULT p99=1810352 ns
[212/480] F9-R2 b=9 q=16 NO_R1_NO_R2 p99=1863517 ns
[213/480] F9-R2 b=9 q=32 DEFAULT p99=3474703 ns
[214/480] F9-R2 b=9 q=32 NO_R1_FACTOR p99=3416220 ns
[215/480] F9-R2 b=9 q=32 NO_R1_NO_R2 p99=3498442 ns
[216/480] F9-R2 b=9 q=32 NO_R2_CANON p99=3510996 ns
[217/480] F9-R2 b=10 q=1 NO_R2_CANON p99=163090 ns
[218/480] F9-R2 b=10 q=1 DEFAULT p99=166757 ns
[219/480] F9-R2 b=10 q=1 NO_R1_NO_R2 p99=179091 ns
[220/480] F9-R2 b=10 q=1 NO_R1_FACTOR p99=167775 ns
[221/480] F9-R2 b=10 q=2 NO_R1_FACTOR p99=367255 ns
[222/480] F9-R2 b=10 q=2 NO_R1_NO_R2 p99=354329 ns
[223/480] F9-R2 b=10 q=2 DEFAULT p99=343422 ns
[224/480] F9-R2 b=10 q=2 NO_R2_CANON p99=338496 ns
[225/480] F9-R2 b=10 q=4 NO_R1_FACTOR p99=547270 ns
[226/480] F9-R2 b=10 q=4 NO_R2_CANON p99=641677 ns
[227/480] F9-R2 b=10 q=4 NO_R1_NO_R2 p99=609622 ns
[228/480] F9-R2 b=10 q=4 DEFAULT p99=597974 ns
[229/480] F9-R2 b=10 q=8 NO_R1_NO_R2 p99=1041876 ns
[230/480] F9-R2 b=10 q=8 NO_R2_CANON p99=1061191 ns
[231/480] F9-R2 b=10 q=8 DEFAULT p99=969211 ns
[232/480] F9-R2 b=10 q=8 NO_R1_FACTOR p99=973488 ns
[233/480] F9-R2 b=10 q=16 NO_R2_CANON p99=1915162 ns
[234/480] F9-R2 b=10 q=16 NO_R1_NO_R2 p99=2119807 ns
[235/480] F9-R2 b=10 q=16 NO_R1_FACTOR p99=1782293 ns
[236/480] F9-R2 b=10 q=16 DEFAULT p99=1869310 ns
[237/480] F9-R2 b=10 q=32 NO_R1_NO_R2 p99=3506827 ns
[238/480] F9-R2 b=10 q=32 NO_R1_FACTOR p99=3405773 ns
[239/480] F9-R2 b=10 q=32 DEFAULT p99=3447013 ns
[240/480] F9-R2 b=10 q=32 NO_R2_CANON p99=3519752 ns
[241/480] F9-R2 b=11 q=1 DEFAULT p99=191461 ns
[242/480] F9-R2 b=11 q=1 NO_R1_FACTOR p99=160590 ns
[243/480] F9-R2 b=11 q=1 NO_R1_NO_R2 p99=158165 ns
[244/480] F9-R2 b=11 q=1 NO_R2_CANON p99=163184 ns
[245/480] F9-R2 b=11 q=2 DEFAULT p99=328126 ns
[246/480] F9-R2 b=11 q=2 NO_R1_NO_R2 p99=370718 ns
[247/480] F9-R2 b=11 q=2 NO_R1_FACTOR p99=335237 ns
[248/480] F9-R2 b=11 q=2 NO_R2_CANON p99=339514 ns
[249/480] F9-R2 b=11 q=4 DEFAULT p99=571567 ns
[250/480] F9-R2 b=11 q=4 NO_R1_NO_R2 p99=639252 ns
[251/480] F9-R2 b=11 q=4 NO_R1_FACTOR p99=561011 ns
[252/480] F9-R2 b=11 q=4 NO_R2_CANON p99=629103 ns
[253/480] F9-R2 b=11 q=8 NO_R1_FACTOR p99=968877 ns
[254/480] F9-R2 b=11 q=8 NO_R1_NO_R2 p99=1060728 ns
[255/480] F9-R2 b=11 q=8 DEFAULT p99=966025 ns
[256/480] F9-R2 b=11 q=8 NO_R2_CANON p99=1054913 ns
[257/480] F9-R2 b=11 q=16 NO_R2_CANON p99=1830867 ns
[258/480] F9-R2 b=11 q=16 DEFAULT p99=1805533 ns
[259/480] F9-R2 b=11 q=16 NO_R1_FACTOR p99=1821515 ns
[260/480] F9-R2 b=11 q=16 NO_R1_NO_R2 p99=1881680 ns
[261/480] F9-R2 b=11 q=32 NO_R2_CANON p99=3514400 ns
[262/480] F9-R2 b=11 q=32 NO_R1_FACTOR p99=3538456 ns
[263/480] F9-R2 b=11 q=32 DEFAULT p99=3488734 ns
[264/480] F9-R2 b=11 q=32 NO_R1_NO_R2 p99=3475253 ns
[265/480] F9-R2 b=12 q=1 NO_R2_CANON p99=167887 ns
[266/480] F9-R2 b=12 q=1 NO_R1_FACTOR p99=173072 ns
[267/480] F9-R2 b=12 q=1 DEFAULT p99=143165 ns
[268/480] F9-R2 b=12 q=1 NO_R1_NO_R2 p99=159683 ns
[269/480] F9-R2 b=12 q=2 DEFAULT p99=325977 ns
[270/480] F9-R2 b=12 q=2 NO_R1_FACTOR p99=337940 ns
[271/480] F9-R2 b=12 q=2 NO_R1_NO_R2 p99=334699 ns
[272/480] F9-R2 b=12 q=2 NO_R2_CANON p99=338607 ns
[273/480] F9-R2 b=12 q=4 DEFAULT p99=536179 ns
[274/480] F9-R2 b=12 q=4 NO_R2_CANON p99=646529 ns
[275/480] F9-R2 b=12 q=4 NO_R1_NO_R2 p99=685695 ns
[276/480] F9-R2 b=12 q=4 NO_R1_FACTOR p99=542401 ns
[277/480] F9-R2 b=12 q=8 NO_R2_CANON p99=1075154 ns
[278/480] F9-R2 b=12 q=8 NO_R1_NO_R2 p99=1044598 ns
[279/480] F9-R2 b=12 q=8 DEFAULT p99=973358 ns
[280/480] F9-R2 b=12 q=8 NO_R1_FACTOR p99=971303 ns
[281/480] F9-R2 b=12 q=16 NO_R1_FACTOR p99=1824292 ns
[282/480] F9-R2 b=12 q=16 NO_R1_NO_R2 p99=1831793 ns
[283/480] F9-R2 b=12 q=16 NO_R2_CANON p99=1893458 ns
[284/480] F9-R2 b=12 q=16 DEFAULT p99=1825293 ns
[285/480] F9-R2 b=12 q=32 NO_R2_CANON p99=3520364 ns
[286/480] F9-R2 b=12 q=32 DEFAULT p99=3443809 ns
[287/480] F9-R2 b=12 q=32 NO_R1_FACTOR p99=3403107 ns
[288/480] F9-R2 b=12 q=32 NO_R1_NO_R2 p99=3496253 ns
[289/480] F9-R2 b=13 q=1 NO_R1_FACTOR p99=172998 ns
[290/480] F9-R2 b=13 q=1 NO_R2_CANON p99=177295 ns
[291/480] F9-R2 b=13 q=1 DEFAULT p99=173238 ns
[292/480] F9-R2 b=13 q=1 NO_R1_NO_R2 p99=175628 ns
[293/480] F9-R2 b=13 q=2 NO_R2_CANON p99=341459 ns
[294/480] F9-R2 b=13 q=2 NO_R1_NO_R2 p99=359809 ns
[295/480] F9-R2 b=13 q=2 NO_R1_FACTOR p99=352773 ns
[296/480] F9-R2 b=13 q=2 DEFAULT p99=339458 ns
[297/480] F9-R2 b=13 q=4 DEFAULT p99=528160 ns
[298/480] F9-R2 b=13 q=4 NO_R2_CANON p99=648676 ns
[299/480] F9-R2 b=13 q=4 NO_R1_NO_R2 p99=632677 ns
[300/480] F9-R2 b=13 q=4 NO_R1_FACTOR p99=506827 ns
[301/480] F9-R2 b=13 q=8 NO_R1_FACTOR p99=1001413 ns
[302/480] F9-R2 b=13 q=8 NO_R2_CANON p99=1034524 ns
[303/480] F9-R2 b=13 q=8 NO_R1_NO_R2 p99=1028006 ns
[304/480] F9-R2 b=13 q=8 DEFAULT p99=962303 ns
[305/480] F9-R2 b=13 q=16 NO_R1_FACTOR p99=1811347 ns
[306/480] F9-R2 b=13 q=16 NO_R1_NO_R2 p99=1854236 ns
[307/480] F9-R2 b=13 q=16 DEFAULT p99=1770607 ns
[308/480] F9-R2 b=13 q=16 NO_R2_CANON p99=1885958 ns
[309/480] F9-R2 b=13 q=32 DEFAULT p99=3449642 ns
[310/480] F9-R2 b=13 q=32 NO_R2_CANON p99=3516419 ns
[311/480] F9-R2 b=13 q=32 NO_R1_NO_R2 p99=3449513 ns
[312/480] F9-R2 b=13 q=32 NO_R1_FACTOR p99=3386514 ns
[313/480] F9-R2 b=14 q=1 NO_R1_FACTOR p99=169238 ns
[314/480] F9-R2 b=14 q=1 NO_R1_NO_R2 p99=165850 ns
[315/480] F9-R2 b=14 q=1 DEFAULT p99=172572 ns
[316/480] F9-R2 b=14 q=1 NO_R2_CANON p99=171405 ns
[317/480] F9-R2 b=14 q=2 NO_R1_FACTOR p99=325681 ns
[318/480] F9-R2 b=14 q=2 NO_R1_NO_R2 p99=341144 ns
[319/480] F9-R2 b=14 q=2 NO_R2_CANON p99=355699 ns
[320/480] F9-R2 b=14 q=2 DEFAULT p99=331033 ns
[321/480] F9-R2 b=14 q=4 NO_R1_NO_R2 p99=634825 ns
[322/480] F9-R2 b=14 q=4 NO_R1_FACTOR p99=547289 ns
[323/480] F9-R2 b=14 q=4 NO_R2_CANON p99=621326 ns
[324/480] F9-R2 b=14 q=4 DEFAULT p99=564659 ns
[325/480] F9-R2 b=14 q=8 NO_R1_FACTOR p99=978821 ns
[326/480] F9-R2 b=14 q=8 NO_R1_NO_R2 p99=1044728 ns
[327/480] F9-R2 b=14 q=8 DEFAULT p99=970341 ns
[328/480] F9-R2 b=14 q=8 NO_R2_CANON p99=1063487 ns
[329/480] F9-R2 b=14 q=16 NO_R2_CANON p99=1855978 ns
[330/480] F9-R2 b=14 q=16 DEFAULT p99=1841330 ns
[331/480] F9-R2 b=14 q=16 NO_R1_NO_R2 p99=1880237 ns
[332/480] F9-R2 b=14 q=16 NO_R1_FACTOR p99=1826792 ns
[333/480] F9-R2 b=14 q=32 NO_R1_FACTOR p99=3453329 ns
[334/480] F9-R2 b=14 q=32 NO_R2_CANON p99=3499087 ns
[335/480] F9-R2 b=14 q=32 NO_R1_NO_R2 p99=3549641 ns
[336/480] F9-R2 b=14 q=32 DEFAULT p99=3438643 ns
[337/480] F9-R2 b=15 q=1 NO_R2_CANON p99=159831 ns
[338/480] F9-R2 b=15 q=1 DEFAULT p99=173313 ns
[339/480] F9-R2 b=15 q=1 NO_R1_FACTOR p99=192868 ns
[340/480] F9-R2 b=15 q=1 NO_R1_NO_R2 p99=167757 ns
[341/480] F9-R2 b=15 q=2 NO_R1_NO_R2 p99=461680 ns
[342/480] F9-R2 b=15 q=2 NO_R1_FACTOR p99=341718 ns
[343/480] F9-R2 b=15 q=2 NO_R2_CANON p99=352570 ns
[344/480] F9-R2 b=15 q=2 DEFAULT p99=320940 ns
[345/480] F9-R2 b=15 q=4 NO_R1_FACTOR p99=545716 ns
[346/480] F9-R2 b=15 q=4 DEFAULT p99=570401 ns
[347/480] F9-R2 b=15 q=4 NO_R1_NO_R2 p99=622085 ns
[348/480] F9-R2 b=15 q=4 NO_R2_CANON p99=614122 ns
[349/480] F9-R2 b=15 q=8 NO_R2_CANON p99=1043488 ns
[350/480] F9-R2 b=15 q=8 NO_R1_FACTOR p99=984285 ns
[351/480] F9-R2 b=15 q=8 NO_R1_NO_R2 p99=1059618 ns
[352/480] F9-R2 b=15 q=8 DEFAULT p99=969859 ns
[353/480] F9-R2 b=15 q=16 NO_R2_CANON p99=1863644 ns
[354/480] F9-R2 b=15 q=16 NO_R1_FACTOR p99=1819608 ns
[355/480] F9-R2 b=15 q=16 NO_R1_NO_R2 p99=1816812 ns
[356/480] F9-R2 b=15 q=16 DEFAULT p99=1762479 ns
[357/480] F9-R2 b=15 q=32 NO_R1_NO_R2 p99=3524198 ns
[358/480] F9-R2 b=15 q=32 NO_R2_CANON p99=3577642 ns
[359/480] F9-R2 b=15 q=32 NO_R1_FACTOR p99=3434440 ns
[360/480] F9-R2 b=15 q=32 DEFAULT p99=3454958 ns
[361/480] F9-R2 b=16 q=1 NO_R2_CANON p99=185942 ns
[362/480] F9-R2 b=16 q=1 NO_R1_FACTOR p99=165886 ns
[363/480] F9-R2 b=16 q=1 DEFAULT p99=165757 ns
[364/480] F9-R2 b=16 q=1 NO_R1_NO_R2 p99=173387 ns
[365/480] F9-R2 b=16 q=2 NO_R2_CANON p99=343829 ns
[366/480] F9-R2 b=16 q=2 DEFAULT p99=332181 ns
[367/480] F9-R2 b=16 q=2 NO_R1_NO_R2 p99=344181 ns
[368/480] F9-R2 b=16 q=2 NO_R1_FACTOR p99=339014 ns
[369/480] F9-R2 b=16 q=4 NO_R1_NO_R2 p99=640436 ns
[370/480] F9-R2 b=16 q=4 DEFAULT p99=565659 ns
[371/480] F9-R2 b=16 q=4 NO_R1_FACTOR p99=557437 ns
[372/480] F9-R2 b=16 q=4 NO_R2_CANON p99=621103 ns
[373/480] F9-R2 b=16 q=8 NO_R2_CANON p99=1042209 ns
[374/480] F9-R2 b=16 q=8 NO_R1_NO_R2 p99=1031709 ns
[375/480] F9-R2 b=16 q=8 DEFAULT p99=991580 ns
[376/480] F9-R2 b=16 q=8 NO_R1_FACTOR p99=957655 ns
[377/480] F9-R2 b=16 q=16 NO_R1_FACTOR p99=1772404 ns
[378/480] F9-R2 b=16 q=16 DEFAULT p99=1730589 ns
[379/480] F9-R2 b=16 q=16 NO_R1_NO_R2 p99=1866888 ns
[380/480] F9-R2 b=16 q=16 NO_R2_CANON p99=1891090 ns
[381/480] F9-R2 b=16 q=32 NO_R2_CANON p99=3495701 ns
[382/480] F9-R2 b=16 q=32 NO_R1_NO_R2 p99=3519442 ns
[383/480] F9-R2 b=16 q=32 DEFAULT p99=3858270 ns
[384/480] F9-R2 b=16 q=32 NO_R1_FACTOR p99=3373776 ns
[385/480] F9-R2 b=17 q=1 NO_R1_NO_R2 p99=149517 ns
[386/480] F9-R2 b=17 q=1 NO_R1_FACTOR p99=175276 ns
[387/480] F9-R2 b=17 q=1 NO_R2_CANON p99=168313 ns
[388/480] F9-R2 b=17 q=1 DEFAULT p99=172146 ns
[389/480] F9-R2 b=17 q=2 DEFAULT p99=330792 ns
[390/480] F9-R2 b=17 q=2 NO_R1_FACTOR p99=342292 ns
[391/480] F9-R2 b=17 q=2 NO_R1_NO_R2 p99=382569 ns
[392/480] F9-R2 b=17 q=2 NO_R2_CANON p99=352347 ns
[393/480] F9-R2 b=17 q=4 NO_R2_CANON p99=639048 ns
[394/480] F9-R2 b=17 q=4 DEFAULT p99=569049 ns
[395/480] F9-R2 b=17 q=4 NO_R1_NO_R2 p99=652307 ns
[396/480] F9-R2 b=17 q=4 NO_R1_FACTOR p99=571196 ns
[397/480] F9-R2 b=17 q=8 NO_R1_NO_R2 p99=1043598 ns
[398/480] F9-R2 b=17 q=8 NO_R2_CANON p99=1057876 ns
[399/480] F9-R2 b=17 q=8 DEFAULT p99=953637 ns
[400/480] F9-R2 b=17 q=8 NO_R1_FACTOR p99=981025 ns
[401/480] F9-R2 b=17 q=16 DEFAULT p99=1829626 ns
[402/480] F9-R2 b=17 q=16 NO_R1_NO_R2 p99=1810274 ns
[403/480] F9-R2 b=17 q=16 NO_R2_CANON p99=1850589 ns
[404/480] F9-R2 b=17 q=16 NO_R1_FACTOR p99=1744923 ns
[405/480] F9-R2 b=17 q=32 NO_R2_CANON p99=3631437 ns
[406/480] F9-R2 b=17 q=32 DEFAULT p99=3421106 ns
[407/480] F9-R2 b=17 q=32 NO_R1_NO_R2 p99=3480494 ns
[408/480] F9-R2 b=17 q=32 NO_R1_FACTOR p99=3478327 ns
[409/480] F9-R2 b=18 q=1 DEFAULT p99=182294 ns
[410/480] F9-R2 b=18 q=1 NO_R2_CANON p99=178998 ns
[411/480] F9-R2 b=18 q=1 NO_R1_FACTOR p99=168387 ns
[412/480] F9-R2 b=18 q=1 NO_R1_NO_R2 p99=169424 ns
[413/480] F9-R2 b=18 q=2 NO_R1_FACTOR p99=340977 ns
[414/480] F9-R2 b=18 q=2 DEFAULT p99=333163 ns
[415/480] F9-R2 b=18 q=2 NO_R1_NO_R2 p99=348162 ns
[416/480] F9-R2 b=18 q=2 NO_R2_CANON p99=352588 ns
[417/480] F9-R2 b=18 q=4 DEFAULT p99=534049 ns
[418/480] F9-R2 b=18 q=4 NO_R2_CANON p99=615510 ns
[419/480] F9-R2 b=18 q=4 NO_R1_FACTOR p99=600788 ns
[420/480] F9-R2 b=18 q=4 NO_R1_NO_R2 p99=622344 ns
[421/480] F9-R2 b=18 q=8 DEFAULT p99=1389761 ns
[422/480] F9-R2 b=18 q=8 NO_R1_FACTOR p99=967803 ns
[423/480] F9-R2 b=18 q=8 NO_R2_CANON p99=1050154 ns
[424/480] F9-R2 b=18 q=8 NO_R1_NO_R2 p99=1035469 ns
[425/480] F9-R2 b=18 q=16 NO_R1_NO_R2 p99=1889180 ns
[426/480] F9-R2 b=18 q=16 DEFAULT p99=1798144 ns
[427/480] F9-R2 b=18 q=16 NO_R2_CANON p99=1886329 ns
[428/480] F9-R2 b=18 q=16 NO_R1_FACTOR p99=1804348 ns
[429/480] F9-R2 b=18 q=32 DEFAULT p99=3459068 ns
[430/480] F9-R2 b=18 q=32 NO_R2_CANON p99=3516976 ns
[431/480] F9-R2 b=18 q=32 NO_R1_NO_R2 p99=3483310 ns
[432/480] F9-R2 b=18 q=32 NO_R1_FACTOR p99=3446420 ns
[433/480] F9-R2 b=19 q=1 DEFAULT p99=176554 ns
[434/480] F9-R2 b=19 q=1 NO_R2_CANON p99=175294 ns
[435/480] F9-R2 b=19 q=1 NO_R1_NO_R2 p99=173850 ns
[436/480] F9-R2 b=19 q=1 NO_R1_FACTOR p99=174683 ns
[437/480] F9-R2 b=19 q=2 NO_R2_CANON p99=343996 ns
[438/480] F9-R2 b=19 q=2 NO_R1_FACTOR p99=343644 ns
[439/480] F9-R2 b=19 q=2 NO_R1_NO_R2 p99=329421 ns
[440/480] F9-R2 b=19 q=2 DEFAULT p99=374218 ns
[441/480] F9-R2 b=19 q=4 DEFAULT p99=562679 ns
[442/480] F9-R2 b=19 q=4 NO_R1_FACTOR p99=592918 ns
[443/480] F9-R2 b=19 q=4 NO_R1_NO_R2 p99=638825 ns
[444/480] F9-R2 b=19 q=4 NO_R2_CANON p99=630770 ns
[445/480] F9-R2 b=19 q=8 NO_R2_CANON p99=1047654 ns
[446/480] F9-R2 b=19 q=8 DEFAULT p99=978136 ns
[447/480] F9-R2 b=19 q=8 NO_R1_NO_R2 p99=1035857 ns
[448/480] F9-R2 b=19 q=8 NO_R1_FACTOR p99=975229 ns
[449/480] F9-R2 b=19 q=16 NO_R1_FACTOR p99=1783570 ns
[450/480] F9-R2 b=19 q=16 NO_R2_CANON p99=1848977 ns
[451/480] F9-R2 b=19 q=16 NO_R1_NO_R2 p99=1834791 ns
[452/480] F9-R2 b=19 q=16 DEFAULT p99=1828533 ns
[453/480] F9-R2 b=19 q=32 DEFAULT p99=3496641 ns
[454/480] F9-R2 b=19 q=32 NO_R1_FACTOR p99=3450383 ns
[455/480] F9-R2 b=19 q=32 NO_R2_CANON p99=3502289 ns
[456/480] F9-R2 b=19 q=32 NO_R1_NO_R2 p99=3516993 ns
[457/480] F9-R2 b=20 q=1 DEFAULT p99=174887 ns
[458/480] F9-R2 b=20 q=1 NO_R1_FACTOR p99=173368 ns
[459/480] F9-R2 b=20 q=1 NO_R1_NO_R2 p99=185331 ns
[460/480] F9-R2 b=20 q=1 NO_R2_CANON p99=174535 ns
[461/480] F9-R2 b=20 q=2 NO_R2_CANON p99=348477 ns
[462/480] F9-R2 b=20 q=2 NO_R1_FACTOR p99=352607 ns
[463/480] F9-R2 b=20 q=2 DEFAULT p99=351144 ns
[464/480] F9-R2 b=20 q=2 NO_R1_NO_R2 p99=353754 ns
[465/480] F9-R2 b=20 q=4 NO_R2_CANON p99=640825 ns
[466/480] F9-R2 b=20 q=4 NO_R1_FACTOR p99=560123 ns
[467/480] F9-R2 b=20 q=4 DEFAULT p99=547938 ns
[468/480] F9-R2 b=20 q=4 NO_R1_NO_R2 p99=638955 ns
[469/480] F9-R2 b=20 q=8 NO_R1_FACTOR p99=987229 ns
[470/480] F9-R2 b=20 q=8 NO_R2_CANON p99=1047191 ns
[471/480] F9-R2 b=20 q=8 NO_R1_NO_R2 p99=1065617 ns
[472/480] F9-R2 b=20 q=8 DEFAULT p99=962321 ns
[473/480] F9-R2 b=20 q=16 NO_R2_CANON p99=1886421 ns
[474/480] F9-R2 b=20 q=16 NO_R1_FACTOR p99=1741478 ns
[475/480] F9-R2 b=20 q=16 DEFAULT p99=1766497 ns
[476/480] F9-R2 b=20 q=16 NO_R1_NO_R2 p99=1898551 ns
[477/480] F9-R2 b=20 q=32 NO_R2_CANON p99=3474087 ns
[478/480] F9-R2 b=20 q=32 NO_R1_FACTOR p99=3447494 ns
[479/480] F9-R2 b=20 q=32 NO_R1_NO_R2 p99=3485679 ns
[480/480] F9-R2 b=20 q=32 DEFAULT p99=3454087 ns
OK: F9-R2 480/480; /home/michal/k26v3_archives/K26v3-P8-F9-R2.tar.gz sha256=62b065a89e82126c08f2a973195e10688bd1adfcbdb2840d5f57ea22248c0db7
