=== podejscie 1, 2026-08-16 01:52:58 CEST ===
[001/480] F9-X b=1 q=1 NO_R2_CANON p99=432589 ns
[002/480] F9-X b=1 q=1 DEFAULT p99=413885 ns
[003/480] F9-X b=1 q=1 NO_R1_NO_R2 p99=532569 ns
[004/480] F9-X b=1 q=1 NO_R1_FACTOR p99=549106 ns
[005/480] F9-X b=1 q=2 NO_R1_FACTOR p99=691162 ns
[006/480] F9-X b=1 q=2 NO_R1_NO_R2 p99=685606 ns
[007/480] F9-X b=1 q=2 DEFAULT p99=603495 ns
[008/480] F9-X b=1 q=2 NO_R2_CANON p99=612587 ns
[009/480] F9-X b=1 q=4 NO_R2_CANON p99=844160 ns
[010/480] F9-X b=1 q=4 NO_R1_FACTOR p99=1242082 ns
[011/480] F9-X b=1 q=4 NO_R1_NO_R2 p99=1223268 ns
[012/480] F9-X b=1 q=4 DEFAULT p99=786493 ns
[013/480] F9-X b=1 q=8 NO_R1_FACTOR p99=1625209 ns
[014/480] F9-X b=1 q=8 DEFAULT p99=1127694 ns
[015/480] F9-X b=1 q=8 NO_R1_NO_R2 p99=1772948 ns
[016/480] F9-X b=1 q=8 NO_R2_CANON p99=1265378 ns
[017/480] F9-X b=1 q=16 NO_R1_FACTOR p99=2338943 ns
[018/480] F9-X b=1 q=16 NO_R1_NO_R2 p99=2581274 ns
[019/480] F9-X b=1 q=16 NO_R2_CANON p99=2060705 ns
[020/480] F9-X b=1 q=16 DEFAULT p99=2010020 ns
[021/480] F9-X b=1 q=32 NO_R1_FACTOR p99=4022800 ns
[022/480] F9-X b=1 q=32 NO_R2_CANON p99=3781116 ns
[023/480] F9-X b=1 q=32 NO_R1_NO_R2 p99=4215723 ns
[024/480] F9-X b=1 q=32 DEFAULT p99=3541822 ns
[025/480] F9-X b=2 q=1 NO_R1_NO_R2 p99=530866 ns
[026/480] F9-X b=2 q=1 NO_R1_FACTOR p99=531439 ns
[027/480] F9-X b=2 q=1 DEFAULT p99=414386 ns
[028/480] F9-X b=2 q=1 NO_R2_CANON p99=424274 ns
[029/480] F9-X b=2 q=2 NO_R1_NO_R2 p99=692494 ns
[030/480] F9-X b=2 q=2 NO_R2_CANON p99=601236 ns
[031/480] F9-X b=2 q=2 DEFAULT p99=599347 ns
[032/480] F9-X b=2 q=2 NO_R1_FACTOR p99=690994 ns
[033/480] F9-X b=2 q=4 NO_R1_NO_R2 p99=1235915 ns
[034/480] F9-X b=2 q=4 NO_R1_FACTOR p99=1236619 ns
[035/480] F9-X b=2 q=4 DEFAULT p99=767327 ns
[036/480] F9-X b=2 q=4 NO_R2_CANON p99=847327 ns
[037/480] F9-X b=2 q=8 NO_R1_FACTOR p99=1631209 ns
[038/480] F9-X b=2 q=8 NO_R2_CANON p99=1226360 ns
[039/480] F9-X b=2 q=8 NO_R1_NO_R2 p99=1745874 ns
[040/480] F9-X b=2 q=8 DEFAULT p99=1145453 ns
[041/480] F9-X b=2 q=16 NO_R2_CANON p99=1964928 ns
[042/480] F9-X b=2 q=16 DEFAULT p99=1915077 ns
[043/480] F9-X b=2 q=16 NO_R1_NO_R2 p99=2584756 ns
[044/480] F9-X b=2 q=16 NO_R1_FACTOR p99=2352109 ns
[045/480] F9-X b=2 q=32 DEFAULT p99=3471933 ns
[046/480] F9-X b=2 q=32 NO_R2_CANON p99=3520100 ns
[047/480] F9-X b=2 q=32 NO_R1_FACTOR p99=3995256 ns
[048/480] F9-X b=2 q=32 NO_R1_NO_R2 p99=4202703 ns
[049/480] F9-X b=3 q=1 NO_R1_NO_R2 p99=529644 ns
[050/480] F9-X b=3 q=1 NO_R1_FACTOR p99=546980 ns
[051/480] F9-X b=3 q=1 DEFAULT p99=526316 ns
[052/480] F9-X b=3 q=1 NO_R2_CANON p99=434043 ns
[053/480] F9-X b=3 q=2 NO_R2_CANON p99=613911 ns
[054/480] F9-X b=3 q=2 DEFAULT p99=599468 ns
[055/480] F9-X b=3 q=2 NO_R1_FACTOR p99=699467 ns
[056/480] F9-X b=3 q=2 NO_R1_NO_R2 p99=698708 ns
[057/480] F9-X b=3 q=4 NO_R1_NO_R2 p99=1233569 ns
[058/480] F9-X b=3 q=4 NO_R1_FACTOR p99=1239533 ns
[059/480] F9-X b=3 q=4 NO_R2_CANON p99=868541 ns
[060/480] F9-X b=3 q=4 DEFAULT p99=819042 ns
[061/480] F9-X b=3 q=8 NO_R2_CANON p99=1230166 ns
[062/480] F9-X b=3 q=8 DEFAULT p99=1226851 ns
[063/480] F9-X b=3 q=8 NO_R1_FACTOR p99=1624307 ns
[064/480] F9-X b=3 q=8 NO_R1_NO_R2 p99=1756579 ns
[065/480] F9-X b=3 q=16 NO_R1_NO_R2 p99=2612847 ns
[066/480] F9-X b=3 q=16 NO_R1_FACTOR p99=2426568 ns
[067/480] F9-X b=3 q=16 NO_R2_CANON p99=2079107 ns
[068/480] F9-X b=3 q=16 DEFAULT p99=1952310 ns
[069/480] F9-X b=3 q=32 NO_R1_FACTOR p99=4040748 ns
[070/480] F9-X b=3 q=32 NO_R1_NO_R2 p99=4199281 ns
[071/480] F9-X b=3 q=32 NO_R2_CANON p99=3687527 ns
[072/480] F9-X b=3 q=32 DEFAULT p99=3614563 ns
[073/480] F9-X b=4 q=1 NO_R1_NO_R2 p99=533733 ns
[074/480] F9-X b=4 q=1 DEFAULT p99=438623 ns
[075/480] F9-X b=4 q=1 NO_R1_FACTOR p99=530567 ns
[076/480] F9-X b=4 q=1 NO_R2_CANON p99=407865 ns
[077/480] F9-X b=4 q=2 NO_R1_FACTOR p99=695009 ns
[078/480] F9-X b=4 q=2 NO_R2_CANON p99=592862 ns
[079/480] F9-X b=4 q=2 NO_R1_NO_R2 p99=693546 ns
[080/480] F9-X b=4 q=2 DEFAULT p99=572362 ns
[081/480] F9-X b=4 q=4 NO_R2_CANON p99=834624 ns
[082/480] F9-X b=4 q=4 NO_R1_NO_R2 p99=1244694 ns
[083/480] F9-X b=4 q=4 NO_R1_FACTOR p99=1237175 ns
[084/480] F9-X b=4 q=4 DEFAULT p99=739196 ns
[085/480] F9-X b=4 q=8 DEFAULT p99=1153303 ns
[086/480] F9-X b=4 q=8 NO_R1_NO_R2 p99=1777017 ns
[087/480] F9-X b=4 q=8 NO_R1_FACTOR p99=1622944 ns
[088/480] F9-X b=4 q=8 NO_R2_CANON p99=1223689 ns
[089/480] F9-X b=4 q=16 NO_R2_CANON p99=1975495 ns
[090/480] F9-X b=4 q=16 NO_R1_NO_R2 p99=2538802 ns
[091/480] F9-X b=4 q=16 DEFAULT p99=1940587 ns
[092/480] F9-X b=4 q=16 NO_R1_FACTOR p99=2393100 ns
[093/480] F9-X b=4 q=32 NO_R1_NO_R2 p99=4198539 ns
[094/480] F9-X b=4 q=32 DEFAULT p99=3557565 ns
[095/480] F9-X b=4 q=32 NO_R2_CANON p99=3572954 ns
[096/480] F9-X b=4 q=32 NO_R1_FACTOR p99=3948893 ns
[097/480] F9-X b=5 q=1 NO_R2_CANON p99=415143 ns
[098/480] F9-X b=5 q=1 NO_R1_FACTOR p99=539068 ns
[099/480] F9-X b=5 q=1 DEFAULT p99=432144 ns
[100/480] F9-X b=5 q=1 NO_R1_NO_R2 p99=540180 ns
[101/480] F9-X b=5 q=2 NO_R2_CANON p99=604697 ns
[102/480] F9-X b=5 q=2 NO_R1_FACTOR p99=695567 ns
[103/480] F9-X b=5 q=2 DEFAULT p99=610437 ns
[104/480] F9-X b=5 q=2 NO_R1_NO_R2 p99=692640 ns
[105/480] F9-X b=5 q=4 NO_R1_FACTOR p99=1238244 ns
[106/480] F9-X b=5 q=4 NO_R1_NO_R2 p99=1241226 ns
[107/480] F9-X b=5 q=4 DEFAULT p99=810527 ns
[108/480] F9-X b=5 q=4 NO_R2_CANON p99=893174 ns
[109/480] F9-X b=5 q=8 NO_R1_FACTOR p99=1579555 ns
[110/480] F9-X b=5 q=8 DEFAULT p99=1145670 ns
[111/480] F9-X b=5 q=8 NO_R2_CANON p99=1261855 ns
[112/480] F9-X b=5 q=8 NO_R1_NO_R2 p99=1781052 ns
[113/480] F9-X b=5 q=16 DEFAULT p99=1890143 ns
[114/480] F9-X b=5 q=16 NO_R2_CANON p99=1960568 ns
[115/480] F9-X b=5 q=16 NO_R1_NO_R2 p99=2531468 ns
[116/480] F9-X b=5 q=16 NO_R1_FACTOR p99=2411732 ns
[117/480] F9-X b=5 q=32 NO_R1_FACTOR p99=4051508 ns
[118/480] F9-X b=5 q=32 NO_R1_NO_R2 p99=4242894 ns
[119/480] F9-X b=5 q=32 DEFAULT p99=3478792 ns
[120/480] F9-X b=5 q=32 NO_R2_CANON p99=3574643 ns
[121/480] F9-X b=6 q=1 NO_R1_NO_R2 p99=535883 ns
[122/480] F9-X b=6 q=1 NO_R2_CANON p99=417328 ns
[123/480] F9-X b=6 q=1 NO_R1_FACTOR p99=537901 ns
[124/480] F9-X b=6 q=1 DEFAULT p99=427588 ns
[125/480] F9-X b=6 q=2 NO_R1_NO_R2 p99=688677 ns
[126/480] F9-X b=6 q=2 NO_R1_FACTOR p99=703510 ns
[127/480] F9-X b=6 q=2 DEFAULT p99=608733 ns
[128/480] F9-X b=6 q=2 NO_R2_CANON p99=583196 ns
[129/480] F9-X b=6 q=4 DEFAULT p99=755861 ns
[130/480] F9-X b=6 q=4 NO_R2_CANON p99=875211 ns
[131/480] F9-X b=6 q=4 NO_R1_FACTOR p99=1249354 ns
[132/480] F9-X b=6 q=4 NO_R1_NO_R2 p99=1241558 ns
[133/480] F9-X b=6 q=8 NO_R1_FACTOR p99=1618411 ns
[134/480] F9-X b=6 q=8 DEFAULT p99=1128656 ns
[135/480] F9-X b=6 q=8 NO_R1_NO_R2 p99=1785834 ns
[136/480] F9-X b=6 q=8 NO_R2_CANON p99=1228525 ns
[137/480] F9-X b=6 q=16 NO_R1_NO_R2 p99=2585898 ns
[138/480] F9-X b=6 q=16 NO_R2_CANON p99=2335715 ns
[139/480] F9-X b=6 q=16 DEFAULT p99=1978403 ns
[140/480] F9-X b=6 q=16 NO_R1_FACTOR p99=2364102 ns
[141/480] F9-X b=6 q=32 DEFAULT p99=3510978 ns
[142/480] F9-X b=6 q=32 NO_R1_NO_R2 p99=4184821 ns
[143/480] F9-X b=6 q=32 NO_R1_FACTOR p99=4042767 ns
[144/480] F9-X b=6 q=32 NO_R2_CANON p99=3604365 ns
[145/480] F9-X b=7 q=1 NO_R2_CANON p99=428569 ns
[146/480] F9-X b=7 q=1 DEFAULT p99=437402 ns
[147/480] F9-X b=7 q=1 NO_R1_FACTOR p99=530864 ns
[148/480] F9-X b=7 q=1 NO_R1_NO_R2 p99=530271 ns
[149/480] F9-X b=7 q=2 DEFAULT p99=569956 ns
[150/480] F9-X b=7 q=2 NO_R2_CANON p99=617102 ns
[151/480] F9-X b=7 q=2 NO_R1_FACTOR p99=688120 ns
[152/480] F9-X b=7 q=2 NO_R1_NO_R2 p99=686250 ns
[153/480] F9-X b=7 q=4 NO_R2_CANON p99=858470 ns
[154/480] F9-X b=7 q=4 NO_R1_NO_R2 p99=1242650 ns
[155/480] F9-X b=7 q=4 DEFAULT p99=762953 ns
[156/480] F9-X b=7 q=4 NO_R1_FACTOR p99=1242020 ns
[157/480] F9-X b=7 q=8 NO_R1_NO_R2 p99=1790217 ns
[158/480] F9-X b=7 q=8 NO_R1_FACTOR p99=1579369 ns
[159/480] F9-X b=7 q=8 NO_R2_CANON p99=1216947 ns
[160/480] F9-X b=7 q=8 DEFAULT p99=1155115 ns
[161/480] F9-X b=7 q=16 NO_R1_FACTOR p99=2423895 ns
[162/480] F9-X b=7 q=16 DEFAULT p99=1914254 ns
[163/480] F9-X b=7 q=16 NO_R2_CANON p99=2031456 ns
[164/480] F9-X b=7 q=16 NO_R1_NO_R2 p99=2513191 ns
[165/480] F9-X b=7 q=32 NO_R1_FACTOR p99=4030709 ns
[166/480] F9-X b=7 q=32 NO_R2_CANON p99=3669251 ns
[167/480] F9-X b=7 q=32 NO_R1_NO_R2 p99=4198183 ns
[168/480] F9-X b=7 q=32 DEFAULT p99=3555452 ns
[169/480] F9-X b=8 q=1 NO_R1_FACTOR p99=534308 ns
[170/480] F9-X b=8 q=1 DEFAULT p99=427384 ns
[171/480] F9-X b=8 q=1 NO_R1_NO_R2 p99=543160 ns
[172/480] F9-X b=8 q=1 NO_R2_CANON p99=429772 ns
[173/480] F9-X b=8 q=2 NO_R2_CANON p99=575752 ns
[174/480] F9-X b=8 q=2 NO_R1_FACTOR p99=688083 ns
[175/480] F9-X b=8 q=2 DEFAULT p99=570160 ns
[176/480] F9-X b=8 q=2 NO_R1_NO_R2 p99=690769 ns
[177/480] F9-X b=8 q=4 NO_R2_CANON p99=877767 ns
[178/480] F9-X b=8 q=4 NO_R1_FACTOR p99=1236744 ns
[179/480] F9-X b=8 q=4 NO_R1_NO_R2 p99=1230651 ns
[180/480] F9-X b=8 q=4 DEFAULT p99=753491 ns
[181/480] F9-X b=8 q=8 NO_R1_NO_R2 p99=1748089 ns
[182/480] F9-X b=8 q=8 NO_R2_CANON p99=1267966 ns
[183/480] F9-X b=8 q=8 DEFAULT p99=1424912 ns
[184/480] F9-X b=8 q=8 NO_R1_FACTOR p99=1583261 ns
[185/480] F9-X b=8 q=16 DEFAULT p99=2014553 ns
[186/480] F9-X b=8 q=16 NO_R2_CANON p99=2051181 ns
[187/480] F9-X b=8 q=16 NO_R1_NO_R2 p99=2590749 ns
[188/480] F9-X b=8 q=16 NO_R1_FACTOR p99=2419157 ns
[189/480] F9-X b=8 q=32 DEFAULT p99=3640680 ns
[190/480] F9-X b=8 q=32 NO_R2_CANON p99=3675846 ns
[191/480] F9-X b=8 q=32 NO_R1_NO_R2 p99=4169673 ns
[192/480] F9-X b=8 q=32 NO_R1_FACTOR p99=4048915 ns
[193/480] F9-X b=9 q=1 NO_R1_NO_R2 p99=545994 ns
[194/480] F9-X b=9 q=1 DEFAULT p99=442088 ns
[195/480] F9-X b=9 q=1 NO_R2_CANON p99=442976 ns
[196/480] F9-X b=9 q=1 NO_R1_FACTOR p99=543809 ns
[197/480] F9-X b=9 q=2 NO_R1_FACTOR p99=691695 ns
[198/480] F9-X b=9 q=2 DEFAULT p99=743620 ns
[199/480] F9-X b=9 q=2 NO_R1_NO_R2 p99=692825 ns
[200/480] F9-X b=9 q=2 NO_R2_CANON p99=617900 ns
[201/480] F9-X b=9 q=4 NO_R1_NO_R2 p99=1238540 ns
[202/480] F9-X b=9 q=4 NO_R2_CANON p99=876026 ns
[203/480] F9-X b=9 q=4 DEFAULT p99=794694 ns
[204/480] F9-X b=9 q=4 NO_R1_FACTOR p99=1239725 ns
[205/480] F9-X b=9 q=8 NO_R1_FACTOR p99=1634868 ns
[206/480] F9-X b=9 q=8 NO_R1_NO_R2 p99=1811885 ns
[207/480] F9-X b=9 q=8 NO_R2_CANON p99=1293503 ns
[208/480] F9-X b=9 q=8 DEFAULT p99=1116153 ns
[209/480] F9-X b=9 q=16 NO_R2_CANON p99=1991123 ns
[210/480] F9-X b=9 q=16 DEFAULT p99=1959235 ns
[211/480] F9-X b=9 q=16 NO_R1_FACTOR p99=2415767 ns
[212/480] F9-X b=9 q=16 NO_R1_NO_R2 p99=2580598 ns
[213/480] F9-X b=9 q=32 NO_R1_FACTOR p99=4028672 ns
[214/480] F9-X b=9 q=32 DEFAULT p99=3533660 ns
[215/480] F9-X b=9 q=32 NO_R2_CANON p99=3647419 ns
[216/480] F9-X b=9 q=32 NO_R1_NO_R2 p99=4105153 ns
[217/480] F9-X b=10 q=1 DEFAULT p99=438995 ns
[218/480] F9-X b=10 q=1 NO_R1_NO_R2 p99=540623 ns
[219/480] F9-X b=10 q=1 NO_R2_CANON p99=396569 ns
[220/480] F9-X b=10 q=1 NO_R1_FACTOR p99=533827 ns
[221/480] F9-X b=10 q=2 NO_R1_NO_R2 p99=688751 ns
[222/480] F9-X b=10 q=2 NO_R1_FACTOR p99=688047 ns
[223/480] F9-X b=10 q=2 NO_R2_CANON p99=572363 ns
[224/480] F9-X b=10 q=2 DEFAULT p99=560216 ns
[225/480] F9-X b=10 q=4 NO_R1_NO_R2 p99=1219800 ns
[226/480] F9-X b=10 q=4 DEFAULT p99=737343 ns
[227/480] F9-X b=10 q=4 NO_R2_CANON p99=863934 ns
[228/480] F9-X b=10 q=4 NO_R1_FACTOR p99=1237281 ns
[229/480] F9-X b=10 q=8 NO_R1_FACTOR p99=1594795 ns
[230/480] F9-X b=10 q=8 DEFAULT p99=1129708 ns
[231/480] F9-X b=10 q=8 NO_R1_NO_R2 p99=1793238 ns
[232/480] F9-X b=10 q=8 NO_R2_CANON p99=1225337 ns
[233/480] F9-X b=10 q=16 NO_R1_NO_R2 p99=2510062 ns
[234/480] F9-X b=10 q=16 DEFAULT p99=1914310 ns
[235/480] F9-X b=10 q=16 NO_R2_CANON p99=2022217 ns
[236/480] F9-X b=10 q=16 NO_R1_FACTOR p99=2425119 ns
[237/480] F9-X b=10 q=32 NO_R2_CANON p99=3638790 ns
[238/480] F9-X b=10 q=32 NO_R1_FACTOR p99=3957841 ns
[239/480] F9-X b=10 q=32 DEFAULT p99=3493865 ns
[240/480] F9-X b=10 q=32 NO_R1_NO_R2 p99=4199930 ns
[241/480] F9-X b=11 q=1 NO_R1_FACTOR p99=541660 ns
[242/480] F9-X b=11 q=1 NO_R1_NO_R2 p99=537067 ns
[243/480] F9-X b=11 q=1 NO_R2_CANON p99=437124 ns
[244/480] F9-X b=11 q=1 DEFAULT p99=421884 ns
[245/480] F9-X b=11 q=2 NO_R2_CANON p99=617714 ns
[246/480] F9-X b=11 q=2 DEFAULT p99=599103 ns
[247/480] F9-X b=11 q=2 NO_R1_FACTOR p99=696973 ns
[248/480] F9-X b=11 q=2 NO_R1_NO_R2 p99=698084 ns
[249/480] F9-X b=11 q=4 NO_R2_CANON p99=874768 ns
[250/480] F9-X b=11 q=4 DEFAULT p99=807119 ns
[251/480] F9-X b=11 q=4 NO_R1_NO_R2 p99=1243836 ns
[252/480] F9-X b=11 q=4 NO_R1_FACTOR p99=1242726 ns
[253/480] F9-X b=11 q=8 NO_R2_CANON p99=1314021 ns
[254/480] F9-X b=11 q=8 NO_R1_NO_R2 p99=1786701 ns
[255/480] F9-X b=11 q=8 NO_R1_FACTOR p99=1615091 ns
[256/480] F9-X b=11 q=8 DEFAULT p99=1143838 ns
[257/480] F9-X b=11 q=16 NO_R1_NO_R2 p99=2611765 ns
[258/480] F9-X b=11 q=16 NO_R2_CANON p99=2030383 ns
[259/480] F9-X b=11 q=16 NO_R1_FACTOR p99=2351379 ns
[260/480] F9-X b=11 q=16 DEFAULT p99=1901810 ns
[261/480] F9-X b=11 q=32 NO_R1_FACTOR p99=4037599 ns
[262/480] F9-X b=11 q=32 DEFAULT p99=3984174 ns
[263/480] F9-X b=11 q=32 NO_R1_NO_R2 p99=4151783 ns
[264/480] F9-X b=11 q=32 NO_R2_CANON p99=3675548 ns
[265/480] F9-X b=12 q=1 DEFAULT p99=438310 ns
[266/480] F9-X b=12 q=1 NO_R2_CANON p99=441272 ns
[267/480] F9-X b=12 q=1 NO_R1_FACTOR p99=548253 ns
[268/480] F9-X b=12 q=1 NO_R1_NO_R2 p99=533160 ns
[269/480] F9-X b=12 q=2 NO_R1_NO_R2 p99=686641 ns
[270/480] F9-X b=12 q=2 NO_R1_FACTOR p99=688122 ns
[271/480] F9-X b=12 q=2 DEFAULT p99=582734 ns
[272/480] F9-X b=12 q=2 NO_R2_CANON p99=565308 ns
[273/480] F9-X b=12 q=4 NO_R1_NO_R2 p99=1236153 ns
[274/480] F9-X b=12 q=4 NO_R1_FACTOR p99=1218523 ns
[275/480] F9-X b=12 q=4 NO_R2_CANON p99=830879 ns
[276/480] F9-X b=12 q=4 DEFAULT p99=743232 ns
[277/480] F9-X b=12 q=8 NO_R1_NO_R2 p99=1779035 ns
[278/480] F9-X b=12 q=8 NO_R1_FACTOR p99=1588704 ns
[279/480] F9-X b=12 q=8 DEFAULT p99=1169208 ns
[280/480] F9-X b=12 q=8 NO_R2_CANON p99=1268763 ns
[281/480] F9-X b=12 q=16 NO_R2_CANON p99=2282991 ns
[282/480] F9-X b=12 q=16 NO_R1_FACTOR p99=2413416 ns
[283/480] F9-X b=12 q=16 NO_R1_NO_R2 p99=2584340 ns
[284/480] F9-X b=12 q=16 DEFAULT p99=1931217 ns
[285/480] F9-X b=12 q=32 DEFAULT p99=3589105 ns
[286/480] F9-X b=12 q=32 NO_R1_FACTOR p99=4053554 ns
[287/480] F9-X b=12 q=32 NO_R2_CANON p99=3679857 ns
[288/480] F9-X b=12 q=32 NO_R1_NO_R2 p99=4198758 ns
[289/480] F9-X b=13 q=1 NO_R2_CANON p99=408106 ns
[290/480] F9-X b=13 q=1 NO_R1_FACTOR p99=539270 ns
[291/480] F9-X b=13 q=1 NO_R1_NO_R2 p99=536382 ns
[292/480] F9-X b=13 q=1 DEFAULT p99=451458 ns
[293/480] F9-X b=13 q=2 NO_R1_NO_R2 p99=688121 ns
[294/480] F9-X b=13 q=2 NO_R2_CANON p99=594937 ns
[295/480] F9-X b=13 q=2 DEFAULT p99=624047 ns
[296/480] F9-X b=13 q=2 NO_R1_FACTOR p99=696565 ns
[297/480] F9-X b=13 q=4 NO_R1_NO_R2 p99=1222930 ns
[298/480] F9-X b=13 q=4 NO_R2_CANON p99=873804 ns
[299/480] F9-X b=13 q=4 DEFAULT p99=804954 ns
[300/480] F9-X b=13 q=4 NO_R1_FACTOR p99=1240503 ns
[301/480] F9-X b=13 q=8 DEFAULT p99=1213263 ns
[302/480] F9-X b=13 q=8 NO_R1_NO_R2 p99=1765016 ns
[303/480] F9-X b=13 q=8 NO_R1_FACTOR p99=1624279 ns
[304/480] F9-X b=13 q=8 NO_R2_CANON p99=1259524 ns
[305/480] F9-X b=13 q=16 NO_R1_FACTOR p99=2397270 ns
[306/480] F9-X b=13 q=16 NO_R2_CANON p99=2071088 ns
[307/480] F9-X b=13 q=16 NO_R1_NO_R2 p99=2523212 ns
[308/480] F9-X b=13 q=16 DEFAULT p99=1930052 ns
[309/480] F9-X b=13 q=32 DEFAULT p99=3552977 ns
[310/480] F9-X b=13 q=32 NO_R1_NO_R2 p99=4266932 ns
[311/480] F9-X b=13 q=32 NO_R2_CANON p99=3556495 ns
[312/480] F9-X b=13 q=32 NO_R1_FACTOR p99=3921991 ns
[313/480] F9-X b=14 q=1 NO_R1_FACTOR p99=537345 ns
[314/480] F9-X b=14 q=1 DEFAULT p99=424754 ns
[315/480] F9-X b=14 q=1 NO_R1_NO_R2 p99=549975 ns
[316/480] F9-X b=14 q=1 NO_R2_CANON p99=440217 ns
[317/480] F9-X b=14 q=2 NO_R1_FACTOR p99=700436 ns
[318/480] F9-X b=14 q=2 NO_R2_CANON p99=576715 ns
[319/480] F9-X b=14 q=2 NO_R1_NO_R2 p99=710158 ns
[320/480] F9-X b=14 q=2 DEFAULT p99=564978 ns
[321/480] F9-X b=14 q=4 NO_R2_CANON p99=835124 ns
[322/480] F9-X b=14 q=4 NO_R1_FACTOR p99=1248342 ns
[323/480] F9-X b=14 q=4 NO_R1_NO_R2 p99=1226934 ns
[324/480] F9-X b=14 q=4 DEFAULT p99=772159 ns
[325/480] F9-X b=14 q=8 DEFAULT p99=1214933 ns
[326/480] F9-X b=14 q=8 NO_R1_FACTOR p99=1619059 ns
[327/480] F9-X b=14 q=8 NO_R2_CANON p99=1269821 ns
[328/480] F9-X b=14 q=8 NO_R1_NO_R2 p99=1788797 ns
[329/480] F9-X b=14 q=16 DEFAULT p99=1998535 ns
[330/480] F9-X b=14 q=16 NO_R2_CANON p99=2077904 ns
[331/480] F9-X b=14 q=16 NO_R1_NO_R2 p99=2544325 ns
[332/480] F9-X b=14 q=16 NO_R1_FACTOR p99=2397105 ns
[333/480] F9-X b=14 q=32 NO_R1_NO_R2 p99=4231788 ns
[334/480] F9-X b=14 q=32 NO_R2_CANON p99=3677942 ns
[335/480] F9-X b=14 q=32 DEFAULT p99=3612146 ns
[336/480] F9-X b=14 q=32 NO_R1_FACTOR p99=4046585 ns
[337/480] F9-X b=15 q=1 NO_R1_NO_R2 p99=536605 ns
[338/480] F9-X b=15 q=1 NO_R2_CANON p99=444310 ns
[339/480] F9-X b=15 q=1 DEFAULT p99=442514 ns
[340/480] F9-X b=15 q=1 NO_R1_FACTOR p99=541161 ns
[341/480] F9-X b=15 q=2 NO_R2_CANON p99=635697 ns
[342/480] F9-X b=15 q=2 NO_R1_NO_R2 p99=691381 ns
[343/480] F9-X b=15 q=2 DEFAULT p99=607863 ns
[344/480] F9-X b=15 q=2 NO_R1_FACTOR p99=705455 ns
[345/480] F9-X b=15 q=4 NO_R1_FACTOR p99=1225079 ns
[346/480] F9-X b=15 q=4 NO_R2_CANON p99=845009 ns
[347/480] F9-X b=15 q=4 NO_R1_NO_R2 p99=1222412 ns
[348/480] F9-X b=15 q=4 DEFAULT p99=734844 ns
[349/480] F9-X b=15 q=8 NO_R2_CANON p99=1225320 ns
[350/480] F9-X b=15 q=8 DEFAULT p99=1132006 ns
[351/480] F9-X b=15 q=8 NO_R1_FACTOR p99=1620445 ns
[352/480] F9-X b=15 q=8 NO_R1_NO_R2 p99=1766499 ns
[353/480] F9-X b=15 q=16 DEFAULT p99=1911016 ns
[354/480] F9-X b=15 q=16 NO_R1_FACTOR p99=2382433 ns
[355/480] F9-X b=15 q=16 NO_R2_CANON p99=2070447 ns
[356/480] F9-X b=15 q=16 NO_R1_NO_R2 p99=2578425 ns
[357/480] F9-X b=15 q=32 NO_R2_CANON p99=3611278 ns
[358/480] F9-X b=15 q=32 NO_R1_NO_R2 p99=4188550 ns
[359/480] F9-X b=15 q=32 DEFAULT p99=3576605 ns
[360/480] F9-X b=15 q=32 NO_R1_FACTOR p99=4022988 ns
[361/480] F9-X b=16 q=1 NO_R1_NO_R2 p99=542825 ns
[362/480] F9-X b=16 q=1 DEFAULT p99=412142 ns
[363/480] F9-X b=16 q=1 NO_R2_CANON p99=414197 ns
[364/480] F9-X b=16 q=1 NO_R1_FACTOR p99=534807 ns
[365/480] F9-X b=16 q=2 NO_R2_CANON p99=577806 ns
[366/480] F9-X b=16 q=2 DEFAULT p99=585121 ns
[367/480] F9-X b=16 q=2 NO_R1_NO_R2 p99=693471 ns
[368/480] F9-X b=16 q=2 NO_R1_FACTOR p99=682675 ns
[369/480] F9-X b=16 q=4 NO_R1_FACTOR p99=1525812 ns
[370/480] F9-X b=16 q=4 NO_R1_NO_R2 p99=1238780 ns
[371/480] F9-X b=16 q=4 DEFAULT p99=746679 ns
[372/480] F9-X b=16 q=4 NO_R2_CANON p99=832511 ns
[373/480] F9-X b=16 q=8 NO_R1_NO_R2 p99=1747705 ns
[374/480] F9-X b=16 q=8 NO_R2_CANON p99=1214488 ns
[375/480] F9-X b=16 q=8 NO_R1_FACTOR p99=1608001 ns
[376/480] F9-X b=16 q=8 DEFAULT p99=1146339 ns
[377/480] F9-X b=16 q=16 NO_R1_NO_R2 p99=2571914 ns
[378/480] F9-X b=16 q=16 NO_R2_CANON p99=2031977 ns
[379/480] F9-X b=16 q=16 NO_R1_FACTOR p99=2409286 ns
[380/480] F9-X b=16 q=16 DEFAULT p99=1955403 ns
[381/480] F9-X b=16 q=32 NO_R1_NO_R2 p99=4224429 ns
[382/480] F9-X b=16 q=32 NO_R1_FACTOR p99=4040728 ns
[383/480] F9-X b=16 q=32 DEFAULT p99=3561308 ns
[384/480] F9-X b=16 q=32 NO_R2_CANON p99=3661732 ns
[385/480] F9-X b=17 q=1 DEFAULT p99=420162 ns
[386/480] F9-X b=17 q=1 NO_R2_CANON p99=434809 ns
[387/480] F9-X b=17 q=1 NO_R1_NO_R2 p99=538512 ns
[388/480] F9-X b=17 q=1 NO_R1_FACTOR p99=533419 ns
[389/480] F9-X b=17 q=2 NO_R1_FACTOR p99=694732 ns
[390/480] F9-X b=17 q=2 NO_R2_CANON p99=607695 ns
[391/480] F9-X b=17 q=2 NO_R1_NO_R2 p99=698343 ns
[392/480] F9-X b=17 q=2 DEFAULT p99=609400 ns
[393/480] F9-X b=17 q=4 DEFAULT p99=790564 ns
[394/480] F9-X b=17 q=4 NO_R1_FACTOR p99=1227188 ns
[395/480] F9-X b=17 q=4 NO_R2_CANON p99=884711 ns
[396/480] F9-X b=17 q=4 NO_R1_NO_R2 p99=1234706 ns
[397/480] F9-X b=17 q=8 NO_R1_FACTOR p99=1618664 ns
[398/480] F9-X b=17 q=8 NO_R2_CANON p99=1291151 ns
[399/480] F9-X b=17 q=8 NO_R1_NO_R2 p99=1771700 ns
[400/480] F9-X b=17 q=8 DEFAULT p99=1235892 ns
[401/480] F9-X b=17 q=16 DEFAULT p99=1963846 ns
[402/480] F9-X b=17 q=16 NO_R1_NO_R2 p99=2584430 ns
[403/480] F9-X b=17 q=16 NO_R2_CANON p99=2038362 ns
[404/480] F9-X b=17 q=16 NO_R1_FACTOR p99=2407266 ns
[405/480] F9-X b=17 q=32 NO_R1_FACTOR p99=3951506 ns
[406/480] F9-X b=17 q=32 NO_R2_CANON p99=3625131 ns
[407/480] F9-X b=17 q=32 DEFAULT p99=3588463 ns
[408/480] F9-X b=17 q=32 NO_R1_NO_R2 p99=4181715 ns
[409/480] F9-X b=18 q=1 DEFAULT p99=448217 ns
[410/480] F9-X b=18 q=1 NO_R1_NO_R2 p99=541697 ns
[411/480] F9-X b=18 q=1 NO_R2_CANON p99=421328 ns
[412/480] F9-X b=18 q=1 NO_R1_FACTOR p99=535993 ns
[413/480] F9-X b=18 q=2 NO_R1_FACTOR p99=705677 ns
[414/480] F9-X b=18 q=2 NO_R1_NO_R2 p99=694788 ns
[415/480] F9-X b=18 q=2 DEFAULT p99=617715 ns
[416/480] F9-X b=18 q=2 NO_R2_CANON p99=600770 ns
[417/480] F9-X b=18 q=4 DEFAULT p99=798657 ns
[418/480] F9-X b=18 q=4 NO_R1_NO_R2 p99=1244522 ns
[419/480] F9-X b=18 q=4 NO_R2_CANON p99=925748 ns
[420/480] F9-X b=18 q=4 NO_R1_FACTOR p99=1253744 ns
[421/480] F9-X b=18 q=8 NO_R1_FACTOR p99=1753534 ns
[422/480] F9-X b=18 q=8 NO_R1_NO_R2 p99=1773257 ns
[423/480] F9-X b=18 q=8 DEFAULT p99=1335003 ns
[424/480] F9-X b=18 q=8 NO_R2_CANON p99=1248633 ns
[425/480] F9-X b=18 q=16 DEFAULT p99=1938680 ns
[426/480] F9-X b=18 q=16 NO_R1_FACTOR p99=2370879 ns
[427/480] F9-X b=18 q=16 NO_R2_CANON p99=2015050 ns
[428/480] F9-X b=18 q=16 NO_R1_NO_R2 p99=2520155 ns
[429/480] F9-X b=18 q=32 NO_R2_CANON p99=3625011 ns
[430/480] F9-X b=18 q=32 DEFAULT p99=3571660 ns
[431/480] F9-X b=18 q=32 NO_R1_FACTOR p99=4014729 ns
[432/480] F9-X b=18 q=32 NO_R1_NO_R2 p99=4118820 ns
[433/480] F9-X b=19 q=1 NO_R1_NO_R2 p99=550252 ns
[434/480] F9-X b=19 q=1 DEFAULT p99=444680 ns
[435/480] F9-X b=19 q=1 NO_R2_CANON p99=443921 ns
[436/480] F9-X b=19 q=1 NO_R1_FACTOR p99=535234 ns
[437/480] F9-X b=19 q=2 NO_R2_CANON p99=616418 ns
[438/480] F9-X b=19 q=2 DEFAULT p99=607826 ns
[439/480] F9-X b=19 q=2 NO_R1_NO_R2 p99=700381 ns
[440/480] F9-X b=19 q=2 NO_R1_FACTOR p99=708232 ns
[441/480] F9-X b=19 q=4 NO_R1_NO_R2 p99=1250078 ns
[442/480] F9-X b=19 q=4 DEFAULT p99=806602 ns
[443/480] F9-X b=19 q=4 NO_R1_FACTOR p99=1237745 ns
[444/480] F9-X b=19 q=4 NO_R2_CANON p99=894378 ns
[445/480] F9-X b=19 q=8 NO_R1_FACTOR p99=1632962 ns
[446/480] F9-X b=19 q=8 DEFAULT p99=1342076 ns
[447/480] F9-X b=19 q=8 NO_R2_CANON p99=1288132 ns
[448/480] F9-X b=19 q=8 NO_R1_NO_R2 p99=1786219 ns
[449/480] F9-X b=19 q=16 NO_R1_FACTOR p99=2357490 ns
[450/480] F9-X b=19 q=16 NO_R2_CANON p99=2099808 ns
[451/480] F9-X b=19 q=16 DEFAULT p99=1946902 ns
[452/480] F9-X b=19 q=16 NO_R1_NO_R2 p99=2589617 ns
[453/480] F9-X b=19 q=32 NO_R1_FACTOR p99=4015025 ns
[454/480] F9-X b=19 q=32 NO_R2_CANON p99=3707659 ns
[455/480] F9-X b=19 q=32 NO_R1_NO_R2 p99=4212764 ns
[456/480] F9-X b=19 q=32 DEFAULT p99=3593623 ns
[457/480] F9-X b=20 q=1 NO_R1_FACTOR p99=574011 ns
[458/480] F9-X b=20 q=1 NO_R2_CANON p99=437513 ns
[459/480] F9-X b=20 q=1 DEFAULT p99=438087 ns
[460/480] F9-X b=20 q=1 NO_R1_NO_R2 p99=534808 ns
[461/480] F9-X b=20 q=2 NO_R1_NO_R2 p99=700880 ns
[462/480] F9-X b=20 q=2 NO_R2_CANON p99=634289 ns
[463/480] F9-X b=20 q=2 DEFAULT p99=577419 ns
[464/480] F9-X b=20 q=2 NO_R1_FACTOR p99=700177 ns
[465/480] F9-X b=20 q=4 NO_R1_NO_R2 p99=1226763 ns
[466/480] F9-X b=20 q=4 DEFAULT p99=799545 ns
[467/480] F9-X b=20 q=4 NO_R1_FACTOR p99=1222578 ns
[468/480] F9-X b=20 q=4 NO_R2_CANON p99=863915 ns
[469/480] F9-X b=20 q=8 NO_R1_FACTOR p99=1632314 ns
[470/480] F9-X b=20 q=8 NO_R2_CANON p99=1455242 ns
[471/480] F9-X b=20 q=8 NO_R1_NO_R2 p99=1772923 ns
[472/480] F9-X b=20 q=8 DEFAULT p99=1212967 ns
[473/480] F9-X b=20 q=16 NO_R1_NO_R2 p99=2596694 ns
[474/480] F9-X b=20 q=16 DEFAULT p99=2230531 ns
[475/480] F9-X b=20 q=16 NO_R1_FACTOR p99=2405603 ns
[476/480] F9-X b=20 q=16 NO_R2_CANON p99=2049236 ns
[477/480] F9-X b=20 q=32 DEFAULT p99=3487219 ns
[478/480] F9-X b=20 q=32 NO_R2_CANON p99=3665310 ns
[479/480] F9-X b=20 q=32 NO_R1_FACTOR p99=3966546 ns
[480/480] F9-X b=20 q=32 NO_R1_NO_R2 p99=4203506 ns
OK: F9-X 480/480; /home/michal/k26v3_archives/K26v3-P8-F9-X.tar.gz sha256=3deb300733f3662dd042ca0109eb73aa696c4eb5da7d8b3b62745735c94c2e04
